Component: ARM Compiler 5.06 update 6 (build 750) Tool: armlink [4d35ed]

==============================================================================

Section Cross References

    gd32f10x_it.o(i.EXTI0_IRQHandler) refers to gd32f10x_exti.o(i.exti_interrupt_flag_get) for exti_interrupt_flag_get
    gd32f10x_it.o(i.EXTI0_IRQHandler) refers to gd32f10x_exti.o(i.exti_interrupt_flag_clear) for exti_interrupt_flag_clear
    gd32f10x_it.o(i.EXTI0_IRQHandler) refers to main.o(.bss) for gpi_filter
    gd32f10x_it.o(i.EXTI1_IRQHandler) refers to gd32f10x_exti.o(i.exti_interrupt_flag_get) for exti_interrupt_flag_get
    gd32f10x_it.o(i.EXTI1_IRQHandler) refers to gd32f10x_exti.o(i.exti_interrupt_flag_clear) for exti_interrupt_flag_clear
    gd32f10x_it.o(i.EXTI1_IRQHandler) refers to main.o(.bss) for gpi_filter
    gd32f10x_it.o(i.EXTI2_IRQHandler) refers to gd32f10x_exti.o(i.exti_interrupt_flag_get) for exti_interrupt_flag_get
    gd32f10x_it.o(i.EXTI2_IRQHandler) refers to gd32f10x_exti.o(i.exti_interrupt_flag_clear) for exti_interrupt_flag_clear
    gd32f10x_it.o(i.EXTI2_IRQHandler) refers to main.o(.bss) for gpi_filter
    gd32f10x_it.o(i.EXTI3_IRQHandler) refers to gd32f10x_exti.o(i.exti_interrupt_flag_get) for exti_interrupt_flag_get
    gd32f10x_it.o(i.EXTI3_IRQHandler) refers to gd32f10x_exti.o(i.exti_interrupt_flag_clear) for exti_interrupt_flag_clear
    gd32f10x_it.o(i.EXTI3_IRQHandler) refers to main.o(.bss) for gpi_filter
    gd32f10x_it.o(i.RTC_IRQHandler) refers to gd32f10x_rtc.o(i.rtc_flag_get) for rtc_flag_get
    gd32f10x_it.o(i.RTC_IRQHandler) refers to gd32f10x_rtc.o(i.rtc_flag_clear) for rtc_flag_clear
    gd32f10x_it.o(i.RTC_IRQHandler) refers to printfa.o(i.__0printf) for __2printf
    gd32f10x_it.o(i.RTC_IRQHandler) refers to gd32f10x_rtc.o(i.rtc_lwoff_wait) for rtc_lwoff_wait
    gd32f10x_it.o(i.RTC_IRQHandler) refers to gd32f10x_rtc.o(i.rtc_counter_get) for rtc_counter_get
    gd32f10x_it.o(i.RTC_IRQHandler) refers to gd32f10x_rtc.o(i.rtc_counter_set) for rtc_counter_set
    gd32f10x_it.o(i.RTC_IRQHandler) refers to rtc.o(.data) for timedisplay
    gd32f10x_it.o(i.SysTick_Handler) refers to main.o(i.led_spark) for led_spark
    gd32f10x_it.o(i.SysTick_Handler) refers to systick.o(i.delay_decrement) for delay_decrement
    gd32f10x_it.o(i.TIMER4_IRQHandler) refers to gd32f10x_timer.o(i.timer_interrupt_flag_get) for timer_interrupt_flag_get
    gd32f10x_it.o(i.TIMER4_IRQHandler) refers to main.o(i.timer4_isr) for timer4_isr
    gd32f10x_it.o(i.TIMER4_IRQHandler) refers to gd32f10x_timer.o(i.timer_interrupt_flag_clear) for timer_interrupt_flag_clear
    systick.o(i.delay_1ms) refers to systick.o(.data) for delay
    systick.o(i.delay_decrement) refers to systick.o(.data) for delay
    systick.o(i.systick_config) refers to systick.o(i.NVIC_SetPriority) for NVIC_SetPriority
    systick.o(i.systick_config) refers to system_gd32f10x.o(.data) for SystemCoreClock
    main.o(i.IsDeviceValid) refers to w5500_conf.o(i.Get_UUID) for Get_UUID
    main.o(i.IsDeviceValid) refers to crc16_xmodem.o(i.generate_crc16) for generate_crc16
    main.o(i.IsDeviceValid) refers to w5500_conf.o(.bss) for ConfigMsg
    main.o(i.TIM4_Configuration) refers to gd32f10x_rcu.o(i.rcu_periph_clock_enable) for rcu_periph_clock_enable
    main.o(i.TIM4_Configuration) refers to gd32f10x_timer.o(i.timer_deinit) for timer_deinit
    main.o(i.TIM4_Configuration) refers to gd32f10x_timer.o(i.timer_init) for timer_init
    main.o(i.TIM4_Configuration) refers to gd32f10x_misc.o(i.nvic_irq_enable) for nvic_irq_enable
    main.o(i.TIM4_Configuration) refers to gd32f10x_timer.o(i.timer_interrupt_enable) for timer_interrupt_enable
    main.o(i.TIM4_Configuration) refers to gd32f10x_timer.o(i.timer_enable) for timer_enable
    main.o(i.USART1_IRQHandler) refers to gd32f10x_usart.o(i.usart_interrupt_flag_get) for usart_interrupt_flag_get
    main.o(i.USART1_IRQHandler) refers to gd32f10x_usart.o(i.usart_interrupt_flag_clear) for usart_interrupt_flag_clear
    main.o(i.USART1_IRQHandler) refers to gd32f10x_usart.o(i.usart_data_receive) for usart_data_receive
    main.o(i.USART1_IRQHandler) refers to main.o(i.put_test_data_queue) for put_test_data_queue
    main.o(i.USART1_IRQHandler) refers to main.o(.data) for uart_test_flag
    main.o(i._Debug2) refers to memseta.o(.text) for __aeabi_memclr4
    main.o(i._Debug2) refers to printfa.o(i.__0vsprintf) for vsprintf
    main.o(i._Debug2) refers to printfa.o(i.__0sprintf) for __2sprintf
    main.o(i._Debug2) refers to printfa.o(i.__0printf) for __2printf
    main.o(i._Debug2) refers to main.o(.data) for debug_flag
    main.o(i.before_filter) refers to main.o(i._Debug2) for _Debug2
    main.o(i.before_secs_filter) refers to memseta.o(.text) for __aeabi_memclr4
    main.o(i.before_secs_filter) refers to main.o(i._Debug2) for _Debug2
    main.o(i.before_secs_filter) refers to secstcp.o(i.send_secs_socket) for send_secs_socket
[...]
    KEY_PIN_SOURCE                           0x200002fb   Data           3  board.o(.data)
    KEY_IRQn                                 0x200002fe   Data           3  board.o(.data)
    .data                                    0x20000304   Section        4  barcode.o(.data)
    print_counter                            0x20000304   Data           4  barcode.o(.data)
    .data                                    0x20000308   Section       12  lf.o(.data)
    .data                                    0x20000314   Section      164  secs.o(.data)
    .data                                    0x200003b8   Section        4  rtc.o(.data)
    .data                                    0x200003bc   Section      512  crc16_xmodem.o(.data)
    Crc16CcittxmodemTable                    0x200003bc   Data         512  crc16_xmodem.o(.data)
    .data                                    0x200005bc   Section        4  rs485.o(.data)
    print_counter                            0x200005bc   Data           4  rs485.o(.data)
    .data                                    0x200005c0   Section        4  stdout.o(.data)
    .bss                                     0x200005c4   Section       68  main.o(.bss)
    .bss                                     0x20000608   Section      256  attcp.o(.bss)
    .bss                                     0x20000708   Section       32  w5500.o(.bss)
    .bss                                     0x20000728   Section      156  w5500_conf.o(.bss)
    .bss                                     0x200007c4   Section     1024  fw_update.o(.bss)
    .bss                                     0x20000bc4   Section      256  secstcp.o(.bss)
    .bss                                     0x20000cc4   Section     2112  queue.o(.bss)
    .bss                                     0x20001504   Section      390  sio.o(.bss)
    .bss                                     0x2000168a   Section      130  barcode.o(.bss)
    .bss                                     0x2000170c   Section      448  gp_io.o(.bss)
    STACK                                    0x200018d0   Section     1024  startup_gd32f10x_hd.o(STACK)

    Global Symbols

    Symbol Name                              Value     Ov Type        Size  Object(Section)

    BuildAttributes$$THM_ISAv4$P$D$K$B$S$PE$A:L22UL41UL21$X:L11$S22US41US21$IEEE1$IW$USESV6$~STKCKD$USESV7$~SHL$OSPACE$ROPI$EBA8$MICROLIB$REQ8$PRES8$EABIv2 0x00000000   Number         0  anon$$obj.o ABSOLUTE
    __ARM_use_no_argv                        0x00000000   Number         0  main.o ABSOLUTE
    _printf_a                                0x00000000   Number         0  stubs.o ABSOLUTE
    _printf_c                                0x00000000   Number         0  stubs.o ABSOLUTE
    _printf_charcount                        0x00000000   Number         0  stubs.o ABSOLUTE
    _printf_d                                0x00000000   Number         0  stubs.o ABSOLUTE
    _printf_e                                0x00000000   Number         0  stubs.o ABSOLUTE
    _printf_f                                0x00000000   Number         0  stubs.o ABSOLUTE
    _printf_flags                            0x00000000   Number         0  stubs.o ABSOLUTE
    _printf_fp_dec                           0x00000000   Number         0  stubs.o ABSOLUTE
    _printf_fp_hex                           0x00000000   Number         0  stubs.o ABSOLUTE
    _printf_g                                0x00000000   Number         0  stubs.o ABSOLUTE
    _printf_i                                0x00000000   Number         0  stubs.o ABSOLUTE
    _printf_int_dec                          0x00000000   Number         0  stubs.o ABSOLUTE
    _printf_l                                0x00000000   Number         0  stubs.o ABSOLUTE
    _printf_lc                               0x00000000   Number         0  stubs.o ABSOLUTE
    _printf_ll                               0x00000000   Number         0  stubs.o ABSOLUTE
    _printf_lld                              0x00000000   Number         0  stubs.o ABSOLUTE
    _printf_lli                              0x00000000   Number         0  stubs.o ABSOLUTE
    _printf_llo                              0x00000000   Number         0  stubs.o ABSOLUTE
    _printf_llu                              0x00000000   Number         0  stubs.o ABSOLUTE
    _printf_llx                              0x00000000   Number         0  stubs.o ABSOLUTE
    _printf_longlong_dec                     0x00000000   Number         0  stubs.o ABSOLUTE
    _printf_longlong_hex                     0x00000000   Number         0  stubs.o ABSOLUTE
    _printf_longlong_oct                     0x00000000   Number         0  stubs.o ABSOLUTE
    _printf_ls                               0x00000000   Number         0  stubs.o ABSOLUTE
    _printf_mbtowc                           0x00000000   Number         0  stubs.o ABSOLUTE
    _printf_n                                0x00000000   Number         0  stubs.o ABSOLUTE
    _printf_o                                0x00000000   Number         0  stubs.o ABSOLUTE
    _printf_p                                0x00000000   Number         0  stubs.o ABSOLUTE
    _printf_percent                          0x00000000   Number         0  stubs.o ABSOLUTE
    _printf_pre_padding                      0x00000000   Number         0  stubs.o ABSOLUTE
    _printf_return_value                     0x00000000   Number         0  stubs.o ABSOLUTE
    _printf_s                                0x00000000   Number         0  stubs.o ABSOLUTE
    _printf_sizespec                         0x00000000   Number         0  stubs.o ABSOLUTE
    _printf_str                              0x00000000   Number         0  stubs.o ABSOLUTE
    _printf_truncate_signed                  0x00000000   Number         0  stubs.o ABSOLUTE
    _printf_truncate_unsigned                0x00000000   Number         0  stubs.o ABSOLUTE
    _printf_u                                0x00000000   Number         0  stubs.o ABSOLUTE
    _printf_wc                               0x00000000   Number         0  stubs.o ABSOLUTE
    _printf_wctomb                           0x00000000   Number         0  stubs.o ABSOLUTE
    _printf_widthprec                        0x00000000   Number         0  stubs.o ABSOLUTE
    _printf_x                                0x00000000   Number         0  stubs.o ABSOLUTE
    __cpp_initialize__aeabi_                  - Undefined Weak Reference
    __cxa_finalize                            - Undefined Weak Reference
    _clock_init                               - Undefined Weak Reference
    _microlib_exit                            - Undefined Weak Reference
    __Vectors_Size                           0x00000130   Number         0  startup_gd32f10x_hd.o ABSOLUTE
    __Vectors                                0x08010000   Data           4  startup_gd32f10x_hd.o(RESET)
    __Vectors_End                            0x08010130   Data           0  startup_gd32f10x_hd.o(RESET)
    __main                                   0x08010131   Thumb Code     0  entry.o(.ARM.Collect$$$$00000000)
    _main_stk                                0x08010131   Thumb Code     0  entry2.o(.ARM.Collect$$$$00000001)
    _main_scatterload                        0x08010135   Thumb Code     0  entry5.o(.ARM.Collect$$$$00000004)
    __main_after_scatterload                 0x08010139   Thumb Code     0  entry5.o(.ARM.Collect$$$$00000004)
    _main_clock                              0x08010139   Thumb Code     0  entry7b.o(.ARM.Collect$$$$00000008)
    _main_cpp_init                           0x08010139   Thumb Code     0  entry8b.o(.ARM.Collect$$$$0000000A)
    _main_init                               0x08010139   Thumb Code     0  entry9a.o(.ARM.Collect$$$$0000000B)
    __rt_final_cpp                           0x08010141   Thumb Code     0  entry10a.o(.ARM.Collect$$$$0000000D)
    __rt_final_exit                          0x08010141   Thumb Code     0  entry11a.o(.ARM.Collect$$$$0000000F)
    Reset_Handler                            0x08010145   Thumb Code     8  startup_gd32f10x_hd.o(.text)
    ADC0_1_IRQHandler                        0x0801015f   Thumb Code     0  startup_gd32f10x_hd.o(.text)
    ADC2_IRQHandler                          0x0801015f   Thumb Code     0  startup_gd32f10x_hd.o(.text)
    CAN0_EWMC_IRQHandler                     0x0801015f   Thumb Code     0  startup_gd32f10x_hd.o(.text)
    CAN0_RX1_IRQHandler                      0x0801015f   Thumb Code     0  startup_gd32f10x_hd.o(.text)
    DMA0_Channel0_IRQHandler                 0x0801015f   Thumb Code     0  startup_gd32f10x_hd.o(.text)
    DMA0_Channel1_IRQHandler                 0x0801015f   Thumb Code     0  startup_gd32f10x_hd.o(.text)
    DMA0_Channel2_IRQHandler                 0x0801015f   Thumb Code     0  startup_gd32f10x_hd.o(.text)
    DMA0_Channel3_IRQHandler                 0x0801015f   Thumb Code     0  startup_gd32f10x_hd.o(.text)
    DMA0_Channel4_IRQHandler                 0x0801015f   Thumb Code     0  startup_gd32f10x_hd.o(.text)
    DMA0_Channel5_IRQHandler                 0x0801015f   Thumb Code     0  startup_gd32f10x_hd.o(.text)
    DMA0_Channel6_IRQHandler                 0x0801015f   Thumb Code     0  startup_gd32f10x_hd.o(.text)
    DMA1_Channel0_IRQHandler                 0x0801015f   Thumb Code     0  startup_gd32f10x_hd.o(.text)
    DMA1_Channel1_IRQHandler                 0x0801015f   Thumb Code     0  startup_gd32f10x_hd.o(.text)
    DMA1_Channel2_IRQHandler                 0x0801015f   Thumb Code     0  startup_gd32f10x_hd.o(.text)
    DMA1_Channel3_4_IRQHandler               0x0801015f   Thumb Code     0  startup_gd32f10x_hd.o(.text)
    EXMC_IRQHandler                          0x0801015f   Thumb Code     0  startup_gd32f10x_hd.o(.text)
    EXTI10_15_IRQHandler                     0x0801015f   Thumb Code     0  startup_gd32f10x_hd.o(.text)
    EXTI4_IRQHandler                         0x0801015f   Thumb Code     0  startup_gd32f10x_hd.o(.text)
    EXTI5_9_IRQHandler                       0x0801015f   Thumb Code     0  startup_gd32f10x_hd.o(.text)
    FMC_IRQHandler                           0x0801015f   Thumb Code     0  startup_gd32f10x_hd.o(.text)
    I2C0_ER_IRQHandler                       0x0801015f   Thumb Code     0  startup_gd32f10x_hd.o(.text)
    I2C0_EV_IRQHandler                       0x0801015f   Thumb Code     0  startup_gd32f10x_hd.o(.text)
    I2C1_ER_IRQHandler                       0x0801015f   Thumb Code     0  startup_gd32f10x_hd.o(.text)
    I2C1_EV_IRQHandler                       0x0801015f   Thumb Code     0  startup_gd32f10x_hd.o(.text)
    LVD_IRQHandler                           0x0801015f   Thumb Code     0  startup_gd32f10x_hd.o(.text)
    RCU_IRQHandler                           0x0801015f   Thumb Code     0  startup_gd32f10x_hd.o(.text)
    RTC_Alarm_IRQHandler                     0x0801015f   Thumb Code     0  startup_gd32f10x_hd.o(.text)
    SDIO_IRQHandler                          0x0801015f   Thumb Code     0  startup_gd32f10x_hd.o(.text)
    SPI0_IRQHandler                          0x0801015f   Thumb Code     0  startup_gd32f10x_hd.o(.text)
    SPI1_IRQHandler                          0x0801015f   Thumb Code     0  startup_gd32f10x_hd.o(.text)
    SPI2_IRQHandler                          0x0801015f   Thumb Code     0  startup_gd32f10x_hd.o(.text)
    TAMPER_IRQHandler                        0x0801015f   Thumb Code     0  startup_gd32f10x_hd.o(.text)
    TIMER0_BRK_IRQHandler                    0x0801015f   Thumb Code     0  startup_gd32f10x_hd.o(.text)
    TIMER0_Channel_IRQHandler                0x0801015f   Thumb Code     0  startup_gd32f10x_hd.o(.text)
    TIMER0_TRG_CMT_IRQHandler                0x0801015f   Thumb Code     0  startup_gd32f10x_hd.o(.text)
    TIMER0_UP_IRQHandler                     0x0801015f   Thumb Code     0  startup_gd32f10x_hd.o(.text)
    TIMER1_IRQHandler                        0x0801015f   Thumb Code     0  startup_gd32f10x_hd.o(.text)
    TIMER2_IRQHandler                        0x0801015f   Thumb Code     0  startup_gd32f10x_hd.o(.text)
    TIMER3_IRQHandler                        0x0801015f   Thumb Code     0  startup_gd32f10x_hd.o(.text)
    TIMER5_IRQHandler                        0x0801015f   Thumb Code     0  startup_gd32f10x_hd.o(.text)
    TIMER6_IRQHandler                        0x0801015f   Thumb Code     0  startup_gd32f10x_hd.o(.text)
    TIMER7_BRK_IRQHandler                    0x0801015f   Thumb Code     0  startup_gd32f10x_hd.o(.text)
    TIMER7_Channel_IRQHandler                0x0801015f   Thumb Code     0  startup_gd32f10x_hd.o(.text)
    TIMER7_TRG_CMT_IRQHandler                0x0801015f   Thumb Code     0  startup_gd32f10x_hd.o(.text)
    TIMER7_UP_IRQHandler                     0x0801015f   Thumb Code     0  startup_gd32f10x_hd.o(.text)
    UART3_IRQHandler                         0x0801015f   Thumb Code     0  startup_gd32f10x_hd.o(.text)
    UART4_IRQHandler                         0x0801015f   Thumb Code     0  startup_gd32f10x_hd.o(.text)
    USBD_HP_CAN0_TX_IRQHandler               0x0801015f   Thumb Code     0  startup_gd32f10x_hd.o(.text)
    USBD_LP_CAN0_RX0_IRQHandler              0x0801015f   Thumb Code     0  startup_gd32f10x_hd.o(.text)
    USBD_WKUP_IRQHandler                     0x0801015f   Thumb Code     0  startup_gd32f10x_hd.o(.text)
    WWDGT_IRQHandler                         0x0801015f   Thumb Code     0  startup_gd32f10x_hd.o(.text)
    __aeabi_memcpy                           0x08010169   Thumb Code    36  memcpya.o(.text)
    __aeabi_memcpy4                          0x08010169   Thumb Code     0  memcpya.o(.text)
    __aeabi_memcpy8                          0x08010169   Thumb Code     0  memcpya.o(.text)
    __aeabi_memset                           0x0801018d   Thumb Code    14  memseta.o(.text)
    __aeabi_memset4                          0x0801018d   Thumb Code     0  memseta.o(.text)
    __aeabi_memset8                          0x0801018d   Thumb Code     0  memseta.o(.text)
    __aeabi_memclr                           0x0801019b   Thumb Code     4  memseta.o(.text)
    __aeabi_memclr4                          0x0801019b   Thumb Code     0  memseta.o(.text)
    __aeabi_memclr8                          0x0801019b   Thumb Code     0  memseta.o(.text)
    _memset$wrapper                          0x0801019f   Thumb Code    18  memseta.o(.text)
    strncpy                                  0x080101b1   Thumb Code    24  strncpy.o(.text)
    strlen                                   0x080101c9   Thumb Code    14  strlen.o(.text)
    __aeabi_uidiv                            0x080101d7   Thumb Code     0  uidiv.o(.text)
    __aeabi_uidivmod                         0x080101d7   Thumb Code    44  uidiv.o(.text)
    __aeabi_uldivmod                         0x08010203   Thumb Code    98  uldiv.o(.text)
    __I$use$fp                               0x08010265   Thumb Code     0  iusefp.o(.text)
    __aeabi_dadd                             0x08010265   Thumb Code   322  dadd.o(.text)
    __aeabi_dsub                             0x080103a7   Thumb Code     6  dadd.o(.text)
    __aeabi_drsub                            0x080103ad   Thumb Code     6  dadd.o(.text)
    __aeabi_dmul                             0x080103b3   Thumb Code   228  dmul.o(.text)
    __aeabi_ddiv                             0x08010497   Thumb Code   222  ddiv.o(.text)
    __aeabi_d2ulz                            0x08010575   Thumb Code    48  dfixul.o(.text)
    __aeabi_cdrcmple                         0x080105a5   Thumb Code    48  cdrcmple.o(.text)
    __scatterload                            0x080105d5   Thumb Code    28  init.o(.text)
    __scatterload_rt2                        0x080105d5   Thumb Code     0  init.o(.text)
    __aeabi_llsl                             0x080105f9   Thumb Code    30  llshl.o(.text)
    _ll_shift_l                              0x080105f9   Thumb Code     0  llshl.o(.text)
    __aeabi_llsr                             0x08010617   Thumb Code    32  llushr.o(.text)
    _ll_ushift_r                             0x08010617   Thumb Code     0  llushr.o(.text)
    __aeabi_lasr                             0x08010637   Thumb Code    36  llsshr.o(.text)
    _ll_sshift_r                             0x08010637   Thumb Code     0  llsshr.o(.text)
    _double_round                            0x0801065b   Thumb Code    30  depilogue.o(.text)
    _double_epilogue                         0x08010679   Thumb Code   156  depilogue.o(.text)
    __decompress                             0x08010715   Thumb Code     0  __dczerorl2.o(.text)
    __decompress1                            0x08010715   Thumb Code    86  __dczerorl2.o(.text)
    BusFault_Handler                         0x0801076b   Thumb Code     4  gd32f10x_it.o(i.BusFault_Handler)
    Cal_Crc16_xmodem                         0x08010771   Thumb Code    46  crc16_xmodem.o(i.Cal_Crc16_xmodem)
    CheckCrc                                 0x080107a5   Thumb Code    44  crc16_xmodem.o(i.CheckCrc)
    DebugMon_Handler                         0x080107d1   Thumb Code     4  gd32f10x_it.o(i.DebugMon_Handler)
    EXTI0_IRQHandler                         0x080107d5   Thumb Code    30  gd32f10x_it.o(i.EXTI0_IRQHandler)
    EXTI1_IRQHandler                         0x080107f9   Thumb Code    30  gd32f10x_it.o(i.EXTI1_IRQHandler)
    EXTI2_IRQHandler                         0x0801081d   Thumb Code    30  gd32f10x_it.o(i.EXTI2_IRQHandler)
    EXTI3_IRQHandler                         0x08010841   Thumb Code    30  gd32f10x_it.o(i.EXTI3_IRQHandler)
    FLASH_PagesMask                          0x08010865   Thumb Code    24  w5500_conf.o(i.FLASH_PagesMask)
    Get_SCIO_Level                           0x0801087d   Thumb Code    14  lf.o(i.Get_SCIO_Level)
    Get_UUID                                 0x08010891   Thumb Code   146  w5500_conf.o(i.Get_UUID)
    HardFault_Handler                        0x08010929   Thumb Code     4  gd32f10x_it.o(i.HardFault_Handler)
    IINCHIP_READ                             0x0801092d   Thumb Code    50  w5500_conf.o(i.IINCHIP_READ)
    IINCHIP_SpiSendData                      0x0801095f   Thumb Code    12  w5500_conf.o(i.IINCHIP_SpiSendData)
    IINCHIP_WRITE                            0x0801096b   Thumb Code    50  w5500_conf.o(i.IINCHIP_WRITE)
    InvertUint16                             0x0801099d   Thumb Code    38  lf.o(i.InvertUint16)
    InvertUint8                              0x080109c3   Thumb Code    38  lf.o(i.InvertUint8)
    IsDeviceValid                            0x080109e9   Thumb Code    88  main.o(i.IsDeviceValid)
    LF_GPIOConfig                            0x08010a45   Thumb Code   126  lf.o(i.LF_GPIOConfig)
    LF_Power_On                              0x08010acd   Thumb Code    14  lf.o(i.LF_Power_On)
    MemManage_Handler                        0x08010ae1   Thumb Code     4  gd32f10x_it.o(i.MemManage_Handler)
    NMI_Handler                              0x08010ae5   Thumb Code     4  gd32f10x_it.o(i.NMI_Handler)
    PendSV_Handler                           0x08010b11   Thumb Code     4  gd32f10x_it.o(i.PendSV_Handler)
    RTC_IRQHandler                           0x08010b15   Thumb Code    54  gd32f10x_it.o(i.RTC_IRQHandler)
    SPI_Eth_Init                             0x08010b59   Thumb Code   114  bsp_spi_eth.o(i.SPI_Eth_Init)
    SPI_Eth_SendByte                         0x08010bd9   Thumb Code    82  bsp_spi_eth.o(i.SPI_Eth_SendByte)
    SVC_Handler                              0x08010c31   Thumb Code     4  gd32f10x_it.o(i.SVC_Handler)
    SendByteLF                               0x08010c35   Thumb Code    72  lf.o(i.SendByteLF)
    SysTick_Handler                          0x08010c81   Thumb Code    12  gd32f10x_it.o(i.SysTick_Handler)
    SystemInit                               0x08010c8d   Thumb Code   196  system_gd32f10x.o(i.SystemInit)
    TIM4_Configuration                       0x08010d61   Thumb Code    90  main.o(i.TIM4_Configuration)
    TIMER4_IRQHandler                        0x08010dc5   Thumb Code    26  gd32f10x_it.o(i.TIMER4_IRQHandler)
    TMS3705_program_page                     0x08010de5   Thumb Code   156  lf.o(i.TMS3705_program_page)
    TMS3705_read_page_sync                   0x08010e99   Thumb Code   328  lf.o(i.TMS3705_read_page_sync)
    TXCT_HIGH                                0x08010ff9   Thumb Code    14  lf.o(i.TXCT_HIGH)
    TXCT_LOW                                 0x0801100d   Thumb Code    14  lf.o(i.TXCT_LOW)
    USART0_IRQHandler                        0x08011021   Thumb Code   150  barcode.o(i.USART0_IRQHandler)
    USART1_IRQHandler                        0x080110d9   Thumb Code    90  main.o(i.USART1_IRQHandler)
    USART2_IRQHandler                        0x08011149   Thumb Code    90  rs485.o(i.USART2_IRQHandler)
    UsageFault_Handler                       0x080111b9   Thumb Code     4  gd32f10x_it.o(i.UsageFault_Handler)
    WriteModeControlByte                     0x080111bd   Thumb Code    44  lf.o(i.WriteModeControlByte)
    _Debug2                                  0x080111e9   Thumb Code   146  main.o(i._Debug2)
    _Get_UUID                                0x080112a1   Thumb Code   132  w5500_conf.o(i._Get_UUID)
    __0printf                                0x08011369   Thumb Code    22  printfa.o(i.__0printf)
    __1printf                                0x08011369   Thumb Code     0  printfa.o(i.__0printf)
    __2printf                                0x08011369   Thumb Code     0  printfa.o(i.__0printf)
    __c89printf                              0x08011369   Thumb Code     0  printfa.o(i.__0printf)
    printf                                   0x08011369   Thumb Code     0  printfa.o(i.__0printf)
    __0snprintf                              0x08011389   Thumb Code    44  printfa.o(i.__0snprintf)
    __1snprintf                              0x08011389   Thumb Code     0  printfa.o(i.__0snprintf)
    __2snprintf                              0x08011389   Thumb Code     0  printfa.o(i.__0snprintf)
    __c89snprintf                            0x08011389   Thumb Code     0  printfa.o(i.__0snprintf)
    snprintf                                 0x08011389   Thumb Code     0  printfa.o(i.__0snprintf)
    __0sprintf                               0x080113b9   Thumb Code    34  printfa.o(i.__0sprintf)
    __1sprintf                               0x080113b9   Thumb Code     0  printfa.o(i.__0sprintf)
    __2sprintf                               0x080113b9   Thumb Code     0  printfa.o(i.__0sprintf)
    __c89sprintf                             0x080113b9   Thumb Code     0  printfa.o(i.__0sprintf)
    sprintf                                  0x080113b9   Thumb Code     0  printfa.o(i.__0sprintf)
    __0vsprintf                              0x080113e1   Thumb Code    30  printfa.o(i.__0vsprintf)
    __1vsprintf                              0x080113e1   Thumb Code     0  printfa.o(i.__0vsprintf)
    __2vsprintf                              0x080113e1   Thumb Code     0  printfa.o(i.__0vsprintf)
    __c89vsprintf                            0x080113e1   Thumb Code     0  printfa.o(i.__0vsprintf)
    vsprintf                                 0x080113e1   Thumb Code     0  printfa.o(i.__0vsprintf)
    __scatterload_copy                       0x08011405   Thumb Code    14  handlers.o(i.__scatterload_copy)
    __scatterload_null                       0x08011413   Thumb Code     2  handlers.o(i.__scatterload_null)
    __scatterload_zeroinit                   0x08011415   Thumb Code    14  handlers.o(i.__scatterload_zeroinit)
    barcode_init                             0x08011cf9   Thumb Code    52  barcode.o(i.barcode_init)
    barcode_post_received_data               0x08011d31   Thumb Code    50  sio.o(i.barcode_post_received_data)
    beep_init                                0x08011d69   Thumb Code    36  beep.o(i.beep_init)
    beep_off                                 0x08011d91   Thumb Code    14  beep.o(i.beep_off)
    beep_on                                  0x08011da5   Thumb Code    14  beep.o(i.beep_on)
    before_secs_filter                       0x08011db9   Thumb Code  1334  main.o(i.before_secs_filter)
    checkSecsLinkOk                          0x08012319   Thumb Code    30  main.o(i.checkSecsLinkOk)
    close                                    0x08012349   Thumb Code    52  socket.o(i.close)
    close_atsocket                           0x0801237d   Thumb Code    28  attcp.o(i.close_atsocket)
    confit_rs485                             0x0801239d   Thumb Code    86  rs485.o(i.confit_rs485)
    crc16_ccitt                              0x080123f9   Thumb Code    52  lf.o(i.crc16_ccitt)
    delay_1ms                                0x08012431   Thumb Code    16  systick.o(i.delay_1ms)
    delay_decrement                          0x08012445   Thumb Code    18  systick.o(i.delay_decrement)
    delay_ms                                 0x0801245d   Thumb Code    12  utility.o(i.delay_ms)
    delay_us                                 0x08012469   Thumb Code    40  utility.o(i.delay_us)
    disconnect                               0x08012499   Thumb Code    38  socket.o(i.disconnect)
    do_attcp_cmd                             0x080124c1   Thumb Code   278  attcp.o(i.do_attcp_cmd)
    do_fw_update                             0x08012605   Thumb Code   422  fw_update.o(i.do_fw_update)
    do_secstcp_cmd                           0x080127e5   Thumb Code   270  secstcp.o(i.do_secstcp_cmd)
    do_udp_config                            0x0801291d   Thumb Code  1226  udp_config.o(i.do_udp_config)
    eth_rx_deque                             0x08012df9   Thumb Code    44  queue.o(i.eth_rx_deque)
    eth_rx_enque                             0x08012e29   Thumb Code    82  queue.o(i.eth_rx_enque)
    exti_init                                0x08012e81   Thumb Code   184  gd32f10x_exti.o(i.exti_init)
    exti_interrupt_enable                    0x08012f3d   Thumb Code    12  gd32f10x_exti.o(i.exti_interrupt_enable)
    exti_interrupt_flag_clear                0x08012f4d   Thumb Code     6  gd32f10x_exti.o(i.exti_interrupt_flag_clear)
    exti_interrupt_flag_get                  0x08012f59   Thumb Code    18  gd32f10x_exti.o(i.exti_interrupt_flag_get)
    fmc_bank0_ready_wait                     0x08012f71   Thumb Code    34  gd32f10x_fmc.o(i.fmc_bank0_ready_wait)
    fmc_bank0_state_get                      0x08012f95   Thumb Code    44  gd32f10x_fmc.o(i.fmc_bank0_state_get)
    fmc_bank1_ready_wait                     0x08012fc5   Thumb Code    34  gd32f10x_fmc.o(i.fmc_bank1_ready_wait)
    fmc_bank1_state_get                      0x08012fe9   Thumb Code    44  gd32f10x_fmc.o(i.fmc_bank1_state_get)
    fmc_flag_clear                           0x08013019   Thumb Code    28  gd32f10x_fmc.o(i.fmc_flag_clear)
    fmc_lock                                 0x08013039   Thumb Code    34  gd32f10x_fmc.o(i.fmc_lock)
    fmc_page_erase                           0x08013065   Thumb Code   234  gd32f10x_fmc.o(i.fmc_page_erase)
    fmc_unlock                               0x0801315d   Thumb Code    52  gd32f10x_fmc.o(i.fmc_unlock)
    fmc_word_program                         0x080131a1   Thumb Code   178  gd32f10x_fmc.o(i.fmc_word_program)
    fputc                                    0x08013261   Thumb Code    32  main.o(i.fputc)
    gd_eval_com_init                         0x08013285   Thumb Code   180  board.o(i.gd_eval_com_init)
    generate_crc16                           0x08013355   Thumb Code    46  crc16_xmodem.o(i.generate_crc16)
    getGAR                                   0x08013389   Thumb Code    16  w5500.o(i.getGAR)
    getIINCHIP_TxMAX                         0x08013399   Thumb Code    10  w5500.o(i.getIINCHIP_TxMAX)
    getSIPR                                  0x080133a9   Thumb Code    18  w5500.o(i.getSIPR)
    getSUBR                                  0x080133bb   Thumb Code    18  w5500.o(i.getSUBR)
    getSerialNo                              0x080133cd   Thumb Code    34  secs.o(i.getSerialNo)
    getSn_IR                                 0x080133f5   Thumb Code    18  w5500.o(i.getSn_IR)
    getSn_RX_RSR                             0x08013407   Thumb Code    84  w5500.o(i.getSn_RX_RSR)
    getSn_SR                                 0x0801345b   Thumb Code    18  w5500.o(i.getSn_SR)
    getSn_TX_FSR                             0x0801346d   Thumb Code    84  w5500.o(i.getSn_TX_FSR)
    get_config                               0x080134c1   Thumb Code    68  w5500_conf.o(i.get_config)
    gio_event_deque                          0x08013515   Thumb Code    38  gp_io.o(i.gio_event_deque)
    gp_get_in                                0x08013541   Thumb Code   104  gp_io.o(i.gp_get_in)
    gp_get_out                               0x080135bd   Thumb Code    94  gp_io.o(i.gp_get_out)
    gp_io_init                               0x08013635   Thumb Code   320  gp_io.o(i.gp_io_init)
    gp_set_out                               0x0801377d   Thumb Code   146  gp_io.o(i.gp_set_out)
    gpio_bit_reset                           0x08013829   Thumb Code     4  gd32f10x_gpio.o(i.gpio_bit_reset)
    gpio_bit_set                             0x0801382d   Thumb Code     4  gd32f10x_gpio.o(i.gpio_bit_set)
    gpio_bit_write                           0x08013831   Thumb Code    10  gd32f10x_gpio.o(i.gpio_bit_write)
    gpio_exti_source_select                  0x0801383d   Thumb Code   146  gd32f10x_gpio.o(i.gpio_exti_source_select)
    gpio_for_w5500_config                    0x080138d5   Thumb Code    60  w5500_conf.o(i.gpio_for_w5500_config)
    gpio_init                                0x08013919   Thumb Code   172  gd32f10x_gpio.o(i.gpio_init)
    gpio_input_bit_get                       0x080139c5   Thumb Code    16  gd32f10x_gpio.o(i.gpio_input_bit_get)
    gpio_output_bit_get                      0x080139d5   Thumb Code    16  gd32f10x_gpio.o(i.gpio_output_bit_get)
    gpio_pin_remap_config                    0x080139e5   Thumb Code   138  gd32f10x_gpio.o(i.gpio_pin_remap_config)
    iinchip_csoff                            0x08013a75   Thumb Code    10  w5500_conf.o(i.iinchip_csoff)
    iinchip_cson                             0x08013a7f   Thumb Code    10  w5500_conf.o(i.iinchip_cson)
    init_LF_parameter                        0x08013a89   Thumb Code    36  main.o(i.init_LF_parameter)
    init_rs485                               0x08013ab1   Thumb Code    60  rs485.o(i.init_rs485)
    led_init                                 0x08013af1   Thumb Code    32  led.o(i.led_init)
    led_off                                  0x08013b15   Thumb Code    34  led.o(i.led_off)
    led_on                                   0x08013b3d   Thumb Code    34  led.o(i.led_on)
    led_spark                                0x08013b65   Thumb Code   168  main.o(i.led_spark)
    led_toggle                               0x08013c35   Thumb Code    50  led.o(i.led_toggle)
    lf_event_deque                           0x08013c6d   Thumb Code    48  gp_io.o(i.lf_event_deque)
    lf_event_enque                           0x08013cb1   Thumb Code    88  gp_io.o(i.lf_event_enque)
    lf_event_init                            0x08013d19   Thumb Code    34  gp_io.o(i.lf_event_init)
    lf_trigger_reset                         0x08013d41   Thumb Code    18  main.o(i.lf_trigger_reset)
    listen                                   0x08013d61   Thumb Code    62  socket.o(i.listen)
    main                                     0x08013da1   Thumb Code  1952  main.o(i.main)
    nvic_configuration                       0x08014649   Thumb Code    12  board.o(i.nvic_configuration)
    nvic_irq_enable                          0x08014659   Thumb Code   162  gd32f10x_misc.o(i.nvic_irq_enable)
    nvic_priority_group_set                  0x08014705   Thumb Code    10  gd32f10x_misc.o(i.nvic_priority_group_set)
    nvic_vector_table_set                    0x08014719   Thumb Code    16  gd32f10x_misc.o(i.nvic_vector_table_set)
    process_LF                               0x08014731   Thumb Code   464  main.o(i.process_LF)
    process_com1_com2_test                   0x08014959   Thumb Code   210  main.o(i.process_com1_com2_test)
    process_eth_data                         0x08014a49   Thumb Code  3004  main.o(i.process_eth_data)
    process_gpi_filter                       0x0801565d   Thumb Code   160  main.o(i.process_gpi_filter)
    process_rcv_secs_cmd                     0x08015721   Thumb Code    70  main.o(i.process_rcv_secs_cmd)
    put_test_data_queue                      0x08015767   Thumb Code    44  main.o(i.put_test_data_queue)
    rcu_all_reset_flag_clear                 0x08015795   Thumb Code    14  gd32f10x_rcu.o(i.rcu_all_reset_flag_clear)
    rcu_clock_freq_get                       0x080157a9   Thumb Code   264  gd32f10x_rcu.o(i.rcu_clock_freq_get)
    rcu_flag_get                             0x080158cd   Thumb Code    30  gd32f10x_rcu.o(i.rcu_flag_get)
    rcu_periph_clock_enable                  0x080158f1   Thumb Code    28  gd32f10x_rcu.o(i.rcu_periph_clock_enable)
    rcu_periph_reset_disable                 0x08015911   Thumb Code    28  gd32f10x_rcu.o(i.rcu_periph_reset_disable)
    rcu_periph_reset_enable                  0x08015931   Thumb Code    28  gd32f10x_rcu.o(i.rcu_periph_reset_enable)
    reboot                                   0x08015951   Thumb Code    10  w5500_conf.o(i.reboot)
    recv                                     0x08015965   Thumb Code    66  socket.o(i.recv)
    recv_data_processing                     0x080159a9   Thumb Code   116  w5500.o(i.recv_data_processing)
    recvfrom                                 0x08015a3d   Thumb Code   486  socket.o(i.recvfrom)
    report_S18F10                            0x08015c3d   Thumb Code   554  secs.o(i.report_S18F10)
    report_S18F71_LF_4                       0x08015eb1   Thumb Code   346  secs.o(i.report_S18F71_LF_4)
    report_S18F75                            0x08016049   Thumb Code   328  secs.o(i.report_S18F75)
    report_S2F18                             0x080161a5   Thumb Code   186  secs.o(i.report_S2F18)
    report_S2F22                             0x080162a9   Thumb Code   148  secs.o(i.report_S2F22)
    reset_gpi_filter                         0x08016385   Thumb Code    50  main.o(i.reset_gpi_filter)
    reset_w5500                              0x080163bd   Thumb Code    38  w5500_conf.o(i.reset_w5500)
    rs485_outstr                             0x080163e9   Thumb Code    50  rs485.o(i.rs485_outstr)
    rs485_putc                               0x0801641d   Thumb Code    30  rs485.o(i.rs485_putc)
    rtc_configuration_mode_enter             0x08016441   Thumb Code    14  gd32f10x_rtc.o(i.rtc_configuration_mode_enter)
    rtc_configuration_mode_exit              0x08016455   Thumb Code    14  gd32f10x_rtc.o(i.rtc_configuration_mode_exit)
    rtc_counter_get                          0x08016469   Thumb Code    16  gd32f10x_rtc.o(i.rtc_counter_get)
    rtc_counter_set                          0x0801647d   Thumb Code    26  gd32f10x_rtc.o(i.rtc_counter_set)
    rtc_flag_clear                           0x0801649d   Thumb Code    12  gd32f10x_rtc.o(i.rtc_flag_clear)
    rtc_flag_get                             0x080164ad   Thumb Code    18  gd32f10x_rtc.o(i.rtc_flag_get)
    rtc_lwoff_wait                           0x080164c5   Thumb Code    16  gd32f10x_rtc.o(i.rtc_lwoff_wait)
    secs_post_received_data                  0x080164d9   Thumb Code    50  sio.o(i.secs_post_received_data)
    send                                     0x08016511   Thumb Code   216  socket.o(i.send)
    send_data_processing                     0x080165fd   Thumb Code   116  w5500.o(i.send_data_processing)
    send_secs_socket                         0x08016691   Thumb Code    54  secstcp.o(i.send_secs_socket)
    send_tcp_socket                          0x080166cd   Thumb Code    54  attcp.o(i.send_tcp_socket)
    sendto                                   0x08016709   Thumb Code   268  socket.o(i.sendto)
    sent_gpi_status_out                      0x08016815   Thumb Code    80  main.o(i.sent_gpi_status_out)
    setGAR                                   0x08016871   Thumb Code    16  w5500.o(i.setGAR)
    setRCR                                   0x08016881   Thumb Code    16  w5500.o(i.setRCR)
    setRTR                                   0x08016891   Thumb Code    26  w5500.o(i.setRTR)
    setSHAR                                  0x080168ab   Thumb Code    18  w5500.o(i.setSHAR)
    setSIPR                                  0x080168bd   Thumb Code    18  w5500.o(i.setSIPR)
    setSUBR                                  0x080168cf   Thumb Code    18  w5500.o(i.setSUBR)
    setSn_IR                                 0x080168e1   Thumb Code    22  w5500.o(i.setSn_IR)
    set_default                              0x080168f9   Thumb Code    94  w5500_conf.o(i.set_default)
    set_network                              0x08016971   Thumb Code   164  w5500_conf.o(i.set_network)
    set_rs485_direction                      0x08016a81   Thumb Code    28  rs485.o(i.set_rs485_direction)
    sio_byte_buf_enqueue                     0x08016aa1   Thumb Code    16  sio.o(i.sio_byte_buf_enqueue)
    sio_byte_buf_flush                       0x08016ab1   Thumb Code    14  sio.o(i.sio_byte_buf_flush)
    sio_post_received_data                   0x08016ac1   Thumb Code    50  sio.o(i.sio_post_received_data)
    socket                                   0x08016af9   Thumb Code   192  socket.o(i.socket)
    socket_buf_init                          0x08016bbd   Thumb Code   128  w5500.o(i.socket_buf_init)
    spi_crc_polynomial_set                   0x08016c45   Thumb Code    12  gd32f10x_spi.o(i.spi_crc_polynomial_set)
    spi_enable                               0x08016c51   Thumb Code    10  gd32f10x_spi.o(i.spi_enable)
    spi_i2s_data_receive                     0x08016c5b   Thumb Code     8  gd32f10x_spi.o(i.spi_i2s_data_receive)
    spi_i2s_data_transmit                    0x08016c63   Thumb Code     4  gd32f10x_spi.o(i.spi_i2s_data_transmit)
    spi_i2s_flag_get                         0x08016c67   Thumb Code    16  gd32f10x_spi.o(i.spi_i2s_flag_get)
    spi_init                                 0x08016c77   Thumb Code    50  gd32f10x_spi.o(i.spi_init)
    start_TIM4                               0x08016ca9   Thumb Code    10  main.o(i.start_TIM4)
    stop_TIM4                                0x08016cb9   Thumb Code    10  main.o(i.stop_TIM4)
    switchLEDmode                            0x08016cc9   Thumb Code   310  main.o(i.switchLEDmode)
    switch_ant                               0x08016e15   Thumb Code   124  lf.o(i.switch_ant)
    systick_config                           0x08016f71   Thumb Code    74  systick.o(i.systick_config)
    timer4_isr                               0x08016fc1   Thumb Code   198  main.o(i.timer4_isr)
    timer_deinit                             0x080170b5   Thumb Code   210  gd32f10x_timer.o(i.timer_deinit)
    timer_disable                            0x08017191   Thumb Code    10  gd32f10x_timer.o(i.timer_disable)
    timer_enable                             0x0801719b   Thumb Code    10  gd32f10x_timer.o(i.timer_enable)
    timer_init                               0x080171a5   Thumb Code   170  gd32f10x_timer.o(i.timer_init)
    timer_interrupt_enable                   0x08017285   Thumb Code     8  gd32f10x_timer.o(i.timer_interrupt_enable)
    timer_interrupt_flag_clear               0x0801728d   Thumb Code     6  gd32f10x_timer.o(i.timer_interrupt_flag_clear)
    timer_interrupt_flag_get                 0x08017293   Thumb Code    24  gd32f10x_timer.o(i.timer_interrupt_flag_get)
    uart1_outstr                             0x080172ab   Thumb Code    26  board.o(i.uart1_outstr)
    uart1_putc                               0x080172c5   Thumb Code    30  board.o(i.uart1_putc)
    usart_baudrate_set                       0x080172e9   Thumb Code   136  gd32f10x_usart.o(i.usart_baudrate_set)
    usart_data_receive                       0x08017379   Thumb Code    10  gd32f10x_usart.o(i.usart_data_receive)
    usart_data_transmit                      0x08017383   Thumb Code     8  gd32f10x_usart.o(i.usart_data_transmit)
    usart_deinit                             0x0801738d   Thumb Code   136  gd32f10x_usart.o(i.usart_deinit)
    usart_enable                             0x0801741d   Thumb Code    10  gd32f10x_usart.o(i.usart_enable)
    usart_flag_get                           0x08017427   Thumb Code    30  gd32f10x_usart.o(i.usart_flag_get)
    usart_hardware_flow_cts_config           0x08017445   Thumb Code    20  gd32f10x_usart.o(i.usart_hardware_flow_cts_config)
    usart_hardware_flow_rts_config           0x08017459   Thumb Code    20  gd32f10x_usart.o(i.usart_hardware_flow_rts_config)
    usart_interrupt_enable                   0x0801746d   Thumb Code    26  gd32f10x_usart.o(i.usart_interrupt_enable)
    usart_interrupt_flag_clear               0x08017487   Thumb Code    18  gd32f10x_usart.o(i.usart_interrupt_flag_clear)
    usart_interrupt_flag_get                 0x08017499   Thumb Code    56  gd32f10x_usart.o(i.usart_interrupt_flag_get)
    usart_parity_config                      0x080174d1   Thumb Code    16  gd32f10x_usart.o(i.usart_parity_config)
    usart_receive_config                     0x080174e1   Thumb Code    16  gd32f10x_usart.o(i.usart_receive_config)
    usart_stop_bit_set                       0x080174f1   Thumb Code    16  gd32f10x_usart.o(i.usart_stop_bit_set)
    usart_transmit_config                    0x08017501   Thumb Code    16  gd32f10x_usart.o(i.usart_transmit_config)
    usart_word_length_set                    0x08017511   Thumb Code    16  gd32f10x_usart.o(i.usart_word_length_set)
    usercmd_deque                            0x08017521   Thumb Code    44  queue.o(i.usercmd_deque)
    usercmd_enque                            0x08017551   Thumb Code    98  queue.o(i.usercmd_enque)
    wdt_hw_disable                           0x080175b9   Thumb Code    14  wdt_hw.o(i.wdt_hw_disable)
    wdt_hw_enable                            0x080175cd   Thumb Code    14  wdt_hw.o(i.wdt_hw_enable)
    wdt_hw_int                               0x080175e1   Thumb Code    60  wdt_hw.o(i.wdt_hw_int)
    wdt_hw_set_wdi                           0x08017621   Thumb Code    32  wdt_hw.o(i.wdt_hw_set_wdi)
    wiz_cs                                   0x08017645   Thumb Code    32  w5500_conf.o(i.wiz_cs)
    wiz_read_buf                             0x08017669   Thumb Code    78  w5500_conf.o(i.wiz_read_buf)
    wiz_write_buf                            0x080176d1   Thumb Code    80  w5500_conf.o(i.wiz_write_buf)
    write_config_to_flash                    0x08017739   Thumb Code   102  w5500_conf.o(i.write_config_to_flash)
    write_ver_to_flash                       0x080177c5   Thumb Code   104  w5500_conf.o(i.write_ver_to_flash)
    FWSWver                                  0x08017848   Data           2  main.o(.constdata)
    SECS_S2F17_HEADER_RESP                   0x08017a82   Data          14  secs.o(.constdata)
    SECS_S2F18_HEADER_RESP                   0x08017a90   Data          14  secs.o(.constdata)
    SECS_S2F22_HEADER_RESP                   0x08017a9e   Data          14  secs.o(.constdata)
    SECS_S5F1_HEADER_RESP                    0x08017aac   Data          14  secs.o(.constdata)
    SECS_S18F81_HEADER_RESP                  0x08017aba   Data          14  secs.o(.constdata)
    Region$$Table$$Base                      0x08017b40   Number         0  anon$$obj.o(Region$$Table)
    Region$$Table$$Limit                     0x08017b60   Number         0  anon$$obj.o(Region$$Table)
    hw_wdt_test                              0x20000004   Data           1  main.o(.data)
    link_test_tick                           0x20000008   Data           4  main.o(.data)
    link_ok                                  0x2000000c   Data           4  main.o(.data)
    ms_counter                               0x20000010   Data           4  main.o(.data)
    MAX_TICK                                 0x20000018   Data           4  main.o(.data)
    hb_sta                                   0x2000001c   Data           4  main.o(.data)
    hb_rsp                                   0x20000020   Data           1  main.o(.data)
    hb_enable                                0x20000021   Data           1  main.o(.data)
    ledmode                                  0x20000022   Data           1  main.o(.data)
    maxcount                                 0x20000024   Data           2  main.o(.data)
    redledmode                               0x20000026   Data           1  main.o(.data)
    greenledmode                             0x20000027   Data           1  main.o(.data)
    blueledmode                              0x20000028   Data           1  main.o(.data)
    greenDelay                               0x2000002c   Data           4  main.o(.data)
    redDelay                                 0x20000030   Data           4  main.o(.data)
    blueDelay                                0x20000034   Data           4  main.o(.data)
    m_reset_event                            0x2000003c   Data           1  main.o(.data)
    skip_counter                             0x20000040   Data           4  main.o(.data)
    p_run_counter                            0x20000044   Data           4  main.o(.data)
    bIwdg_reset                              0x20000048   Data           1  main.o(.data)
    ValidDevice_ok                           0x20000049   Data           1  main.o(.data)
    targetid                                 0x2000004a   Data           1  main.o(.data)
    ceid                                     0x2000004b   Data           1  main.o(.data)
    lf_trigger_enable                        0x2000004c   Data           1  main.o(.data)
    lf_trigger_time                          0x20000050   Data           4  main.o(.data)
    lf_trigger_count                         0x20000054   Data           4  main.o(.data)
    lf_trigger_Done                          0x20000058   Data           1  main.o(.data)
    lf_ant                                   0x20000059   Data           1  main.o(.data)
    bSupport_trigger_lf                      0x2000005a   Data           1  main.o(.data)
    lf_data_len                              0x2000005c   Data           4  main.o(.data)
    lf_packet                                0x20000060   Data          40  main.o(.data)
    debug_flag                               0x20000088   Data           1  main.o(.data)
    bSetDefaultRtc                           0x20000089   Data           1  main.o(.data)
    initrtc                                  0x2000008a   Data           8  main.o(.data)
    uart_test_port                           0x20000092   Data           1  main.o(.data)
    uart_test_flag                           0x20000093   Data           1  main.o(.data)
    gpi_trigger_event                        0x20000094   Data          16  main.o(.data)
    SystemCoreClock                          0x200000b4   Data           4  system_gd32f10x.o(.data)
    atrxLen                                  0x200000b8   Data           4  attcp.o(.data)
    atLen                                    0x200000bc   Data           4  attcp.o(.data)
    tcpstatus                                0x200000c0   Data           4  attcp.o(.data)
    postH                                    0x200000c4   Data         299  auto_update.o(.data)
    flg                                      0x200001ef   Data           1  auto_update.o(.data)
    tail                                     0x200001f0   Data           1  auto_update.o(.data)
    data_len                                 0x200001f4   Data           4  auto_update.o(.data)
    rx_len                                   0x200001f8   Data           2  auto_update.o(.data)
    update_flag                              0x200001fa   Data           1  auto_update.o(.data)
    yeelink_server_ip                        0x200001fb   Data           4  auto_update.o(.data)
    yeelink_server_port                      0x200001ff   Data           1  auto_update.o(.data)
    anyport                                  0x20000200   Data           2  auto_update.o(.data)
    content_len                              0x20000204   Data           4  auto_update.o(.data)
    recv_count                               0x20000208   Data           4  auto_update.o(.data)
    ver_num                                  0x2000020c   Data          10  auto_update.o(.data)
    sckState                                 0x20000216   Data           1  udp_config.o(.data)
    len                                      0x20000218   Data           2  udp_config.o(.data)
    rIP                                      0x2000021a   Data           4  udp_config.o(.data)
    rPort                                    0x2000021e   Data           2  udp_config.o(.data)
    bIP                                      0x20000220   Data           4  udp_config.o(.data)
    txsize                                   0x20000224   Data           8  w5500.o(.data)
    rxsize                                   0x2000022c   Data           8  w5500.o(.data)
    mac                                      0x20000234   Data           6  w5500_conf.o(.data)
    local_ip                                 0x2000023a   Data           4  w5500_conf.o(.data)
    subnet                                   0x2000023e   Data           4  w5500_conf.o(.data)
    gateway                                  0x20000242   Data           4  w5500_conf.o(.data)
    dns_server                               0x20000246   Data           4  w5500_conf.o(.data)
    local_port                               0x2000024a   Data           2  w5500_conf.o(.data)
    remote_ip                                0x2000024c   Data           4  w5500_conf.o(.data)
    remote_port                              0x20000250   Data           2  w5500_conf.o(.data)
    ip_from                                  0x20000252   Data           1  w5500_conf.o(.data)
    dhcp_ok                                  0x20000253   Data           1  w5500_conf.o(.data)
    ms                                       0x20000254   Data           4  w5500_conf.o(.data)
    dhcp_time                                0x20000258   Data           4  w5500_conf.o(.data)
    ntptimer                                 0x2000025c   Data           1  w5500_conf.o(.data)
    rxLen                                    0x20000260   Data           4  fw_update.o(.data)
    fLen                                     0x20000264   Data           4  fw_update.o(.data)
    nPage                                    0x20000268   Data           4  fw_update.o(.data)
    nErasedPage                              0x2000026c   Data           4  fw_update.o(.data)
    flashDest                                0x20000270   Data           4  fw_update.o(.data)
    pageSize                                 0x20000274   Data           2  fw_update.o(.data)
    isErased                                 0x20000276   Data           1  fw_update.o(.data)
    secsrxLen                                0x20000278   Data           4  secstcp.o(.data)
    secsLen                                  0x2000027c   Data           4  secstcp.o(.data)
    secstcpstatus                            0x20000280   Data           4  secstcp.o(.data)
    PWMtimes                                 0x20000308   Data           8  lf.o(.data)
    LF_Timer_Count                           0x20000310   Data           4  lf.o(.data)
    SECS_S18F9_ENABLE                        0x20000314   Data           1  secs.o(.data)
    SECS_Code                                0x20000318   Data           4  secs.o(.data)
    SECS_S1F2_HEADER_RESP                    0x2000031c   Data          16  secs.o(.data)
    SECS_S1F1_DATA_RESP                      0x2000032c   Data          45  secs.o(.data)
    SECS_S18F10_HEADER_RESP                  0x20000359   Data          14  secs.o(.data)
    SECS_S18F10_DATA_RESP                    0x20000367   Data          12  secs.o(.data)
    SECS_S18F10_DATA2_RESP                   0x20000373   Data          21  secs.o(.data)
    SECS_S18F16_HEADER_RESP                  0x20000388   Data          14  secs.o(.data)
    SECS_S18F16_DATA_RESP                    0x20000396   Data           5  secs.o(.data)
    SECS_S18F71_HEADER_RESP                  0x2000039b   Data          14  secs.o(.data)
    SECS_S18F75_HEADER_RESP                  0x200003a9   Data          14  secs.o(.data)
    SECS_S18F7X_Sn                           0x200003b7   Data           1  secs.o(.data)
    timedisplay                              0x200003b8   Data           4  rtc.o(.data)
    __stdout                                 0x200005c0   Data           4  stdout.o(.data)
    lf_data                                  0x200005c4   Data          33  main.o(.bss)
    gpi_filter                               0x200005e8   Data          32  main.o(.bss)
    atbuf                                    0x20000608   Data         256  attcp.o(.bss)
    SSIZE                                    0x20000708   Data          16  w5500.o(.bss)
    RSIZE                                    0x20000718   Data          16  w5500.o(.bss)
    DHCP_GET                                 0x20000728   Data          22  w5500_conf.o(.bss)
    ConfigMsg                                0x2000073e   Data          58  w5500_conf.o(.bss)
    RecvMsg                                  0x20000778   Data          58  w5500_conf.o(.bss)
    EEPROM_MSG                               0x200007b2   Data          18  w5500_conf.o(.bss)
    buf                                      0x200007c4   Data        1024  fw_update.o(.bss)
    secsbuf                                  0x20000bc4   Data         256  secstcp.o(.bss)
    usercmd_packets_list                     0x20000cc4   Data        1056  queue.o(.bss)
    eth_rx_packets_list                      0x200010e4   Data        1056  queue.o(.bss)
    sio_rx_buf                               0x20001504   Data         130  sio.o(.bss)
    secs_rx_buf                              0x20001586   Data         130  sio.o(.bss)
    rs232_rx_buf_console                     0x20001608   Data         130  sio.o(.bss)
    rs232_rx_barcode                         0x2000168a   Data         130  barcode.o(.bss)
    gpio_event_list                          0x2000170c   Data         288  gp_io.o(.bss)
    lf_event_list                            0x2000182c   Data         160  gp_io.o(.bss)
    __initial_sp                             0x20001cd0   Data           0  startup_gd32f10x_hd.o(STACK)



==============================================================================

Memory Map of the image

  Image Entry point : 0x08010131

  Load Region LR_IROM1 (Base: 0x08010000, Size: 0x00008124, Max: 0x00080000, ABSOLUTE, COMPRESSED[0x00007f94])

    Execution Region ER_IROM1 (Exec base: 0x08010000, Load base: 0x08010000, Size: 0x00007b60, Max: 0x00080000, ABSOLUTE)

    Exec Addr    Load Addr    Size         Type   Attr      Idx    E Section Name        Object

    0x08010000   0x08010000   0x00000130   Data   RO         4215    RESET               startup_gd32f10x_hd.o
    0x08010130   0x08010130   0x00000000   Code   RO         5914  * .ARM.Collect$$$$00000000  mc_w.l(entry.o)
    0x08010130   0x08010130   0x00000004   Code   RO         6200    .ARM.Collect$$$$00000001  mc_w.l(entry2.o)
    0x08010134   0x08010134   0x00000004   Code   RO         6203    .ARM.Collect$$$$00000004  mc_w.l(entry5.o)
    0x08010138   0x08010138   0x00000000   Code   RO         6205    .ARM.Collect$$$$00000008  mc_w.l(entry7b.o)
    0x08010138   0x08010138   0x00000000   Code   RO         6207    .ARM.Collect$$$$0000000A  mc_w.l(entry8b.o)
    0x08010138   0x08010138   0x00000008   Code   RO         6208    .ARM.Collect$$$$0000000B  mc_w.l(entry9a.o)
    0x08010140   0x08010140   0x00000000   Code   RO         6210    .ARM.Collect$$$$0000000D  mc_w.l(entry10a.o)
    0x08010140   0x08010140   0x00000000   Code   RO         6212    .ARM.Collect$$$$0000000F  mc_w.l(entry11a.o)
    0x08010140   0x08010140   0x00000004   Code   RO         6201    .ARM.Collect$$$$00002712  mc_w.l(entry2.o)
    0x08010144   0x08010144   0x00000024   Code   RO         4216    .text               startup_gd32f10x_hd.o
    0x08010168   0x08010168   0x00000024   Code   RO         5917    .text               mc_w.l(memcpya.o)
    0x0801018c   0x0801018c   0x00000024   Code   RO         5919    .text               mc_w.l(memseta.o)
    0x080101b0   0x080101b0   0x00000018   Code   RO         5923    .text               mc_w.l(strncpy.o)
    0x080101c8   0x080101c8   0x0000000e   Code   RO         5925    .text               mc_w.l(strlen.o)
    0x080101d6   0x080101d6   0x0000002c   Code   RO         6215    .text               mc_w.l(uidiv.o)
    0x08010202   0x08010202   0x00000062   Code   RO         6217    .text               mc_w.l(uldiv.o)
    0x08010264   0x08010264   0x00000000   Code   RO         6219    .text               mc_w.l(iusefp.o)
    0x08010264   0x08010264   0x0000014e   Code   RO         6220    .text               mf_w.l(dadd.o)
    0x080103b2   0x080103b2   0x000000e4   Code   RO         6222    .text               mf_w.l(dmul.o)
    0x08010496   0x08010496   0x000000de   Code   RO         6224    .text               mf_w.l(ddiv.o)
    0x08010574   0x08010574   0x00000030   Code   RO         6226    .text               mf_w.l(dfixul.o)
    0x080105a4   0x080105a4   0x00000030   Code   RO         6228    .text               mf_w.l(cdrcmple.o)
    0x080105d4   0x080105d4   0x00000024   Code   RO         6230    .text               mc_w.l(init.o)
    0x080105f8   0x080105f8   0x0000001e   Code   RO         6232    .text               mc_w.l(llshl.o)
    0x08010616   0x08010616   0x00000020   Code   RO         6234    .text               mc_w.l(llushr.o)
    0x08010636   0x08010636   0x00000024   Code   RO         6236    .text               mc_w.l(llsshr.o)
    0x0801065a   0x0801065a   0x000000ba   Code   RO         6238    .text               mf_w.l(depilogue.o)
    0x08010714   0x08010714   0x00000056   Code   RO         6248    .text               mc_w.l(__dczerorl2.o)
    0x0801076a   0x0801076a   0x00000004   Code   RO            3    i.BusFault_Handler  gd32f10x_it.o
    0x0801076e   0x0801076e   0x00000002   PAD
    0x08010770   0x08010770   0x00000034   Code   RO         5751    i.Cal_Crc16_xmodem  crc16_xmodem.o
    0x080107a4   0x080107a4   0x0000002c   Code   RO         5752    i.CheckCrc          crc16_xmodem.o
    0x080107d0   0x080107d0   0x00000004   Code   RO            4    i.DebugMon_Handler  gd32f10x_it.o
    0x080107d4   0x080107d4   0x00000024   Code   RO            5    i.EXTI0_IRQHandler  gd32f10x_it.o
    0x080107f8   0x080107f8   0x00000024   Code   RO            6    i.EXTI1_IRQHandler  gd32f10x_it.o
    0x0801081c   0x0801081c   0x00000024   Code   RO            7    i.EXTI2_IRQHandler  gd32f10x_it.o
    0x08010840   0x08010840   0x00000024   Code   RO            8    i.EXTI3_IRQHandler  gd32f10x_it.o
    0x08010864   0x08010864   0x00000018   Code   RO         4803    i.FLASH_PagesMask   w5500_conf.o
    0x0801087c   0x0801087c   0x00000014   Code   RO         5379    i.Get_SCIO_Level    lf.o
    0x08010890   0x08010890   0x00000098   Code   RO         4804    i.Get_UUID          w5500_conf.o
    0x08010928   0x08010928   0x00000004   Code   RO            9    i.HardFault_Handler  gd32f10x_it.o
    0x0801092c   0x0801092c   0x00000032   Code   RO         4805    i.IINCHIP_READ      w5500_conf.o
    0x0801095e   0x0801095e   0x0000000c   Code   RO         4806    i.IINCHIP_SpiSendData  w5500_conf.o
    0x0801096a   0x0801096a   0x00000032   Code   RO         4807    i.IINCHIP_WRITE     w5500_conf.o
    0x0801099c   0x0801099c   0x00000026   Code   RO         5380    i.InvertUint16      lf.o
    0x080109c2   0x080109c2   0x00000026   Code   RO         5381    i.InvertUint8       lf.o
    0x080109e8   0x080109e8   0x0000005c   Code   RO          273    i.IsDeviceValid     main.o
    0x08010a44   0x08010a44   0x00000088   Code   RO         5382    i.LF_GPIOConfig     lf.o
    0x08010acc   0x08010acc   0x00000014   Code   RO         5384    i.LF_Power_On       lf.o
    0x08010ae0   0x08010ae0   0x00000004   Code   RO           10    i.MemManage_Handler  gd32f10x_it.o
    0x08010ae4   0x08010ae4   0x00000004   Code   RO           11    i.NMI_Handler       gd32f10x_it.o
    0x08010ae8   0x08010ae8   0x00000028   Code   RO          218    i.NVIC_SetPriority  systick.o
    0x08010b10   0x08010b10   0x00000004   Code   RO           12    i.PendSV_Handler    gd32f10x_it.o
    0x08010b14   0x08010b14   0x00000044   Code   RO           13    i.RTC_IRQHandler    gd32f10x_it.o
    0x08010b58   0x08010b58   0x00000080   Code   RO         5190    i.SPI_Eth_Init      bsp_spi_eth.o
    0x08010bd8   0x08010bd8   0x00000058   Code   RO         5192    i.SPI_Eth_SendByte  bsp_spi_eth.o
    0x08010c30   0x08010c30   0x00000004   Code   RO           14    i.SVC_Handler       gd32f10x_it.o
    0x08010c34   0x08010c34   0x0000004c   Code   RO         5385    i.SendByteLF        lf.o
    0x08010c80   0x08010c80   0x0000000c   Code   RO           15    i.SysTick_Handler   gd32f10x_it.o
    0x08010c8c   0x08010c8c   0x000000d4   Code   RO          544    i.SystemInit        system_gd32f10x.o
    0x08010d60   0x08010d60   0x00000064   Code   RO          274    i.TIM4_Configuration  main.o
    0x08010dc4   0x08010dc4   0x00000020   Code   RO           16    i.TIMER4_IRQHandler  gd32f10x_it.o
    0x08010de4   0x08010de4   0x000000b4   Code   RO         5386    i.TMS3705_program_page  lf.o
    0x08010e98   0x08010e98   0x00000160   Code   RO         5389    i.TMS3705_read_page_sync  lf.o
    0x08010ff8   0x08010ff8   0x00000014   Code   RO         5390    i.TXCT_HIGH         lf.o
    0x0801100c   0x0801100c   0x00000014   Code   RO         5391    i.TXCT_LOW          lf.o
    0x08011020   0x08011020   0x000000b8   Code   RO         5319    i.USART0_IRQHandler  barcode.o
    0x080110d8   0x080110d8   0x00000070   Code   RO          275    i.USART1_IRQHandler  main.o
    0x08011148   0x08011148   0x00000070   Code   RO         5782    i.USART2_IRQHandler  rs485.o
    0x080111b8   0x080111b8   0x00000004   Code   RO           17    i.UsageFault_Handler  gd32f10x_it.o
    0x080111bc   0x080111bc   0x0000002c   Code   RO         5392    i.WriteModeControlByte  lf.o
    0x080111e8   0x080111e8   0x000000b8   Code   RO          276    i._Debug2           main.o
    0x080112a0   0x080112a0   0x000000c8   Code   RO         4809    i._Get_UUID         w5500_conf.o
    0x08011368   0x08011368   0x00000020   Code   RO         6172    i.__0printf         mc_w.l(printfa.o)
    0x08011388   0x08011388   0x00000030   Code   RO         6173    i.__0snprintf       mc_w.l(printfa.o)
    0x080113b8   0x080113b8   0x00000028   Code   RO         6174    i.__0sprintf        mc_w.l(printfa.o)
    0x080113e0   0x080113e0   0x00000024   Code   RO         6178    i.__0vsprintf       mc_w.l(printfa.o)
    0x08011404   0x08011404   0x0000000e   Code   RO         6242    i.__scatterload_copy  mc_w.l(handlers.o)
    0x08011412   0x08011412   0x00000002   Code   RO         6243    i.__scatterload_null  mc_w.l(handlers.o)
    0x08011414   0x08011414   0x0000000e   Code   RO         6244    i.__scatterload_zeroinit  mc_w.l(handlers.o)
    0x08011422   0x08011422   0x00000002   PAD
    0x08011424   0x08011424   0x00000184   Code   RO         6179    i._fp_digits        mc_w.l(printfa.o)
    0x080115a8   0x080115a8   0x000006dc   Code   RO         6180    i._printf_core      mc_w.l(printfa.o)
    0x08011c84   0x08011c84   0x00000024   Code   RO         6181    i._printf_post_padding  mc_w.l(printfa.o)
    0x08011ca8   0x08011ca8   0x0000002e   Code   RO         6182    i._printf_pre_padding  mc_w.l(printfa.o)
    0x08011cd6   0x08011cd6   0x00000016   Code   RO         6183    i._snputc           mc_w.l(printfa.o)
    0x08011cec   0x08011cec   0x0000000a   Code   RO         6184    i._sputc            mc_w.l(printfa.o)
    0x08011cf6   0x08011cf6   0x00000002   PAD
    0x08011cf8   0x08011cf8   0x00000038   Code   RO         5321    i.barcode_init      barcode.o
    0x08011d30   0x08011d30   0x00000038   Code   RO         5136    i.barcode_post_received_data  sio.o
    0x08011d68   0x08011d68   0x00000028   Code   RO         5570    i.beep_init         beep.o
    0x08011d90   0x08011d90   0x00000014   Code   RO         5571    i.beep_off          beep.o
    0x08011da4   0x08011da4   0x00000014   Code   RO         5572    i.beep_on           beep.o
    0x08011db8   0x08011db8   0x00000560   Code   RO          278    i.before_secs_filter  main.o
    0x08012318   0x08012318   0x00000030   Code   RO          279    i.checkSecsLinkOk   main.o
    0x08012348   0x08012348   0x00000034   Code   RO         4513    i.close             socket.o
    0x0801237c   0x0801237c   0x00000020   Code   RO         4395    i.close_atsocket    attcp.o
    0x0801239c   0x0801239c   0x0000005c   Code   RO         5783    i.confit_rs485      rs485.o
    0x080123f8   0x080123f8   0x00000038   Code   RO         5393    i.crc16_ccitt       lf.o
    0x08012430   0x08012430   0x00000014   Code   RO          219    i.delay_1ms         systick.o
    0x08012444   0x08012444   0x00000018   Code   RO          220    i.delay_decrement   systick.o
    0x0801245c   0x0801245c   0x0000000c   Code   RO         4227    i.delay_ms          utility.o
    0x08012468   0x08012468   0x00000030   Code   RO         4229    i.delay_us          utility.o
    0x08012498   0x08012498   0x00000026   Code   RO         4515    i.disconnect        socket.o
    0x080124be   0x080124be   0x00000002   PAD
    0x080124c0   0x080124c0   0x00000144   Code   RO         4396    i.do_attcp_cmd      attcp.o
    0x08012604   0x08012604   0x000001e0   Code   RO         5020    i.do_fw_update      fw_update.o
    0x080127e4   0x080127e4   0x00000138   Code   RO         5046    i.do_secstcp_cmd    secstcp.o
    0x0801291c   0x0801291c   0x000004dc   Code   RO         4589    i.do_udp_config     udp_config.o
    0x08012df8   0x08012df8   0x00000030   Code   RO         5082    i.eth_rx_deque      queue.o
    0x08012e28   0x08012e28   0x00000058   Code   RO         5083    i.eth_rx_enque      queue.o
    0x08012e80   0x08012e80   0x000000bc   Code   RO         1797    i.exti_init         gd32f10x_exti.o
    0x08012f3c   0x08012f3c   0x00000010   Code   RO         1799    i.exti_interrupt_enable  gd32f10x_exti.o
    0x08012f4c   0x08012f4c   0x0000000c   Code   RO         1800    i.exti_interrupt_flag_clear  gd32f10x_exti.o
    0x08012f58   0x08012f58   0x00000018   Code   RO         1801    i.exti_interrupt_flag_get  gd32f10x_exti.o
    0x08012f70   0x08012f70   0x00000022   Code   RO         1883    i.fmc_bank0_ready_wait  gd32f10x_fmc.o
    0x08012f92   0x08012f92   0x00000002   PAD
    0x08012f94   0x08012f94   0x00000030   Code   RO         1884    i.fmc_bank0_state_get  gd32f10x_fmc.o
    0x08012fc4   0x08012fc4   0x00000022   Code   RO         1888    i.fmc_bank1_ready_wait  gd32f10x_fmc.o
    0x08012fe6   0x08012fe6   0x00000002   PAD
    0x08012fe8   0x08012fe8   0x00000030   Code   RO         1889    i.fmc_bank1_state_get  gd32f10x_fmc.o
    0x08013018   0x08013018   0x00000020   Code   RO         1891    i.fmc_flag_clear    gd32f10x_fmc.o
    0x08013038   0x08013038   0x0000002c   Code   RO         1898    i.fmc_lock          gd32f10x_fmc.o
    0x08013064   0x08013064   0x000000f8   Code   RO         1900    i.fmc_page_erase    gd32f10x_fmc.o
    0x0801315c   0x0801315c   0x00000044   Code   RO         1901    i.fmc_unlock        gd32f10x_fmc.o
    0x080131a0   0x080131a0   0x000000c0   Code   RO         1902    i.fmc_word_program  gd32f10x_fmc.o
    0x08013260   0x08013260   0x00000024   Code   RO          281    i.fputc             main.o
    0x08013284   0x08013284   0x000000d0   Code   RO         5222    i.gd_eval_com_init  board.o
    0x08013354   0x08013354   0x00000034   Code   RO         5753    i.generate_crc16    crc16_xmodem.o
    0x08013388   0x08013388   0x00000010   Code   RO         4613    i.getGAR            w5500.o
    0x08013398   0x08013398   0x00000010   Code   RO         4615    i.getIINCHIP_TxMAX  w5500.o
    0x080133a8   0x080133a8   0x00000012   Code   RO         4618    i.getSIPR           w5500.o
    0x080133ba   0x080133ba   0x00000012   Code   RO         4619    i.getSUBR           w5500.o
    0x080133cc   0x080133cc   0x00000028   Code   RO         5497    i.getSerialNo       secs.o
    0x080133f4   0x080133f4   0x00000012   Code   RO         4620    i.getSn_IR          w5500.o
    0x08013406   0x08013406   0x00000054   Code   RO         4621    i.getSn_RX_RSR      w5500.o
    0x0801345a   0x0801345a   0x00000012   Code   RO         4622    i.getSn_SR          w5500.o
    0x0801346c   0x0801346c   0x00000054   Code   RO         4623    i.getSn_TX_FSR      w5500.o
    0x080134c0   0x080134c0   0x00000054   Code   RO         4812    i.get_config        w5500_conf.o
    0x08013514   0x08013514   0x0000002c   Code   RO         5834    i.gio_event_deque   gp_io.o
    0x08013540   0x08013540   0x0000007c   Code   RO         5837    i.gp_get_in         gp_io.o
    0x080135bc   0x080135bc   0x00000078   Code   RO         5838    i.gp_get_out        gp_io.o
    0x08013634   0x08013634   0x00000148   Code   RO         5839    i.gp_io_init        gp_io.o
    0x0801377c   0x0801377c   0x000000ac   Code   RO         5840    i.gp_set_out        gp_io.o
    0x08013828   0x08013828   0x00000004   Code   RO         2165    i.gpio_bit_reset    gd32f10x_gpio.o
    0x0801382c   0x0801382c   0x00000004   Code   RO         2166    i.gpio_bit_set      gd32f10x_gpio.o
    0x08013830   0x08013830   0x0000000a   Code   RO         2167    i.gpio_bit_write    gd32f10x_gpio.o
    0x0801383a   0x0801383a   0x00000002   PAD
    0x0801383c   0x0801383c   0x00000098   Code   RO         2172    i.gpio_exti_source_select  gd32f10x_gpio.o
    0x080138d4   0x080138d4   0x00000044   Code   RO         4814    i.gpio_for_w5500_config  w5500_conf.o
    0x08013918   0x08013918   0x000000ac   Code   RO         2173    i.gpio_init         gd32f10x_gpio.o
    0x080139c4   0x080139c4   0x00000010   Code   RO         2174    i.gpio_input_bit_get  gd32f10x_gpio.o
    0x080139d4   0x080139d4   0x00000010   Code   RO         2176    i.gpio_output_bit_get  gd32f10x_gpio.o
    0x080139e4   0x080139e4   0x00000090   Code   RO         2179    i.gpio_pin_remap_config  gd32f10x_gpio.o
    0x08013a74   0x08013a74   0x0000000a   Code   RO         4815    i.iinchip_csoff     w5500_conf.o
    0x08013a7e   0x08013a7e   0x0000000a   Code   RO         4816    i.iinchip_cson      w5500_conf.o
    0x08013a88   0x08013a88   0x00000028   Code   RO          282    i.init_LF_parameter  main.o
    0x08013ab0   0x08013ab0   0x00000040   Code   RO         5784    i.init_rs485        rs485.o
    0x08013af0   0x08013af0   0x00000024   Code   RO         5646    i.led_init          led.o
    0x08013b14   0x08013b14   0x00000028   Code   RO         5647    i.led_off           led.o
    0x08013b3c   0x08013b3c   0x00000028   Code   RO         5648    i.led_on            led.o
    0x08013b64   0x08013b64   0x000000d0   Code   RO          283    i.led_spark         main.o
    0x08013c34   0x08013c34   0x00000038   Code   RO         5650    i.led_toggle        led.o
    0x08013c6c   0x08013c6c   0x00000044   Code   RO         5841    i.lf_event_deque    gp_io.o
    0x08013cb0   0x08013cb0   0x00000068   Code   RO         5842    i.lf_event_enque    gp_io.o
    0x08013d18   0x08013d18   0x00000028   Code   RO         5843    i.lf_event_init     gp_io.o
    0x08013d40   0x08013d40   0x00000020   Code   RO          284    i.lf_trigger_reset  main.o
    0x08013d60   0x08013d60   0x0000003e   Code   RO         4516    i.listen            socket.o
    0x08013d9e   0x08013d9e   0x00000002   PAD
    0x08013da0   0x08013da0   0x000008a8   Code   RO          285    i.main              main.o
    0x08014648   0x08014648   0x00000010   Code   RO         5229    i.nvic_configuration  board.o
    0x08014658   0x08014658   0x000000ac   Code   RO         2487    i.nvic_irq_enable   gd32f10x_misc.o
    0x08014704   0x08014704   0x00000014   Code   RO         2488    i.nvic_priority_group_set  gd32f10x_misc.o
    0x08014718   0x08014718   0x00000018   Code   RO         2489    i.nvic_vector_table_set  gd32f10x_misc.o
    0x08014730   0x08014730   0x00000228   Code   RO          288    i.process_LF        main.o
    0x08014958   0x08014958   0x000000f0   Code   RO          289    i.process_com1_com2_test  main.o
    0x08014a48   0x08014a48   0x00000c14   Code   RO          290    i.process_eth_data  main.o
    0x0801565c   0x0801565c   0x000000c4   Code   RO          291    i.process_gpi_filter  main.o
    0x08015720   0x08015720   0x00000046   Code   RO          293    i.process_rcv_secs_cmd  main.o
    0x08015766   0x08015766   0x0000002c   Code   RO          294    i.put_test_data_queue  main.o
    0x08015792   0x08015792   0x00000002   PAD
    0x08015794   0x08015794   0x00000014   Code   RO         2631    i.rcu_all_reset_flag_clear  gd32f10x_rcu.o
    0x080157a8   0x080157a8   0x00000124   Code   RO         2637    i.rcu_clock_freq_get  gd32f10x_rcu.o
    0x080158cc   0x080158cc   0x00000024   Code   RO         2640    i.rcu_flag_get      gd32f10x_rcu.o
    0x080158f0   0x080158f0   0x00000020   Code   RO         2654    i.rcu_periph_clock_enable  gd32f10x_rcu.o
    0x08015910   0x08015910   0x00000020   Code   RO         2657    i.rcu_periph_reset_disable  gd32f10x_rcu.o
    0x08015930   0x08015930   0x00000020   Code   RO         2658    i.rcu_periph_reset_enable  gd32f10x_rcu.o
    0x08015950   0x08015950   0x00000014   Code   RO         4819    i.reboot            w5500_conf.o
    0x08015964   0x08015964   0x00000042   Code   RO         4517    i.recv              socket.o
    0x080159a6   0x080159a6   0x00000002   PAD
    0x080159a8   0x080159a8   0x00000094   Code   RO         4625    i.recv_data_processing  w5500.o
    0x08015a3c   0x08015a3c   0x00000200   Code   RO         4518    i.recvfrom          socket.o
    0x08015c3c   0x08015c3c   0x00000274   Code   RO         5498    i.report_S18F10     secs.o
    0x08015eb0   0x08015eb0   0x00000198   Code   RO         5499    i.report_S18F71_LF_4  secs.o
    0x08016048   0x08016048   0x0000015c   Code   RO         5500    i.report_S18F75     secs.o
    0x080161a4   0x080161a4   0x00000104   Code   RO         5503    i.report_S2F18      secs.o
    0x080162a8   0x080162a8   0x000000dc   Code   RO         5504    i.report_S2F22      secs.o
    0x08016384   0x08016384   0x00000038   Code   RO          295    i.reset_gpi_filter  main.o
    0x080163bc   0x080163bc   0x0000002c   Code   RO         4821    i.reset_w5500       w5500_conf.o
    0x080163e8   0x080163e8   0x00000032   Code   RO         5785    i.rs485_outstr      rs485.o
    0x0801641a   0x0801641a   0x00000002   PAD
    0x0801641c   0x0801641c   0x00000024   Code   RO         5786    i.rs485_putc        rs485.o
    0x08016440   0x08016440   0x00000014   Code   RO         2863    i.rtc_configuration_mode_enter  gd32f10x_rtc.o
    0x08016454   0x08016454   0x00000014   Code   RO         2864    i.rtc_configuration_mode_exit  gd32f10x_rtc.o
    0x08016468   0x08016468   0x00000014   Code   RO         2865    i.rtc_counter_get   gd32f10x_rtc.o
    0x0801647c   0x0801647c   0x00000020   Code   RO         2866    i.rtc_counter_set   gd32f10x_rtc.o
    0x0801649c   0x0801649c   0x00000010   Code   RO         2868    i.rtc_flag_clear    gd32f10x_rtc.o
    0x080164ac   0x080164ac   0x00000018   Code   RO         2869    i.rtc_flag_get      gd32f10x_rtc.o
    0x080164c4   0x080164c4   0x00000014   Code   RO         2874    i.rtc_lwoff_wait    gd32f10x_rtc.o
    0x080164d8   0x080164d8   0x00000038   Code   RO         5138    i.secs_post_received_data  sio.o
    0x08016510   0x08016510   0x000000ec   Code   RO         4519    i.send              socket.o
    0x080165fc   0x080165fc   0x00000094   Code   RO         4626    i.send_data_processing  w5500.o
    0x08016690   0x08016690   0x0000003c   Code   RO         5047    i.send_secs_socket  secstcp.o
    0x080166cc   0x080166cc   0x0000003c   Code   RO         4397    i.send_tcp_socket   attcp.o
    0x08016708   0x08016708   0x0000010c   Code   RO         4520    i.sendto            socket.o
    0x08016814   0x08016814   0x0000005c   Code   RO          296    i.sent_gpi_status_out  main.o
    0x08016870   0x08016870   0x00000010   Code   RO         4627    i.setGAR            w5500.o
    0x08016880   0x08016880   0x00000010   Code   RO         4629    i.setRCR            w5500.o
    0x08016890   0x08016890   0x0000001a   Code   RO         4630    i.setRTR            w5500.o
    0x080168aa   0x080168aa   0x00000012   Code   RO         4631    i.setSHAR           w5500.o
    0x080168bc   0x080168bc   0x00000012   Code   RO         4632    i.setSIPR           w5500.o
    0x080168ce   0x080168ce   0x00000012   Code   RO         4633    i.setSUBR           w5500.o
    0x080168e0   0x080168e0   0x00000016   Code   RO         4634    i.setSn_IR          w5500.o
    0x080168f6   0x080168f6   0x00000002   PAD
    0x080168f8   0x080168f8   0x00000078   Code   RO         4822    i.set_default       w5500_conf.o
    0x08016970   0x08016970   0x00000110   Code   RO         4823    i.set_network       w5500_conf.o
    0x08016a80   0x08016a80   0x00000020   Code   RO         5787    i.set_rs485_direction  rs485.o
    0x08016aa0   0x08016aa0   0x00000010   Code   RO         5139    i.sio_byte_buf_enqueue  sio.o
    0x08016ab0   0x08016ab0   0x0000000e   Code   RO         5140    i.sio_byte_buf_flush  sio.o
    0x08016abe   0x08016abe   0x00000002   PAD
    0x08016ac0   0x08016ac0   0x00000038   Code   RO         5141    i.sio_post_received_data  sio.o
    0x08016af8   0x08016af8   0x000000c4   Code   RO         4521    i.socket            socket.o
    0x08016bbc   0x08016bbc   0x00000088   Code   RO         4637    i.socket_buf_init   w5500.o
    0x08016c44   0x08016c44   0x0000000c   Code   RO         3267    i.spi_crc_polynomial_set  gd32f10x_spi.o
    0x08016c50   0x08016c50   0x0000000a   Code   RO         3271    i.spi_enable        gd32f10x_spi.o
    0x08016c5a   0x08016c5a   0x00000008   Code   RO         3273    i.spi_i2s_data_receive  gd32f10x_spi.o
    0x08016c62   0x08016c62   0x00000004   Code   RO         3274    i.spi_i2s_data_transmit  gd32f10x_spi.o
    0x08016c66   0x08016c66   0x00000010   Code   RO         3276    i.spi_i2s_flag_get  gd32f10x_spi.o
    0x08016c76   0x08016c76   0x00000032   Code   RO         3280    i.spi_init          gd32f10x_spi.o
    0x08016ca8   0x08016ca8   0x00000010   Code   RO          297    i.start_TIM4        main.o
    0x08016cb8   0x08016cb8   0x00000010   Code   RO          298    i.stop_TIM4         main.o
    0x08016cc8   0x08016cc8   0x0000014c   Code   RO          299    i.switchLEDmode     main.o
    0x08016e14   0x08016e14   0x00000090   Code   RO         5394    i.switch_ant        lf.o
    0x08016ea4   0x08016ea4   0x000000c4   Code   RO          545    i.system_clock_108m_hxtal  system_gd32f10x.o
    0x08016f68   0x08016f68   0x00000008   Code   RO          546    i.system_clock_config  system_gd32f10x.o
    0x08016f70   0x08016f70   0x00000050   Code   RO          221    i.systick_config    systick.o
    0x08016fc0   0x08016fc0   0x000000f4   Code   RO          300    i.timer4_isr        main.o
    0x080170b4   0x080170b4   0x000000dc   Code   RO         3484    i.timer_deinit      gd32f10x_timer.o
    0x08017190   0x08017190   0x0000000a   Code   RO         3485    i.timer_disable     gd32f10x_timer.o
    0x0801719a   0x0801719a   0x0000000a   Code   RO         3489    i.timer_enable      gd32f10x_timer.o
    0x080171a4   0x080171a4   0x000000e0   Code   RO         3499    i.timer_init        gd32f10x_timer.o
    0x08017284   0x08017284   0x00000008   Code   RO         3506    i.timer_interrupt_enable  gd32f10x_timer.o
    0x0801728c   0x0801728c   0x00000006   Code   RO         3507    i.timer_interrupt_flag_clear  gd32f10x_timer.o
    0x08017292   0x08017292   0x00000018   Code   RO         3508    i.timer_interrupt_flag_get  gd32f10x_timer.o
    0x080172aa   0x080172aa   0x0000001a   Code   RO         5230    i.uart1_outstr      board.o
    0x080172c4   0x080172c4   0x00000024   Code   RO         5231    i.uart1_putc        board.o
    0x080172e8   0x080172e8   0x00000090   Code   RO         3885    i.usart_baudrate_set  gd32f10x_usart.o
    0x08017378   0x08017378   0x0000000a   Code   RO         3886    i.usart_data_receive  gd32f10x_usart.o
    0x08017382   0x08017382   0x00000008   Code   RO         3887    i.usart_data_transmit  gd32f10x_usart.o
    0x0801738a   0x0801738a   0x00000002   PAD
    0x0801738c   0x0801738c   0x00000090   Code   RO         3888    i.usart_deinit      gd32f10x_usart.o
    0x0801741c   0x0801741c   0x0000000a   Code   RO         3892    i.usart_enable      gd32f10x_usart.o
    0x08017426   0x08017426   0x0000001e   Code   RO         3894    i.usart_flag_get    gd32f10x_usart.o
    0x08017444   0x08017444   0x00000014   Code   RO         3898    i.usart_hardware_flow_cts_config  gd32f10x_usart.o
    0x08017458   0x08017458   0x00000014   Code   RO         3899    i.usart_hardware_flow_rts_config  gd32f10x_usart.o
    0x0801746c   0x0801746c   0x0000001a   Code   RO         3901    i.usart_interrupt_enable  gd32f10x_usart.o
    0x08017486   0x08017486   0x00000012   Code   RO         3902    i.usart_interrupt_flag_clear  gd32f10x_usart.o
    0x08017498   0x08017498   0x00000038   Code   RO         3903    i.usart_interrupt_flag_get  gd32f10x_usart.o
    0x080174d0   0x080174d0   0x00000010   Code   RO         3913    i.usart_parity_config  gd32f10x_usart.o
    0x080174e0   0x080174e0   0x00000010   Code   RO         3915    i.usart_receive_config  gd32f10x_usart.o
    0x080174f0   0x080174f0   0x00000010   Code   RO         3921    i.usart_stop_bit_set  gd32f10x_usart.o
    0x08017500   0x08017500   0x00000010   Code   RO         3925    i.usart_transmit_config  gd32f10x_usart.o
    0x08017510   0x08017510   0x00000010   Code   RO         3926    i.usart_word_length_set  gd32f10x_usart.o
    0x08017520   0x08017520   0x00000030   Code   RO         5084    i.usercmd_deque     queue.o
    0x08017550   0x08017550   0x00000068   Code   RO         5085    i.usercmd_enque     queue.o
    0x080175b8   0x080175b8   0x00000014   Code   RO         5602    i.wdt_hw_disable    wdt_hw.o
    0x080175cc   0x080175cc   0x00000014   Code   RO         5603    i.wdt_hw_enable     wdt_hw.o
    0x080175e0   0x080175e0   0x00000040   Code   RO         5604    i.wdt_hw_int        wdt_hw.o
    0x08017620   0x08017620   0x00000024   Code   RO         5605    i.wdt_hw_set_wdi    wdt_hw.o
    0x08017644   0x08017644   0x00000024   Code   RO         4828    i.wiz_cs            w5500_conf.o
    0x08017668   0x08017668   0x00000068   Code   RO         4829    i.wiz_read_buf      w5500_conf.o
    0x080176d0   0x080176d0   0x00000068   Code   RO         4830    i.wiz_write_buf     w5500_conf.o
    0x08017738   0x08017738   0x0000008c   Code   RO         4832    i.write_config_to_flash  w5500_conf.o
    0x080177c4   0x080177c4   0x00000084   Code   RO         4833    i.write_ver_to_flash  w5500_conf.o
    0x08017848   0x08017848   0x00000039   Data   RO          302    .constdata          main.o
    0x08017881   0x08017881   0x00000001   PAD
    0x08017882   0x08017882   0x00000200   Data   RO         5395    .constdata          lf.o
    0x08017a82   0x08017a82   0x00000046   Data   RO         5506    .constdata          secs.o
    0x08017ac8   0x08017ac8   0x0000002f   Data   RO         5845    .constdata          gp_io.o
    0x08017af7   0x08017af7   0x00000001   PAD
    0x08017af8   0x08017af8   0x00000048   Data   RO          303    .conststring        main.o
    0x08017b40   0x08017b40   0x00000020   Data   RO         6240    Region$$Table       anon$$obj.o


    Execution Region RW_IRAM1 (Exec base: 0x20000000, Load base: 0x08017b60, Size: 0x00001cd0, Max: 0x00010000, ABSOLUTE, COMPRESSED[0x00000434])

    Exec Addr    Load Addr    Size         Type   Attr      Idx    E Section Name        Object

    0x20000000   COMPRESSED   0x00000004   Data   RW          222    .data               systick.o
    0x20000004   COMPRESSED   0x000000b0   Data   RW          304    .data               main.o
    0x200000b4   COMPRESSED   0x00000004   Data   RW          547    .data               system_gd32f10x.o
    0x200000b8   COMPRESSED   0x0000000c   Data   RW         4399    .data               attcp.o
    0x200000c4   COMPRESSED   0x00000152   Data   RW         4442    .data               auto_update.o
    0x20000216   COMPRESSED   0x0000000e   Data   RW         4590    .data               udp_config.o
    0x20000224   COMPRESSED   0x00000010   Data   RW         4639    .data               w5500.o
    0x20000234   COMPRESSED   0x00000029   Data   RW         4835    .data               w5500_conf.o
    0x2000025d   COMPRESSED   0x00000003   PAD
    0x20000260   COMPRESSED   0x00000017   Data   RW         5022    .data               fw_update.o
    0x20000277   COMPRESSED   0x00000001   PAD
    0x20000278   COMPRESSED   0x0000000c   Data   RW         5049    .data               secstcp.o
    0x20000284   COMPRESSED   0x0000007d   Data   RW         5235    .data               board.o
    0x20000301   COMPRESSED   0x00000003   PAD
    0x20000304   COMPRESSED   0x00000004   Data   RW         5327    .data               barcode.o
    0x20000308   COMPRESSED   0x0000000c   Data   RW         5396    .data               lf.o
    0x20000314   COMPRESSED   0x000000a4   Data   RW         5507    .data               secs.o
    0x200003b8   COMPRESSED   0x00000004   Data   RW         5701    .data               rtc.o
    0x200003bc   COMPRESSED   0x00000200   Data   RW         5754    .data               crc16_xmodem.o
    0x200005bc   COMPRESSED   0x00000004   Data   RW         5788    .data               rs485.o
    0x200005c0   COMPRESSED   0x00000004   Data   RW         6214    .data               mc_w.l(stdout.o)
    0x200005c4        -       0x00000044   Zero   RW          301    .bss                main.o
    0x20000608        -       0x00000100   Zero   RW         4398    .bss                attcp.o
    0x20000708        -       0x00000020   Zero   RW         4638    .bss                w5500.o
    0x20000728        -       0x0000009c   Zero   RW         4834    .bss                w5500_conf.o
    0x200007c4        -       0x00000400   Zero   RW         5021    .bss                fw_update.o
    0x20000bc4        -       0x00000100   Zero   RW         5048    .bss                secstcp.o
    0x20000cc4        -       0x00000840   Zero   RW         5086    .bss                queue.o
    0x20001504        -       0x00000186   Zero   RW         5142    .bss                sio.o
    0x2000168a        -       0x00000082   Zero   RW         5326    .bss                barcode.o
    0x2000170c        -       0x000001c0   Zero   RW         5844    .bss                gp_io.o
    0x200018cc   COMPRESSED   0x00000004   PAD
    0x200018d0        -       0x00000400   Zero   RW         4213    STACK               startup_gd32f10x_hd.o


==============================================================================

Image component sizes


      Code (inc. data)   RO Data    RW Data    ZI Data      Debug   Object Name

       416         56          0         12        256       2783   attcp.o
         0          0          0        338          0       2295   auto_update.o
       240         38          0          4        130       1410   barcode.o
        80         16          0          0          0       1357   beep.o
       286         38          0        125          0       3268   board.o
       216         20          0          0          0       1262   bsp_spi_eth.o
       148         12          0        512          0       2847   crc16_xmodem.o
       480         58          0         23       1024       1688   fw_update.o
       240         20          0          0          0       6942   gd32f10x_exti.o
       748         66          0          0          0      11583   gd32f10x_fmc.o
       518         12          0          0          0      15530   gd32f10x_gpio.o
       288         44          0          0          0      50459   gd32f10x_it.o
       216         28          0          0          0       2112   gd32f10x_misc.o
       444         52          0          0          0      17514   gd32f10x_rcu.o
       152         36          0          0          0       4074   gd32f10x_rtc.o
       100          0          0          0          0      10151   gd32f10x_spi.o
       502         64          0          0          0      20248   gd32f10x_timer.o
       566         16          0          0          0      16488   gd32f10x_usart.o
      1000        128         47          0        448       7100   gp_io.o
       172         22          0          0          0       2423   led.o
      1144        110        512         12          0       8652   lf.o
      9394       1696        129        176         68      52224   main.o
       288         20          0          0       2112       3913   queue.o
       386         42          0          4          0       3822   rs485.o
         0          0          0          4          0        534   rtc.o
      1904        308         70        164          0       7092   secs.o
       372         48          0         12        256       2324   secstcp.o
       198         18          0          0        390       3845   sio.o
      1430         50          0          0          0       6169   socket.o
        36          8        304          0       1024        884   startup_gd32f10x_hd.o
       416         30          0          4          0       2899   system_gd32f10x.o
       164         24          0          4          0      28846   systick.o
      1244         58          0         14          0       2145   udp_config.o
        60          8          0          0          0       2134   utility.o
       838         78          0         16         32      12008   w5500.o
      1632        368          0         41        156      16882   w5500_conf.o
       140         20          0          0          0       1947   wdt_hw.o

    ----------------------------------------------------------------------
     26482       3612       1096       1472       5900     337854   Object Totals
         0          0         32          0          0          0   (incl. Generated)
        24          0          2          7          4          0   (incl. Padding)

    ----------------------------------------------------------------------

      Code (inc. data)   RO Data    RW Data    ZI Data      Debug   Library Member Name

        86          0          0          0          0          0   __dczerorl2.o
         0          0          0          0          0          0   entry.o
         0          0          0          0          0          0   entry10a.o
         0          0          0          0          0          0   entry11a.o
         8          4          0          0          0          0   entry2.o
         4          0          0          0          0          0   entry5.o
         0          0          0          0          0          0   entry7b.o
         0          0          0          0          0          0   entry8b.o
         8          4          0          0          0          0   entry9a.o
        30          0          0          0          0          0   handlers.o
        36          8          0          0          0         68   init.o
         0          0          0          0          0          0   iusefp.o
        30          0          0          0          0         68   llshl.o
        36          0          0          0          0         68   llsshr.o
        32          0          0          0          0         68   llushr.o
        36          0          0          0          0         68   memcpya.o
        36          0          0          0          0        108   memseta.o
      2414        106          0          0          0        836   printfa.o
         0          0          0          4          0          0   stdout.o
        14          0          0          0          0         68   strlen.o
        24          0          0          0          0         76   strncpy.o
        44          0          0          0          0         80   uidiv.o
        98          0          0          0          0         92   uldiv.o
        48          0          0          0          0         68   cdrcmple.o
       334          0          0          0          0        148   dadd.o
       222          0          0          0          0        100   ddiv.o
       186          0          0          0          0        176   depilogue.o
        48          0          0          0          0         68   dfixul.o
       228          0          0          0          0         96   dmul.o

    ----------------------------------------------------------------------
      4006        122          0          4          0       2256   Library Totals
         4          0          0          0          0          0   (incl. Padding)

    ----------------------------------------------------------------------

      Code (inc. data)   RO Data    RW Data    ZI Data      Debug   Library Name

      2936        122          0          4          0       1600   mc_w.l
      1066          0          0          0          0        656   mf_w.l

    ----------------------------------------------------------------------
      4006        122          0          4          0       2256   Library Totals

    ----------------------------------------------------------------------

==============================================================================


      Code (inc. data)   RO Data    RW Data    ZI Data      Debug   

     30488       3734       1096       1476       5900     327446   Grand Totals
     30488       3734       1096       1076       5900     327446   ELF Image Totals (compressed)
     30488       3734       1096       1076          0          0   ROM Totals

==============================================================================

    Total RO  Size (Code + RO Data)                31584 (  30.84kB)
    Total RW  Size (RW Data + ZI Data)              7376 (   7.20kB)
    Total ROM Size (Code + RO Data + RW Data)      32660 (  31.89kB)

==============================================================================

