Component: ARM Compiler 5.06 update 7 (build 960) Tool: armlink [4d3601]

==============================================================================

Section Cross References

    gd32f10x_it.o(i.EXTI0_IRQHandler) refers to gd32f10x_exti.o(i.exti_interrupt_flag_get) for exti_interrupt_flag_get
    gd32f10x_it.o(i.EXTI0_IRQHandler) refers to gd32f10x_exti.o(i.exti_interrupt_flag_clear) for exti_interrupt_flag_clear
    gd32f10x_it.o(i.EXTI0_IRQHandler) refers to main.o(.bss) for gpi_filter
    gd32f10x_it.o(i.EXTI1_IRQHandler) refers to gd32f10x_exti.o(i.exti_interrupt_flag_get) for exti_interrupt_flag_get
    gd32f10x_it.o(i.EXTI1_IRQHandler) refers to gd32f10x_exti.o(i.exti_interrupt_flag_clear) for exti_interrupt_flag_clear
    gd32f10x_it.o(i.EXTI1_IRQHandler) refers to main.o(.bss) for gpi_filter
    gd32f10x_it.o(i.EXTI2_IRQHandler) refers to gd32f10x_exti.o(i.exti_interrupt_flag_get) for exti_interrupt_flag_get
    gd32f10x_it.o(i.EXTI2_IRQHandler) refers to gd32f10x_exti.o(i.exti_interrupt_flag_clear) for exti_interrupt_flag_clear
    gd32f10x_it.o(i.EXTI2_IRQHandler) refers to main.o(.bss) for gpi_filter
    gd32f10x_it.o(i.EXTI3_IRQHandler) refers to gd32f10x_exti.o(i.exti_interrupt_flag_get) for exti_interrupt_flag_get
    gd32f10x_it.o(i.EXTI3_IRQHandler) refers to gd32f10x_exti.o(i.exti_interrupt_flag_clear) for exti_interrupt_flag_clear
    gd32f10x_it.o(i.EXTI3_IRQHandler) refers to main.o(.bss) for gpi_filter
    gd32f10x_it.o(i.EXTI4_IRQHandler) refers to gd32f10x_exti.o(i.exti_interrupt_flag_get) for exti_interrupt_flag_get
    gd32f10x_it.o(i.EXTI4_IRQHandler) refers to gd32f10x_exti.o(i.exti_interrupt_flag_clear) for exti_interrupt_flag_clear
    gd32f10x_it.o(i.EXTI4_IRQHandler) refers to main.o(.bss) for gpi_filter
    gd32f10x_it.o(i.EXTI5_9_IRQHandler) refers to gd32f10x_exti.o(i.exti_interrupt_flag_get) for exti_interrupt_flag_get
    gd32f10x_it.o(i.EXTI5_9_IRQHandler) refers to gd32f10x_exti.o(i.exti_interrupt_flag_clear) for exti_interrupt_flag_clear
    gd32f10x_it.o(i.EXTI5_9_IRQHandler) refers to printfa.o(i.__0printf) for __2printf
    gd32f10x_it.o(i.EXTI5_9_IRQHandler) refers to main.o(.bss) for gpi_filter
    gd32f10x_it.o(i.RTC_IRQHandler) refers to gd32f10x_rtc.o(i.rtc_flag_get) for rtc_flag_get
    gd32f10x_it.o(i.RTC_IRQHandler) refers to gd32f10x_rtc.o(i.rtc_flag_clear) for rtc_flag_clear
    gd32f10x_it.o(i.RTC_IRQHandler) refers to printfa.o(i.__0printf) for __2printf
    gd32f10x_it.o(i.RTC_IRQHandler) refers to gd32f10x_rtc.o(i.rtc_lwoff_wait) for rtc_lwoff_wait
    gd32f10x_it.o(i.RTC_IRQHandler) refers to gd32f10x_rtc.o(i.rtc_counter_get) for rtc_counter_get
    gd32f10x_it.o(i.RTC_IRQHandler) refers to gd32f10x_rtc.o(i.rtc_counter_set) for rtc_counter_set
    gd32f10x_it.o(i.RTC_IRQHandler) refers to rtc.o(.data) for timedisplay
    gd32f10x_it.o(i.SysTick_Handler) refers to main.o(i.led_spark) for led_spark
    gd32f10x_it.o(i.SysTick_Handler) refers to systick.o(i.delay_decrement) for delay_decrement
    gd32f10x_it.o(i.TIMER4_IRQHandler) refers to gd32f10x_timer.o(i.timer_interrupt_flag_get) for timer_interrupt_flag_get
    gd32f10x_it.o(i.TIMER4_IRQHandler) refers to main.o(i.timer4_isr) for timer4_isr
    gd32f10x_it.o(i.TIMER4_IRQHandler) refers to gd32f10x_timer.o(i.timer_interrupt_flag_clear) for timer_interrupt_flag_clear
    systick.o(i.delay_1ms) refers to systick.o(.data) for delay
    systick.o(i.delay_decrement) refers to systick.o(.data) for delay
    systick.o(i.systick_config) refers to systick.o(i.NVIC_SetPriority) for NVIC_SetPriority
    systick.o(i.systick_config) refers to system_gd32f10x.o(.data) for SystemCoreClock
    main.o(i.IsDeviceValid) refers to w5500_conf.o(i.Get_UUID) for Get_UUID
    main.o(i.IsDeviceValid) refers to crc16_xmodem.o(i.generate_crc16) for generate_crc16
    main.o(i.IsDeviceValid) refers to w5500_conf.o(.bss) for ConfigMsg
    main.o(i.TIM4_Configuration) refers to gd32f10x_rcu.o(i.rcu_periph_clock_enable) for rcu_periph_clock_enable
    main.o(i.TIM4_Configuration) refers to gd32f10x_timer.o(i.timer_deinit) for timer_deinit
    main.o(i.TIM4_Configuration) refers to gd32f10x_timer.o(i.timer_init) for timer_init
    main.o(i.TIM4_Configuration) refers to gd32f10x_misc.o(i.nvic_irq_enable) for nvic_irq_enable
    main.o(i.TIM4_Configuration) refers to gd32f10x_timer.o(i.timer_interrupt_enable) for timer_interrupt_enable
    main.o(i.TIM4_Configuration) refers to gd32f10x_timer.o(i.timer_enable) for timer_enable
    main.o(i.USART0_IRQHandler) refers to gd32f10x_usart.o(i.usart_interrupt_flag_get) for usart_interrupt_flag_get
    main.o(i.USART0_IRQHandler) refers to gd32f10x_usart.o(i.usart_interrupt_flag_clear) for usart_interrupt_flag_clear
    main.o(i.USART0_IRQHandler) refers to gd32f10x_usart.o(i.usart_data_receive) for usart_data_receive
    main.o(i.USART0_IRQHandler) refers to sio.o(i.sio_byte_buf_enqueue) for sio_byte_buf_enqueue
[...]
    bFlash                                   0x200005f5   Data           1  keypad.o(.data)
    num                                      0x200005f8   Data           4  keypad.o(.data)
    toggle                                   0x200005fc   Data           1  keypad.o(.data)
    .data                                    0x20000600   Section        4  stdout.o(.data)
    .bss                                     0x20000604   Section      128  main.o(.bss)
    .bss                                     0x20000684   Section      256  attcp.o(.bss)
    .bss                                     0x20000784   Section       32  w5500.o(.bss)
    .bss                                     0x200007a4   Section      200  w5500_conf.o(.bss)
    .bss                                     0x2000086c   Section     1024  fw_update.o(.bss)
    .bss                                     0x20000c6c   Section      256  secstcp.o(.bss)
    .bss                                     0x20000d6c   Section     2112  queue.o(.bss)
    .bss                                     0x200015ac   Section      390  sio.o(.bss)
    .bss                                     0x20001734   Section      448  gp_io.o(.bss)
    STACK                                    0x200018f8   Section     1024  startup_gd32f10x_hd.o(STACK)

    Global Symbols

    Symbol Name                              Value     Ov Type        Size  Object(Section)

    BuildAttributes$$THM_ISAv4$P$D$K$B$S$PE$A:L22UL41UL21$X:L11$S22US41US21$IEEE1$IW$USESV6$~STKCKD$USESV7$~SHL$OTIME$ROPI$EBA8$MICROLIB$REQ8$PRES8$EABIv2 0x00000000   Number         0  anon$$obj.o ABSOLUTE
    __ARM_use_no_argv                        0x00000000   Number         0  main.o ABSOLUTE
    _printf_a                                0x00000000   Number         0  stubs.o ABSOLUTE
    _printf_c                                0x00000000   Number         0  stubs.o ABSOLUTE
    _printf_charcount                        0x00000000   Number         0  stubs.o ABSOLUTE
    _printf_d                                0x00000000   Number         0  stubs.o ABSOLUTE
    _printf_e                                0x00000000   Number         0  stubs.o ABSOLUTE
    _printf_f                                0x00000000   Number         0  stubs.o ABSOLUTE
    _printf_flags                            0x00000000   Number         0  stubs.o ABSOLUTE
    _printf_fp_dec                           0x00000000   Number         0  stubs.o ABSOLUTE
    _printf_fp_hex                           0x00000000   Number         0  stubs.o ABSOLUTE
    _printf_g                                0x00000000   Number         0  stubs.o ABSOLUTE
    _printf_i                                0x00000000   Number         0  stubs.o ABSOLUTE
    _printf_int_dec                          0x00000000   Number         0  stubs.o ABSOLUTE
    _printf_l                                0x00000000   Number         0  stubs.o ABSOLUTE
    _printf_lc                               0x00000000   Number         0  stubs.o ABSOLUTE
    _printf_ll                               0x00000000   Number         0  stubs.o ABSOLUTE
    _printf_lld                              0x00000000   Number         0  stubs.o ABSOLUTE
    _printf_lli                              0x00000000   Number         0  stubs.o ABSOLUTE
    _printf_llo                              0x00000000   Number         0  stubs.o ABSOLUTE
    _printf_llu                              0x00000000   Number         0  stubs.o ABSOLUTE
    _printf_llx                              0x00000000   Number         0  stubs.o ABSOLUTE
    _printf_longlong_dec                     0x00000000   Number         0  stubs.o ABSOLUTE
    _printf_longlong_hex                     0x00000000   Number         0  stubs.o ABSOLUTE
    _printf_longlong_oct                     0x00000000   Number         0  stubs.o ABSOLUTE
    _printf_ls                               0x00000000   Number         0  stubs.o ABSOLUTE
    _printf_mbtowc                           0x00000000   Number         0  stubs.o ABSOLUTE
    _printf_n                                0x00000000   Number         0  stubs.o ABSOLUTE
    _printf_o                                0x00000000   Number         0  stubs.o ABSOLUTE
    _printf_p                                0x00000000   Number         0  stubs.o ABSOLUTE
    _printf_percent                          0x00000000   Number         0  stubs.o ABSOLUTE
    _printf_pre_padding                      0x00000000   Number         0  stubs.o ABSOLUTE
    _printf_return_value                     0x00000000   Number         0  stubs.o ABSOLUTE
    _printf_s                                0x00000000   Number         0  stubs.o ABSOLUTE
    _printf_sizespec                         0x00000000   Number         0  stubs.o ABSOLUTE
    _printf_str                              0x00000000   Number         0  stubs.o ABSOLUTE
    _printf_truncate_signed                  0x00000000   Number         0  stubs.o ABSOLUTE
    _printf_truncate_unsigned                0x00000000   Number         0  stubs.o ABSOLUTE
    _printf_u                                0x00000000   Number         0  stubs.o ABSOLUTE
    _printf_wc                               0x00000000   Number         0  stubs.o ABSOLUTE
    _printf_wctomb                           0x00000000   Number         0  stubs.o ABSOLUTE
    _printf_widthprec                        0x00000000   Number         0  stubs.o ABSOLUTE
    _printf_x                                0x00000000   Number         0  stubs.o ABSOLUTE
    __arm_fini_                               - Undefined Weak Reference
    __cpp_initialize__aeabi_                  - Undefined Weak Reference
    __cxa_finalize                            - Undefined Weak Reference
    _clock_init                               - Undefined Weak Reference
    _microlib_exit                            - Undefined Weak Reference
    __Vectors_Size                           0x00000130   Number         0  startup_gd32f10x_hd.o ABSOLUTE
    __Vectors                                0x08010000   Data           4  startup_gd32f10x_hd.o(RESET)
    __Vectors_End                            0x08010130   Data           0  startup_gd32f10x_hd.o(RESET)
    __main                                   0x08010131   Thumb Code     0  entry.o(.ARM.Collect$$$$00000000)
    _main_stk                                0x08010131   Thumb Code     0  entry2.o(.ARM.Collect$$$$00000001)
    _main_scatterload                        0x08010135   Thumb Code     0  entry5.o(.ARM.Collect$$$$00000004)
    __main_after_scatterload                 0x08010139   Thumb Code     0  entry5.o(.ARM.Collect$$$$00000004)
    _main_clock                              0x08010139   Thumb Code     0  entry7b.o(.ARM.Collect$$$$00000008)
    _main_cpp_init                           0x08010139   Thumb Code     0  entry8b.o(.ARM.Collect$$$$0000000A)
    _main_init                               0x08010139   Thumb Code     0  entry9a.o(.ARM.Collect$$$$0000000B)
    __rt_lib_shutdown_fini                   0x08010141   Thumb Code     0  entry12b.o(.ARM.Collect$$$$0000000E)
    __rt_final_cpp                           0x08010145   Thumb Code     0  entry10a.o(.ARM.Collect$$$$0000000F)
    __rt_final_exit                          0x08010145   Thumb Code     0  entry11a.o(.ARM.Collect$$$$00000011)
    Reset_Handler                            0x08010149   Thumb Code     8  startup_gd32f10x_hd.o(.text)
    ADC0_1_IRQHandler                        0x08010163   Thumb Code     0  startup_gd32f10x_hd.o(.text)
    ADC2_IRQHandler                          0x08010163   Thumb Code     0  startup_gd32f10x_hd.o(.text)
    CAN0_EWMC_IRQHandler                     0x08010163   Thumb Code     0  startup_gd32f10x_hd.o(.text)
    CAN0_RX1_IRQHandler                      0x08010163   Thumb Code     0  startup_gd32f10x_hd.o(.text)
    DMA0_Channel0_IRQHandler                 0x08010163   Thumb Code     0  startup_gd32f10x_hd.o(.text)
    DMA0_Channel1_IRQHandler                 0x08010163   Thumb Code     0  startup_gd32f10x_hd.o(.text)
    DMA0_Channel2_IRQHandler                 0x08010163   Thumb Code     0  startup_gd32f10x_hd.o(.text)
    DMA0_Channel3_IRQHandler                 0x08010163   Thumb Code     0  startup_gd32f10x_hd.o(.text)
    DMA0_Channel4_IRQHandler                 0x08010163   Thumb Code     0  startup_gd32f10x_hd.o(.text)
    DMA0_Channel5_IRQHandler                 0x08010163   Thumb Code     0  startup_gd32f10x_hd.o(.text)
    DMA0_Channel6_IRQHandler                 0x08010163   Thumb Code     0  startup_gd32f10x_hd.o(.text)
    DMA1_Channel0_IRQHandler                 0x08010163   Thumb Code     0  startup_gd32f10x_hd.o(.text)
    DMA1_Channel1_IRQHandler                 0x08010163   Thumb Code     0  startup_gd32f10x_hd.o(.text)
    DMA1_Channel2_IRQHandler                 0x08010163   Thumb Code     0  startup_gd32f10x_hd.o(.text)
    DMA1_Channel3_4_IRQHandler               0x08010163   Thumb Code     0  startup_gd32f10x_hd.o(.text)
    EXMC_IRQHandler                          0x08010163   Thumb Code     0  startup_gd32f10x_hd.o(.text)
    EXTI10_15_IRQHandler                     0x08010163   Thumb Code     0  startup_gd32f10x_hd.o(.text)
    FMC_IRQHandler                           0x08010163   Thumb Code     0  startup_gd32f10x_hd.o(.text)
    I2C0_ER_IRQHandler                       0x08010163   Thumb Code     0  startup_gd32f10x_hd.o(.text)
    I2C0_EV_IRQHandler                       0x08010163   Thumb Code     0  startup_gd32f10x_hd.o(.text)
    I2C1_ER_IRQHandler                       0x08010163   Thumb Code     0  startup_gd32f10x_hd.o(.text)
    I2C1_EV_IRQHandler                       0x08010163   Thumb Code     0  startup_gd32f10x_hd.o(.text)
    LVD_IRQHandler                           0x08010163   Thumb Code     0  startup_gd32f10x_hd.o(.text)
    RCU_IRQHandler                           0x08010163   Thumb Code     0  startup_gd32f10x_hd.o(.text)
    RTC_Alarm_IRQHandler                     0x08010163   Thumb Code     0  startup_gd32f10x_hd.o(.text)
    SDIO_IRQHandler                          0x08010163   Thumb Code     0  startup_gd32f10x_hd.o(.text)
    SPI0_IRQHandler                          0x08010163   Thumb Code     0  startup_gd32f10x_hd.o(.text)
    SPI1_IRQHandler                          0x08010163   Thumb Code     0  startup_gd32f10x_hd.o(.text)
    SPI2_IRQHandler                          0x08010163   Thumb Code     0  startup_gd32f10x_hd.o(.text)
    TAMPER_IRQHandler                        0x08010163   Thumb Code     0  startup_gd32f10x_hd.o(.text)
    TIMER0_BRK_IRQHandler                    0x08010163   Thumb Code     0  startup_gd32f10x_hd.o(.text)
    TIMER0_Channel_IRQHandler                0x08010163   Thumb Code     0  startup_gd32f10x_hd.o(.text)
    TIMER0_TRG_CMT_IRQHandler                0x08010163   Thumb Code     0  startup_gd32f10x_hd.o(.text)
    TIMER0_UP_IRQHandler                     0x08010163   Thumb Code     0  startup_gd32f10x_hd.o(.text)
    TIMER1_IRQHandler                        0x08010163   Thumb Code     0  startup_gd32f10x_hd.o(.text)
    TIMER2_IRQHandler                        0x08010163   Thumb Code     0  startup_gd32f10x_hd.o(.text)
    TIMER3_IRQHandler                        0x08010163   Thumb Code     0  startup_gd32f10x_hd.o(.text)
    TIMER5_IRQHandler                        0x08010163   Thumb Code     0  startup_gd32f10x_hd.o(.text)
    TIMER6_IRQHandler                        0x08010163   Thumb Code     0  startup_gd32f10x_hd.o(.text)
    TIMER7_BRK_IRQHandler                    0x08010163   Thumb Code     0  startup_gd32f10x_hd.o(.text)
    TIMER7_Channel_IRQHandler                0x08010163   Thumb Code     0  startup_gd32f10x_hd.o(.text)
    TIMER7_TRG_CMT_IRQHandler                0x08010163   Thumb Code     0  startup_gd32f10x_hd.o(.text)
    TIMER7_UP_IRQHandler                     0x08010163   Thumb Code     0  startup_gd32f10x_hd.o(.text)
    UART3_IRQHandler                         0x08010163   Thumb Code     0  startup_gd32f10x_hd.o(.text)
    UART4_IRQHandler                         0x08010163   Thumb Code     0  startup_gd32f10x_hd.o(.text)
    USBD_HP_CAN0_TX_IRQHandler               0x08010163   Thumb Code     0  startup_gd32f10x_hd.o(.text)
    USBD_LP_CAN0_RX0_IRQHandler              0x08010163   Thumb Code     0  startup_gd32f10x_hd.o(.text)
    USBD_WKUP_IRQHandler                     0x08010163   Thumb Code     0  startup_gd32f10x_hd.o(.text)
    WWDGT_IRQHandler                         0x08010163   Thumb Code     0  startup_gd32f10x_hd.o(.text)
    __aeabi_memcpy                           0x0801016d   Thumb Code    36  memcpya.o(.text)
    __aeabi_memcpy4                          0x0801016d   Thumb Code     0  memcpya.o(.text)
    __aeabi_memcpy8                          0x0801016d   Thumb Code     0  memcpya.o(.text)
    __aeabi_memset                           0x08010191   Thumb Code    14  memseta.o(.text)
    __aeabi_memset4                          0x08010191   Thumb Code     0  memseta.o(.text)
    __aeabi_memset8                          0x08010191   Thumb Code     0  memseta.o(.text)
    __aeabi_memclr                           0x0801019f   Thumb Code     4  memseta.o(.text)
    __aeabi_memclr4                          0x0801019f   Thumb Code     0  memseta.o(.text)
    __aeabi_memclr8                          0x0801019f   Thumb Code     0  memseta.o(.text)
    _memset$wrapper                          0x080101a3   Thumb Code    18  memseta.o(.text)
    strncpy                                  0x080101b5   Thumb Code    24  strncpy.o(.text)
    strlen                                   0x080101cd   Thumb Code    14  strlen.o(.text)
    __aeabi_fmul                             0x080101db   Thumb Code   100  fmul.o(.text)
    __aeabi_fdiv                             0x0801023f   Thumb Code   124  fdiv.o(.text)
    __aeabi_dadd                             0x080102bb   Thumb Code   322  dadd.o(.text)
    __aeabi_dsub                             0x080103fd   Thumb Code     6  dadd.o(.text)
    __aeabi_drsub                            0x08010403   Thumb Code     6  dadd.o(.text)
    __aeabi_dmul                             0x08010409   Thumb Code   228  dmul.o(.text)
    __aeabi_ddiv                             0x080104ed   Thumb Code   222  ddiv.o(.text)
    __aeabi_ui2f                             0x080105cb   Thumb Code    10  ffltui.o(.text)
    __aeabi_f2iz                             0x080105d5   Thumb Code    50  ffixi.o(.text)
    __aeabi_f2d                              0x08010607   Thumb Code    38  f2d.o(.text)
    __aeabi_d2f                              0x0801062d   Thumb Code    56  d2f.o(.text)
    __aeabi_uidiv                            0x08010665   Thumb Code     0  uidiv.o(.text)
    __aeabi_uidivmod                         0x08010665   Thumb Code    44  uidiv.o(.text)
    __aeabi_uldivmod                         0x08010691   Thumb Code    98  uldiv.o(.text)
    __aeabi_llsl                             0x080106f3   Thumb Code    30  llshl.o(.text)
    _ll_shift_l                              0x080106f3   Thumb Code     0  llshl.o(.text)
    __aeabi_lasr                             0x08010711   Thumb Code    36  llsshr.o(.text)
    _ll_sshift_r                             0x08010711   Thumb Code     0  llsshr.o(.text)
    __I$use$fp                               0x08010735   Thumb Code     0  iusefp.o(.text)
    _float_round                             0x08010735   Thumb Code    18  fepilogue.o(.text)
    _float_epilogue                          0x08010747   Thumb Code    92  fepilogue.o(.text)
    _double_round                            0x080107a3   Thumb Code    30  depilogue.o(.text)
    _double_epilogue                         0x080107c1   Thumb Code   156  depilogue.o(.text)
    __aeabi_d2ulz                            0x0801085d   Thumb Code    48  dfixul.o(.text)
    __aeabi_cdrcmple                         0x0801088d   Thumb Code    48  cdrcmple.o(.text)
    __scatterload                            0x080108bd   Thumb Code    28  init.o(.text)
    __scatterload_rt2                        0x080108bd   Thumb Code     0  init.o(.text)
    __aeabi_llsr                             0x080108e1   Thumb Code    32  llushr.o(.text)
    _ll_ushift_r                             0x080108e1   Thumb Code     0  llushr.o(.text)
    __decompress                             0x08010901   Thumb Code     0  __dczerorl2.o(.text)
    __decompress1                            0x08010901   Thumb Code    86  __dczerorl2.o(.text)
    BusFault_Handler                         0x08010957   Thumb Code     4  gd32f10x_it.o(i.BusFault_Handler)
    Cal_Crc16_xmodem                         0x0801095d   Thumb Code    46  crc16_xmodem.o(i.Cal_Crc16_xmodem)
    DebugMon_Handler                         0x08010991   Thumb Code     4  gd32f10x_it.o(i.DebugMon_Handler)
    EXTI0_IRQHandler                         0x08010995   Thumb Code    30  gd32f10x_it.o(i.EXTI0_IRQHandler)
    EXTI1_IRQHandler                         0x080109b9   Thumb Code    30  gd32f10x_it.o(i.EXTI1_IRQHandler)
    EXTI2_IRQHandler                         0x080109dd   Thumb Code    30  gd32f10x_it.o(i.EXTI2_IRQHandler)
    EXTI3_IRQHandler                         0x08010a01   Thumb Code    30  gd32f10x_it.o(i.EXTI3_IRQHandler)
    EXTI4_IRQHandler                         0x08010a25   Thumb Code    34  gd32f10x_it.o(i.EXTI4_IRQHandler)
    EXTI5_9_IRQHandler                       0x08010a4d   Thumb Code   106  gd32f10x_it.o(i.EXTI5_9_IRQHandler)
    FLASH_PagesMask                          0x08010ac9   Thumb Code    24  w5500_conf.o(i.FLASH_PagesMask)
    Get_UUID                                 0x08010ae1   Thumb Code   146  w5500_conf.o(i.Get_UUID)
    HardFault_Handler                        0x08010b79   Thumb Code     4  gd32f10x_it.o(i.HardFault_Handler)
    IIC_Ack                                  0x08010b7d   Thumb Code    60  i2c_io.o(i.IIC_Ack)
    IIC_NAck                                 0x08010bbd   Thumb Code    60  i2c_io.o(i.IIC_NAck)
    IIC_Read_Byte                            0x08010bfd   Thumb Code    88  i2c_io.o(i.IIC_Read_Byte)
    IIC_Send_Byte                            0x08010c59   Thumb Code    96  i2c_io.o(i.IIC_Send_Byte)
    IIC_Start                                0x08010cbd   Thumb Code    52  i2c_io.o(i.IIC_Start)
    IIC_Stop                                 0x08010cf5   Thumb Code    52  i2c_io.o(i.IIC_Stop)
    IIC_Wait_Ack                             0x08010d2d   Thumb Code    78  i2c_io.o(i.IIC_Wait_Ack)
    IINCHIP_READ                             0x08010d81   Thumb Code    50  w5500_conf.o(i.IINCHIP_READ)
    IINCHIP_SpiSendData                      0x08010db3   Thumb Code    12  w5500_conf.o(i.IINCHIP_SpiSendData)
    IINCHIP_WRITE                            0x08010dbf   Thumb Code    50  w5500_conf.o(i.IINCHIP_WRITE)
    Init_MAX7219                             0x08010df1   Thumb Code   112  max7219.o(i.Init_MAX7219)
    IsDeviceValid                            0x08010e61   Thumb Code    88  main.o(i.IsDeviceValid)
    Max7219_GPIOConfig                       0x08010ebd   Thumb Code    84  max7219.o(i.Max7219_GPIOConfig)
    Max7219_pinCLK_HIGH                      0x08010f19   Thumb Code    12  max7219.o(i.Max7219_pinCLK_HIGH)
    Max7219_pinCLK_LOW                       0x08010f29   Thumb Code    12  max7219.o(i.Max7219_pinCLK_LOW)
    Max7219_pinCS_HIGH                       0x08010f39   Thumb Code    14  max7219.o(i.Max7219_pinCS_HIGH)
    Max7219_pinCS_LOW                        0x08010f4d   Thumb Code    14  max7219.o(i.Max7219_pinCS_LOW)
    Max7219_pinDIN_HIGH                      0x08010f61   Thumb Code    12  max7219.o(i.Max7219_pinDIN_HIGH)
    Max7219_pinDIN_LOW                       0x08010f71   Thumb Code    12  max7219.o(i.Max7219_pinDIN_LOW)
    Max7219_power_init                       0x08010f81   Thumb Code    36  max7219.o(i.Max7219_power_init)
    MemManage_Handler                        0x08010fa9   Thumb Code     4  gd32f10x_it.o(i.MemManage_Handler)
    NMI_Handler                              0x08010fad   Thumb Code     4  gd32f10x_it.o(i.NMI_Handler)
    NetworkToFloat                           0x08010fd9   Thumb Code    28  main.o(i.NetworkToFloat)
    PendSV_Handler                           0x08010ff5   Thumb Code     4  gd32f10x_it.o(i.PendSV_Handler)
    RTC_IRQHandler                           0x08010ff9   Thumb Code    54  gd32f10x_it.o(i.RTC_IRQHandler)
    ReadSht20                                0x0801103d   Thumb Code   252  sht2x.o(i.ReadSht20)
    SDA_IN                                   0x08011159   Thumb Code    24  i2c_io.o(i.SDA_IN)
    SDA_OUT                                  0x08011175   Thumb Code    16  i2c_io.o(i.SDA_OUT)
    SHT21_Init                               0x08011189   Thumb Code    76  i2c_io.o(i.SHT21_Init)
    SHT21_ReadHumidity                       0x080111d9   Thumb Code    14  sht2x.o(i.SHT21_ReadHumidity)
    SHT21_ReadTemp                           0x080111e7   Thumb Code    14  sht2x.o(i.SHT21_ReadTemp)
    SPI_Eth_Init                             0x080111f5   Thumb Code   114  bsp_spi_eth.o(i.SPI_Eth_Init)
    SPI_Eth_SendByte                         0x08011275   Thumb Code    82  bsp_spi_eth.o(i.SPI_Eth_SendByte)
    SVC_Handler                              0x080112cd   Thumb Code     4  gd32f10x_it.o(i.SVC_Handler)
    SysTick_Handler                          0x080112d1   Thumb Code    12  gd32f10x_it.o(i.SysTick_Handler)
    SystemInit                               0x080112dd   Thumb Code   196  system_gd32f10x.o(i.SystemInit)
    TIM4_Configuration                       0x080113b1   Thumb Code    90  main.o(i.TIM4_Configuration)
    TIMER4_IRQHandler                        0x08011415   Thumb Code    26  gd32f10x_it.o(i.TIMER4_IRQHandler)
    USART0_IRQHandler                        0x08011435   Thumb Code   162  main.o(i.USART0_IRQHandler)
    USART1_IRQHandler                        0x08011511   Thumb Code    90  main.o(i.USART1_IRQHandler)
    USART2_IRQHandler                        0x08011581   Thumb Code    90  rs485.o(i.USART2_IRQHandler)
    UsageFault_Handler                       0x080115f1   Thumb Code     4  gd32f10x_it.o(i.UsageFault_Handler)
    Write_Max7219                            0x080115f5   Thumb Code    40  max7219.o(i.Write_Max7219)
    Write_Max7219_byte                       0x0801161d   Thumb Code    62  max7219.o(i.Write_Max7219_byte)
    _Debug2                                  0x0801165d   Thumb Code   146  main.o(i._Debug2)
    _Get_UUID                                0x08011715   Thumb Code   206  w5500_conf.o(i._Get_UUID)
    __0printf                                0x08011829   Thumb Code    22  printfa.o(i.__0printf)
    __1printf                                0x08011829   Thumb Code     0  printfa.o(i.__0printf)
    __2printf                                0x08011829   Thumb Code     0  printfa.o(i.__0printf)
    __c89printf                              0x08011829   Thumb Code     0  printfa.o(i.__0printf)
    printf                                   0x08011829   Thumb Code     0  printfa.o(i.__0printf)
    __0sprintf                               0x08011849   Thumb Code    34  printfa.o(i.__0sprintf)
    __1sprintf                               0x08011849   Thumb Code     0  printfa.o(i.__0sprintf)
    __2sprintf                               0x08011849   Thumb Code     0  printfa.o(i.__0sprintf)
    __c89sprintf                             0x08011849   Thumb Code     0  printfa.o(i.__0sprintf)
    sprintf                                  0x08011849   Thumb Code     0  printfa.o(i.__0sprintf)
    __0vsprintf                              0x08011871   Thumb Code    30  printfa.o(i.__0vsprintf)
    __1vsprintf                              0x08011871   Thumb Code     0  printfa.o(i.__0vsprintf)
    __2vsprintf                              0x08011871   Thumb Code     0  printfa.o(i.__0vsprintf)
    __c89vsprintf                            0x08011871   Thumb Code     0  printfa.o(i.__0vsprintf)
    vsprintf                                 0x08011871   Thumb Code     0  printfa.o(i.__0vsprintf)
    __scatterload_copy                       0x08011895   Thumb Code    14  handlers.o(i.__scatterload_copy)
    __scatterload_null                       0x080118a3   Thumb Code     2  handlers.o(i.__scatterload_null)
    __scatterload_zeroinit                   0x080118a5   Thumb Code    14  handlers.o(i.__scatterload_zeroinit)
    amkor_nc01_crc                           0x08012149   Thumb Code    38  main.o(i.amkor_nc01_crc)
    before_amkor_nc01_filter                 0x08012171   Thumb Code   232  main.o(i.before_amkor_nc01_filter)
    before_amkor_nc01_rs232_filter           0x080122a5   Thumb Code   232  main.o(i.before_amkor_nc01_rs232_filter)
    before_secs_filter                       0x080123e5   Thumb Code  1526  main.o(i.before_secs_filter)
    checkSecsLinkOk                          0x08012a6d   Thumb Code    30  main.o(i.checkSecsLinkOk)
    close                                    0x08012a9d   Thumb Code    52  socket.o(i.close)
    close_atsocket                           0x08012ad1   Thumb Code    28  attcp.o(i.close_atsocket)
    confit_rs485                             0x08012af1   Thumb Code    86  rs485.o(i.confit_rs485)
    delay_1ms                                0x08012b4d   Thumb Code    16  systick.o(i.delay_1ms)
    delay_decrement                          0x08012b61   Thumb Code    18  systick.o(i.delay_decrement)
    delay_ms                                 0x08012b79   Thumb Code    12  utility.o(i.delay_ms)
    delay_us                                 0x08012b85   Thumb Code    40  utility.o(i.delay_us)
    disconnect                               0x08012bb5   Thumb Code    38  socket.o(i.disconnect)
    do_attcp_cmd                             0x08012bdd   Thumb Code   278  attcp.o(i.do_attcp_cmd)
    do_fw_update                             0x08012d21   Thumb Code   422  fw_update.o(i.do_fw_update)
    do_secstcp_cmd                           0x08012f01   Thumb Code   286  secstcp.o(i.do_secstcp_cmd)
    do_udp_config                            0x0801304d   Thumb Code  1226  udp_config.o(i.do_udp_config)
    eth_rx_enque                             0x08013529   Thumb Code    82  queue.o(i.eth_rx_enque)
    exti_init                                0x08013581   Thumb Code   184  gd32f10x_exti.o(i.exti_init)
    exti_interrupt_enable                    0x0801363d   Thumb Code    12  gd32f10x_exti.o(i.exti_interrupt_enable)
    exti_interrupt_flag_clear                0x0801364d   Thumb Code     6  gd32f10x_exti.o(i.exti_interrupt_flag_clear)
    exti_interrupt_flag_get                  0x08013659   Thumb Code    18  gd32f10x_exti.o(i.exti_interrupt_flag_get)
    fmc_bank0_ready_wait                     0x08013671   Thumb Code    34  gd32f10x_fmc.o(i.fmc_bank0_ready_wait)
    fmc_bank0_state_get                      0x08013695   Thumb Code    44  gd32f10x_fmc.o(i.fmc_bank0_state_get)
    fmc_bank1_ready_wait                     0x080136c5   Thumb Code    34  gd32f10x_fmc.o(i.fmc_bank1_ready_wait)
    fmc_bank1_state_get                      0x080136e9   Thumb Code    44  gd32f10x_fmc.o(i.fmc_bank1_state_get)
    fmc_flag_clear                           0x08013719   Thumb Code    28  gd32f10x_fmc.o(i.fmc_flag_clear)
    fmc_lock                                 0x08013739   Thumb Code    34  gd32f10x_fmc.o(i.fmc_lock)
    fmc_page_erase                           0x08013765   Thumb Code   234  gd32f10x_fmc.o(i.fmc_page_erase)
    fmc_unlock                               0x0801385d   Thumb Code    52  gd32f10x_fmc.o(i.fmc_unlock)
    fmc_word_program                         0x080138a1   Thumb Code   178  gd32f10x_fmc.o(i.fmc_word_program)
    fputc                                    0x08013961   Thumb Code    32  main.o(i.fputc)
    gd_eval_com_init                         0x08013985   Thumb Code   208  board.o(i.gd_eval_com_init)
    generate_crc16                           0x08013a71   Thumb Code    46  crc16_xmodem.o(i.generate_crc16)
    getGAR                                   0x08013aa5   Thumb Code    16  w5500.o(i.getGAR)
    getIINCHIP_TxMAX                         0x08013ab5   Thumb Code    10  w5500.o(i.getIINCHIP_TxMAX)
    getSIPR                                  0x08013ac5   Thumb Code    18  w5500.o(i.getSIPR)
    getSUBR                                  0x08013ad7   Thumb Code    18  w5500.o(i.getSUBR)
    getSn_IR                                 0x08013ae9   Thumb Code    18  w5500.o(i.getSn_IR)
    getSn_RX_RSR                             0x08013afb   Thumb Code    84  w5500.o(i.getSn_RX_RSR)
    getSn_SR                                 0x08013b4f   Thumb Code    18  w5500.o(i.getSn_SR)
    getSn_TX_FSR                             0x08013b61   Thumb Code    84  w5500.o(i.getSn_TX_FSR)
    get_config                               0x08013bb5   Thumb Code    68  w5500_conf.o(i.get_config)
    gio_event_deque                          0x08013c09   Thumb Code    38  gp_io.o(i.gio_event_deque)
    gp_get_in                                0x08013c35   Thumb Code   152  gp_io.o(i.gp_get_in)
    gp_io_init                               0x08013ce1   Thumb Code   616  gp_io.o(i.gp_io_init)
    gp_set_out                               0x08013f51   Thumb Code   252  gp_io.o(i.gp_set_out)
    gpio_bit_reset                           0x08014065   Thumb Code     4  gd32f10x_gpio.o(i.gpio_bit_reset)
    gpio_bit_set                             0x08014069   Thumb Code     4  gd32f10x_gpio.o(i.gpio_bit_set)
    gpio_bit_write                           0x0801406d   Thumb Code    10  gd32f10x_gpio.o(i.gpio_bit_write)
    gpio_exti_source_select                  0x08014079   Thumb Code   146  gd32f10x_gpio.o(i.gpio_exti_source_select)
    gpio_for_w5500_config                    0x08014111   Thumb Code    60  w5500_conf.o(i.gpio_for_w5500_config)
    gpio_init                                0x08014155   Thumb Code   172  gd32f10x_gpio.o(i.gpio_init)
    gpio_input_bit_get                       0x08014201   Thumb Code    16  gd32f10x_gpio.o(i.gpio_input_bit_get)
    gpio_pin_remap_config                    0x08014211   Thumb Code   138  gd32f10x_gpio.o(i.gpio_pin_remap_config)
    iinchip_csoff                            0x080142a1   Thumb Code    10  w5500_conf.o(i.iinchip_csoff)
    iinchip_cson                             0x080142ab   Thumb Code    10  w5500_conf.o(i.iinchip_cson)
    init_rs485                               0x080142b5   Thumb Code    62  rs485.o(i.init_rs485)
    keypad_init                              0x080142f9   Thumb Code    28  keypad.o(i.keypad_init)
    led_init                                 0x08014321   Thumb Code    32  led.o(i.led_init)
    led_off                                  0x08014345   Thumb Code    34  led.o(i.led_off)
    led_on                                   0x0801436d   Thumb Code    34  led.o(i.led_on)
    led_spark                                0x08014395   Thumb Code   160  main.o(i.led_spark)
    led_toggle                               0x0801447d   Thumb Code    50  led.o(i.led_toggle)
    listen                                   0x080144b5   Thumb Code    62  socket.o(i.listen)
    load_nc01_parameters                     0x080144f5   Thumb Code   388  keypad.o(i.load_nc01_parameters)
    magnetic_gate_beep_on                    0x08014681   Thumb Code    18  main.o(i.magnetic_gate_beep_on)
    main                                     0x080146ad   Thumb Code   982  main.o(i.main)
    myputc                                   0x08014bc5   Thumb Code    30  main.o(i.myputc)
    myputstr                                 0x08014be9   Thumb Code    26  main.o(i.myputstr)
    nvic_configuration                       0x08014c05   Thumb Code    12  board.o(i.nvic_configuration)
    nvic_irq_enable                          0x08014c15   Thumb Code   162  gd32f10x_misc.o(i.nvic_irq_enable)
    nvic_priority_group_set                  0x08014cc1   Thumb Code    10  gd32f10x_misc.o(i.nvic_priority_group_set)
    nvic_vector_table_set                    0x08014cd5   Thumb Code    16  gd32f10x_misc.o(i.nvic_vector_table_set)
    process_com1_com2_test                   0x08014ced   Thumb Code   210  main.o(i.process_com1_com2_test)
    process_gpi_filter                       0x08014ddd   Thumb Code   160  main.o(i.process_gpi_filter)
    process_rcv_amkor_nc01_cmd               0x08014ea1   Thumb Code    74  main.o(i.process_rcv_amkor_nc01_cmd)
    process_rcv_amkor_nc01_rs232_cmd         0x08014f09   Thumb Code    82  main.o(i.process_rcv_amkor_nc01_rs232_cmd)
    process_rcv_secs_cmd                     0x08014f99   Thumb Code    70  main.o(i.process_rcv_secs_cmd)
    put_test_data_queue                      0x08014fdf   Thumb Code    44  main.o(i.put_test_data_queue)
    rcu_all_reset_flag_clear                 0x0801500d   Thumb Code    14  gd32f10x_rcu.o(i.rcu_all_reset_flag_clear)
    rcu_clock_freq_get                       0x08015021   Thumb Code   264  gd32f10x_rcu.o(i.rcu_clock_freq_get)
    rcu_flag_get                             0x08015145   Thumb Code    30  gd32f10x_rcu.o(i.rcu_flag_get)
    rcu_periph_clock_enable                  0x08015169   Thumb Code    28  gd32f10x_rcu.o(i.rcu_periph_clock_enable)
    rcu_periph_reset_disable                 0x08015189   Thumb Code    28  gd32f10x_rcu.o(i.rcu_periph_reset_disable)
    rcu_periph_reset_enable                  0x080151a9   Thumb Code    28  gd32f10x_rcu.o(i.rcu_periph_reset_enable)
    reboot                                   0x080151c9   Thumb Code    10  w5500_conf.o(i.reboot)
    recv                                     0x080151dd   Thumb Code    66  socket.o(i.recv)
    recv_data_processing                     0x08015221   Thumb Code   116  w5500.o(i.recv_data_processing)
    recvfrom                                 0x080152b5   Thumb Code   486  socket.o(i.recvfrom)
    report_S2F18                             0x080154b5   Thumb Code   186  secs.o(i.report_S2F18)
    report_S2F22                             0x080155b9   Thumb Code   148  secs.o(i.report_S2F22)
    reset_gpi_filter                         0x08015695   Thumb Code    56  main.o(i.reset_gpi_filter)
    reset_w5500                              0x080156d1   Thumb Code    38  w5500_conf.o(i.reset_w5500)
    rtc_configuration_mode_enter             0x080156fd   Thumb Code    14  gd32f10x_rtc.o(i.rtc_configuration_mode_enter)
    rtc_configuration_mode_exit              0x08015711   Thumb Code    14  gd32f10x_rtc.o(i.rtc_configuration_mode_exit)
    rtc_counter_get                          0x08015725   Thumb Code    16  gd32f10x_rtc.o(i.rtc_counter_get)
    rtc_counter_set                          0x08015739   Thumb Code    26  gd32f10x_rtc.o(i.rtc_counter_set)
    rtc_flag_clear                           0x08015759   Thumb Code    12  gd32f10x_rtc.o(i.rtc_flag_clear)
    rtc_flag_get                             0x08015769   Thumb Code    18  gd32f10x_rtc.o(i.rtc_flag_get)
    rtc_lwoff_wait                           0x08015781   Thumb Code    16  gd32f10x_rtc.o(i.rtc_lwoff_wait)
    secs_post_received_data                  0x08015795   Thumb Code    50  sio.o(i.secs_post_received_data)
    send                                     0x080157cd   Thumb Code   216  socket.o(i.send)
    send_data_processing                     0x080158b9   Thumb Code   116  w5500.o(i.send_data_processing)
    send_secs_socket                         0x0801594d   Thumb Code    54  secstcp.o(i.send_secs_socket)
    send_tcp_socket                          0x08015989   Thumb Code    54  attcp.o(i.send_tcp_socket)
    sendto                                   0x080159c5   Thumb Code   268  socket.o(i.sendto)
    setGAR                                   0x08015ad1   Thumb Code    16  w5500.o(i.setGAR)
    setRCR                                   0x08015ae1   Thumb Code    16  w5500.o(i.setRCR)
    setRTR                                   0x08015af1   Thumb Code    26  w5500.o(i.setRTR)
    setSHAR                                  0x08015b0b   Thumb Code    18  w5500.o(i.setSHAR)
    setSIPR                                  0x08015b1d   Thumb Code    18  w5500.o(i.setSIPR)
    setSUBR                                  0x08015b2f   Thumb Code    18  w5500.o(i.setSUBR)
    setSn_IR                                 0x08015b41   Thumb Code    22  w5500.o(i.setSn_IR)
    set_default                              0x08015b59   Thumb Code   142  w5500_conf.o(i.set_default)
    set_network                              0x08015c01   Thumb Code   164  w5500_conf.o(i.set_network)
    sio_byte_buf_enqueue                     0x08015d11   Thumb Code    16  sio.o(i.sio_byte_buf_enqueue)
    sio_byte_buf_flush                       0x08015d21   Thumb Code    14  sio.o(i.sio_byte_buf_flush)
    sio_post_received_data                   0x08015d31   Thumb Code    50  sio.o(i.sio_post_received_data)
    socket                                   0x08015d69   Thumb Code   192  socket.o(i.socket)
    socket_buf_init                          0x08015e2d   Thumb Code   128  w5500.o(i.socket_buf_init)
    spi_crc_polynomial_set                   0x08015eb5   Thumb Code    12  gd32f10x_spi.o(i.spi_crc_polynomial_set)
    spi_enable                               0x08015ec1   Thumb Code    10  gd32f10x_spi.o(i.spi_enable)
    spi_i2s_data_receive                     0x08015ecb   Thumb Code     8  gd32f10x_spi.o(i.spi_i2s_data_receive)
    spi_i2s_data_transmit                    0x08015ed3   Thumb Code     4  gd32f10x_spi.o(i.spi_i2s_data_transmit)
    spi_i2s_flag_get                         0x08015ed7   Thumb Code    16  gd32f10x_spi.o(i.spi_i2s_flag_get)
    spi_init                                 0x08015ee7   Thumb Code    50  gd32f10x_spi.o(i.spi_init)
    start_TIM4                               0x08015f19   Thumb Code    10  main.o(i.start_TIM4)
    stop_TIM4                                0x08015f29   Thumb Code    10  main.o(i.stop_TIM4)
    switchLEDmode                            0x08015f39   Thumb Code   310  main.o(i.switchLEDmode)
    systick_config                           0x08016151   Thumb Code    74  systick.o(i.systick_config)
    timer4_isr                               0x080161a1   Thumb Code   198  main.o(i.timer4_isr)
    timer_deinit                             0x08016295   Thumb Code   210  gd32f10x_timer.o(i.timer_deinit)
    timer_disable                            0x08016371   Thumb Code    10  gd32f10x_timer.o(i.timer_disable)
    timer_enable                             0x0801637b   Thumb Code    10  gd32f10x_timer.o(i.timer_enable)
    timer_init                               0x08016385   Thumb Code   170  gd32f10x_timer.o(i.timer_init)
    timer_interrupt_enable                   0x08016465   Thumb Code     8  gd32f10x_timer.o(i.timer_interrupt_enable)
    timer_interrupt_flag_clear               0x0801646d   Thumb Code     6  gd32f10x_timer.o(i.timer_interrupt_flag_clear)
    timer_interrupt_flag_get                 0x08016473   Thumb Code    24  gd32f10x_timer.o(i.timer_interrupt_flag_get)
    usart_baudrate_set                       0x0801648d   Thumb Code   136  gd32f10x_usart.o(i.usart_baudrate_set)
    usart_data_receive                       0x0801651d   Thumb Code    10  gd32f10x_usart.o(i.usart_data_receive)
    usart_data_transmit                      0x08016527   Thumb Code     8  gd32f10x_usart.o(i.usart_data_transmit)
    usart_deinit                             0x08016531   Thumb Code   136  gd32f10x_usart.o(i.usart_deinit)
    usart_enable                             0x080165c1   Thumb Code    10  gd32f10x_usart.o(i.usart_enable)
    usart_flag_get                           0x080165cb   Thumb Code    30  gd32f10x_usart.o(i.usart_flag_get)
    usart_hardware_flow_cts_config           0x080165e9   Thumb Code    20  gd32f10x_usart.o(i.usart_hardware_flow_cts_config)
    usart_hardware_flow_rts_config           0x080165fd   Thumb Code    20  gd32f10x_usart.o(i.usart_hardware_flow_rts_config)
    usart_interrupt_enable                   0x08016611   Thumb Code    26  gd32f10x_usart.o(i.usart_interrupt_enable)
    usart_interrupt_flag_clear               0x0801662b   Thumb Code    18  gd32f10x_usart.o(i.usart_interrupt_flag_clear)
    usart_interrupt_flag_get                 0x0801663d   Thumb Code    56  gd32f10x_usart.o(i.usart_interrupt_flag_get)
    usart_parity_config                      0x08016675   Thumb Code    16  gd32f10x_usart.o(i.usart_parity_config)
    usart_receive_config                     0x08016685   Thumb Code    16  gd32f10x_usart.o(i.usart_receive_config)
    usart_stop_bit_set                       0x08016695   Thumb Code    16  gd32f10x_usart.o(i.usart_stop_bit_set)
    usart_transmit_config                    0x080166a5   Thumb Code    16  gd32f10x_usart.o(i.usart_transmit_config)
    usart_word_length_set                    0x080166b5   Thumb Code    16  gd32f10x_usart.o(i.usart_word_length_set)
    usercmd_deque                            0x080166c5   Thumb Code    44  queue.o(i.usercmd_deque)
    usercmd_enque                            0x080166f5   Thumb Code    98  queue.o(i.usercmd_enque)
    wdt_hw_disable                           0x0801675d   Thumb Code    14  wdt_hw.o(i.wdt_hw_disable)
    wdt_hw_enable                            0x08016771   Thumb Code    14  wdt_hw.o(i.wdt_hw_enable)
    wdt_hw_int                               0x08016785   Thumb Code    60  wdt_hw.o(i.wdt_hw_int)
    wdt_hw_set_wdi                           0x080167c5   Thumb Code    32  wdt_hw.o(i.wdt_hw_set_wdi)
    wiz_cs                                   0x080167e9   Thumb Code    32  w5500_conf.o(i.wiz_cs)
    wiz_read_buf                             0x0801680d   Thumb Code    78  w5500_conf.o(i.wiz_read_buf)
    wiz_write_buf                            0x08016875   Thumb Code    80  w5500_conf.o(i.wiz_write_buf)
    write_config_to_flash                    0x080168dd   Thumb Code   102  w5500_conf.o(i.write_config_to_flash)
    write_ver_to_flash                       0x08016969   Thumb Code   104  w5500_conf.o(i.write_ver_to_flash)
    FWSWver                                  0x080169ec   Data           2  main.o(.constdata)
    SECS_S2F17_HEADER_RESP                   0x08016a3d   Data          14  secs.o(.constdata)
    SECS_S2F18_HEADER_RESP                   0x08016a4b   Data          14  secs.o(.constdata)
    SECS_S2F22_HEADER_RESP                   0x08016a59   Data          14  secs.o(.constdata)
    SECS_S5F1_HEADER_RESP                    0x08016a67   Data          14  secs.o(.constdata)
    SECS_S18F81_HEADER_RESP                  0x08016a75   Data          14  secs.o(.constdata)
    Region$$Table$$Base                      0x08016afc   Number         0  anon$$obj.o(Region$$Table)
    Region$$Table$$Limit                     0x08016b1c   Number         0  anon$$obj.o(Region$$Table)
    hw_wdt_test                              0x20000004   Data           1  main.o(.data)
    link_test_tick                           0x20000008   Data           4  main.o(.data)
    link_ok                                  0x2000000c   Data           4  main.o(.data)
    ms_counter                               0x20000010   Data           4  main.o(.data)
    JY_DAM_A2_RESP_LENGTH                    0x20000018   Data           1  main.o(.data)
    MAX_TICK                                 0x2000001c   Data           4  main.o(.data)
    hb_sta                                   0x20000020   Data           4  main.o(.data)
    hb_rsp                                   0x20000024   Data           1  main.o(.data)
    hb_enable                                0x20000025   Data           1  main.o(.data)
    ledmode                                  0x20000026   Data           1  main.o(.data)
    maxcount                                 0x20000028   Data           2  main.o(.data)
    redledmode                               0x2000002a   Data           1  main.o(.data)
    greenledmode                             0x2000002b   Data           1  main.o(.data)
    blueledmode                              0x2000002c   Data           1  main.o(.data)
    greenDelay                               0x20000030   Data           4  main.o(.data)
    redDelay                                 0x20000034   Data           4  main.o(.data)
    blueDelay                                0x20000038   Data           4  main.o(.data)
    m_reset_event                            0x20000040   Data           1  main.o(.data)
    skip_counter                             0x20000044   Data           4  main.o(.data)
    p_run_counter                            0x20000048   Data           4  main.o(.data)
    bIwdg_reset                              0x2000004c   Data           1  main.o(.data)
    ValidDevice_ok                           0x2000004d   Data           1  main.o(.data)
    targetid                                 0x2000004e   Data           1  main.o(.data)
    ceid                                     0x2000004f   Data           1  main.o(.data)
    debug_flag                               0x20000050   Data           1  main.o(.data)
    bSetDefaultRtc                           0x20000051   Data           1  main.o(.data)
    initrtc                                  0x20000052   Data           8  main.o(.data)
    magnetic_gate_beep_delay_enable          0x2000005a   Data           1  main.o(.data)
    magnetic_gate_beep_delay_time            0x2000005c   Data           4  main.o(.data)
    magnetic_gate_beep_delay_count           0x20000060   Data           4  main.o(.data)
    magnetic_gate_beep_delay_Done            0x20000064   Data           1  main.o(.data)
    uart_test_port                           0x20000065   Data           1  main.o(.data)
    uart_test_flag                           0x20000066   Data           1  main.o(.data)
    gpi_trigger_event                        0x20000067   Data          32  main.o(.data)
    SystemCoreClock                          0x20000098   Data           4  system_gd32f10x.o(.data)
    atrxLen                                  0x2000009c   Data           4  attcp.o(.data)
    atLen                                    0x200000a0   Data           4  attcp.o(.data)
    tcpstatus                                0x200000a4   Data           4  attcp.o(.data)
    postH                                    0x200000a8   Data         299  auto_update.o(.data)
    flg                                      0x200001d3   Data           1  auto_update.o(.data)
    tail                                     0x200001d4   Data           1  auto_update.o(.data)
    data_len                                 0x200001d8   Data           4  auto_update.o(.data)
    rx_len                                   0x200001dc   Data           2  auto_update.o(.data)
    update_flag                              0x200001de   Data           1  auto_update.o(.data)
    yeelink_server_ip                        0x200001df   Data           4  auto_update.o(.data)
    yeelink_server_port                      0x200001e3   Data           1  auto_update.o(.data)
    anyport                                  0x200001e4   Data           2  auto_update.o(.data)
    content_len                              0x200001e8   Data           4  auto_update.o(.data)
    recv_count                               0x200001ec   Data           4  auto_update.o(.data)
    ver_num                                  0x200001f0   Data          10  auto_update.o(.data)
    sckState                                 0x200001fa   Data           1  udp_config.o(.data)
    len                                      0x200001fc   Data           2  udp_config.o(.data)
    rIP                                      0x200001fe   Data           4  udp_config.o(.data)
    rPort                                    0x20000202   Data           2  udp_config.o(.data)
    bIP                                      0x20000204   Data           4  udp_config.o(.data)
    txsize                                   0x20000208   Data           8  w5500.o(.data)
    rxsize                                   0x20000210   Data           8  w5500.o(.data)
    mac                                      0x20000218   Data           6  w5500_conf.o(.data)
    local_ip                                 0x2000021e   Data           4  w5500_conf.o(.data)
    subnet                                   0x20000222   Data           4  w5500_conf.o(.data)
    gateway                                  0x20000226   Data           4  w5500_conf.o(.data)
    dns_server                               0x2000022a   Data           4  w5500_conf.o(.data)
    local_port                               0x2000022e   Data           2  w5500_conf.o(.data)
    remote_ip                                0x20000230   Data           4  w5500_conf.o(.data)
    remote_port                              0x20000234   Data           2  w5500_conf.o(.data)
    ip_from                                  0x20000236   Data           1  w5500_conf.o(.data)
    dhcp_ok                                  0x20000237   Data           1  w5500_conf.o(.data)
    ms                                       0x20000238   Data           4  w5500_conf.o(.data)
    dhcp_time                                0x2000023c   Data           4  w5500_conf.o(.data)
    ntptimer                                 0x20000240   Data           1  w5500_conf.o(.data)
    rxLen                                    0x20000244   Data           4  fw_update.o(.data)
    fLen                                     0x20000248   Data           4  fw_update.o(.data)
    nPage                                    0x2000024c   Data           4  fw_update.o(.data)
    nErasedPage                              0x20000250   Data           4  fw_update.o(.data)
    flashDest                                0x20000254   Data           4  fw_update.o(.data)
    pageSize                                 0x20000258   Data           2  fw_update.o(.data)
    isErased                                 0x2000025a   Data           1  fw_update.o(.data)
    secsrxLen                                0x2000025c   Data           4  secstcp.o(.data)
    secsLen                                  0x20000260   Data           4  secstcp.o(.data)
    secstcpstatus                            0x20000264   Data           4  secstcp.o(.data)
    SECS_S18F9_ENABLE                        0x200002e8   Data           1  secs.o(.data)
    SECS_Code                                0x200002ec   Data           4  secs.o(.data)
    SECS_S1F2_HEADER_RESP                    0x200002f0   Data          16  secs.o(.data)
    SECS_S1F1_DATA_RESP                      0x20000300   Data          45  secs.o(.data)
    SECS_S18F10_HEADER_RESP                  0x2000032d   Data          14  secs.o(.data)
    SECS_S18F10_DATA_RESP                    0x2000033b   Data          12  secs.o(.data)
    SECS_S18F10_DATA2_RESP                   0x20000347   Data          21  secs.o(.data)
    SECS_S18F16_HEADER_RESP                  0x2000035c   Data          14  secs.o(.data)
    SECS_S18F16_DATA_RESP                    0x2000036a   Data           5  secs.o(.data)
    SECS_S18F71_HEADER_RESP                  0x2000036f   Data          14  secs.o(.data)
    SECS_S18F75_HEADER_RESP                  0x2000037d   Data          14  secs.o(.data)
    SECS_S18F7X_Sn                           0x2000038b   Data           1  secs.o(.data)
    timedisplay                              0x2000038c   Data           4  rtc.o(.data)
    fnx_par                                  0x20000594   Data          88  keypad.o(.data)
    __stdout                                 0x20000600   Data           4  stdout.o(.data)
    JY_DAM_A2_RESP                           0x20000604   Data          64  main.o(.bss)
    gpi_filter                               0x20000644   Data          64  main.o(.bss)
    atbuf                                    0x20000684   Data         256  attcp.o(.bss)
    SSIZE                                    0x20000784   Data          16  w5500.o(.bss)
    RSIZE                                    0x20000794   Data          16  w5500.o(.bss)
    DHCP_GET                                 0x200007a4   Data          22  w5500_conf.o(.bss)
    ConfigMsg                                0x200007ba   Data          80  w5500_conf.o(.bss)
    RecvMsg                                  0x2000080a   Data          80  w5500_conf.o(.bss)
    EEPROM_MSG                               0x2000085a   Data          18  w5500_conf.o(.bss)
    buf                                      0x2000086c   Data        1024  fw_update.o(.bss)
    secsbuf                                  0x20000c6c   Data         256  secstcp.o(.bss)
    usercmd_packets_list                     0x20000d6c   Data        1056  queue.o(.bss)
    eth_rx_packets_list                      0x2000118c   Data        1056  queue.o(.bss)
    sio_rx_buf                               0x200015ac   Data         130  sio.o(.bss)
    secs_rx_buf                              0x2000162e   Data         130  sio.o(.bss)
    rs232_rx_buf_console                     0x200016b0   Data         130  sio.o(.bss)
    gpio_event_list                          0x20001734   Data         288  gp_io.o(.bss)
    lf_event_list                            0x20001854   Data         160  gp_io.o(.bss)
    __initial_sp                             0x20001cf8   Data           0  startup_gd32f10x_hd.o(STACK)



==============================================================================

Memory Map of the image

  Image Entry point : 0x08010131

  Load Region LR_IROM1 (Base: 0x08010000, Size: 0x00007120, Max: 0x00080000, ABSOLUTE, COMPRESSED[0x00006f88])

    Execution Region ER_IROM1 (Exec base: 0x08010000, Load base: 0x08010000, Size: 0x00006b1c, Max: 0x00080000, ABSOLUTE)

    Exec Addr    Load Addr    Size         Type   Attr      Idx    E Section Name        Object

    0x08010000   0x08010000   0x00000130   Data   RO         4271    RESET               startup_gd32f10x_hd.o
    0x08010130   0x08010130   0x00000000   Code   RO         6074  * .ARM.Collect$$$$00000000  mc_w.l(entry.o)
    0x08010130   0x08010130   0x00000004   Code   RO         6378    .ARM.Collect$$$$00000001  mc_w.l(entry2.o)
    0x08010134   0x08010134   0x00000004   Code   RO         6381    .ARM.Collect$$$$00000004  mc_w.l(entry5.o)
    0x08010138   0x08010138   0x00000000   Code   RO         6383    .ARM.Collect$$$$00000008  mc_w.l(entry7b.o)
    0x08010138   0x08010138   0x00000000   Code   RO         6385    .ARM.Collect$$$$0000000A  mc_w.l(entry8b.o)
    0x08010138   0x08010138   0x00000008   Code   RO         6386    .ARM.Collect$$$$0000000B  mc_w.l(entry9a.o)
    0x08010140   0x08010140   0x00000004   Code   RO         6393    .ARM.Collect$$$$0000000E  mc_w.l(entry12b.o)
    0x08010144   0x08010144   0x00000000   Code   RO         6388    .ARM.Collect$$$$0000000F  mc_w.l(entry10a.o)
    0x08010144   0x08010144   0x00000000   Code   RO         6390    .ARM.Collect$$$$00000011  mc_w.l(entry11a.o)
    0x08010144   0x08010144   0x00000004   Code   RO         6379    .ARM.Collect$$$$00002712  mc_w.l(entry2.o)
    0x08010148   0x08010148   0x00000024   Code   RO         4272    .text               startup_gd32f10x_hd.o
    0x0801016c   0x0801016c   0x00000024   Code   RO         6077    .text               mc_w.l(memcpya.o)
    0x08010190   0x08010190   0x00000024   Code   RO         6079    .text               mc_w.l(memseta.o)
    0x080101b4   0x080101b4   0x00000018   Code   RO         6083    .text               mc_w.l(strncpy.o)
    0x080101cc   0x080101cc   0x0000000e   Code   RO         6085    .text               mc_w.l(strlen.o)
    0x080101da   0x080101da   0x00000064   Code   RO         6360    .text               mf_w.l(fmul.o)
    0x0801023e   0x0801023e   0x0000007c   Code   RO         6362    .text               mf_w.l(fdiv.o)
    0x080102ba   0x080102ba   0x0000014e   Code   RO         6364    .text               mf_w.l(dadd.o)
    0x08010408   0x08010408   0x000000e4   Code   RO         6366    .text               mf_w.l(dmul.o)
    0x080104ec   0x080104ec   0x000000de   Code   RO         6368    .text               mf_w.l(ddiv.o)
    0x080105ca   0x080105ca   0x0000000a   Code   RO         6370    .text               mf_w.l(ffltui.o)
    0x080105d4   0x080105d4   0x00000032   Code   RO         6372    .text               mf_w.l(ffixi.o)
    0x08010606   0x08010606   0x00000026   Code   RO         6374    .text               mf_w.l(f2d.o)
    0x0801062c   0x0801062c   0x00000038   Code   RO         6376    .text               mf_w.l(d2f.o)
    0x08010664   0x08010664   0x0000002c   Code   RO         6395    .text               mc_w.l(uidiv.o)
    0x08010690   0x08010690   0x00000062   Code   RO         6397    .text               mc_w.l(uldiv.o)
    0x080106f2   0x080106f2   0x0000001e   Code   RO         6399    .text               mc_w.l(llshl.o)
    0x08010710   0x08010710   0x00000024   Code   RO         6401    .text               mc_w.l(llsshr.o)
    0x08010734   0x08010734   0x00000000   Code   RO         6403    .text               mc_w.l(iusefp.o)
    0x08010734   0x08010734   0x0000006e   Code   RO         6404    .text               mf_w.l(fepilogue.o)
    0x080107a2   0x080107a2   0x000000ba   Code   RO         6406    .text               mf_w.l(depilogue.o)
    0x0801085c   0x0801085c   0x00000030   Code   RO         6408    .text               mf_w.l(dfixul.o)
    0x0801088c   0x0801088c   0x00000030   Code   RO         6410    .text               mf_w.l(cdrcmple.o)
    0x080108bc   0x080108bc   0x00000024   Code   RO         6412    .text               mc_w.l(init.o)
    0x080108e0   0x080108e0   0x00000020   Code   RO         6414    .text               mc_w.l(llushr.o)
    0x08010900   0x08010900   0x00000056   Code   RO         6424    .text               mc_w.l(__dczerorl2.o)
    0x08010956   0x08010956   0x00000004   Code   RO            3    i.BusFault_Handler  gd32f10x_it.o
    0x0801095a   0x0801095a   0x00000002   PAD
    0x0801095c   0x0801095c   0x00000034   Code   RO         5628    i.Cal_Crc16_xmodem  crc16_xmodem.o
    0x08010990   0x08010990   0x00000004   Code   RO            4    i.DebugMon_Handler  gd32f10x_it.o
    0x08010994   0x08010994   0x00000024   Code   RO            5    i.EXTI0_IRQHandler  gd32f10x_it.o
    0x080109b8   0x080109b8   0x00000024   Code   RO            6    i.EXTI1_IRQHandler  gd32f10x_it.o
    0x080109dc   0x080109dc   0x00000024   Code   RO            7    i.EXTI2_IRQHandler  gd32f10x_it.o
    0x08010a00   0x08010a00   0x00000024   Code   RO            8    i.EXTI3_IRQHandler  gd32f10x_it.o
    0x08010a24   0x08010a24   0x00000028   Code   RO            9    i.EXTI4_IRQHandler  gd32f10x_it.o
    0x08010a4c   0x08010a4c   0x0000007c   Code   RO           10    i.EXTI5_9_IRQHandler  gd32f10x_it.o
    0x08010ac8   0x08010ac8   0x00000018   Code   RO         4865    i.FLASH_PagesMask   w5500_conf.o
    0x08010ae0   0x08010ae0   0x00000098   Code   RO         4866    i.Get_UUID          w5500_conf.o
    0x08010b78   0x08010b78   0x00000004   Code   RO           11    i.HardFault_Handler  gd32f10x_it.o
    0x08010b7c   0x08010b7c   0x00000040   Code   RO         5949    i.IIC_Ack           i2c_io.o
    0x08010bbc   0x08010bbc   0x00000040   Code   RO         5950    i.IIC_NAck          i2c_io.o
    0x08010bfc   0x08010bfc   0x0000005c   Code   RO         5951    i.IIC_Read_Byte     i2c_io.o
    0x08010c58   0x08010c58   0x00000064   Code   RO         5952    i.IIC_Send_Byte     i2c_io.o
    0x08010cbc   0x08010cbc   0x00000038   Code   RO         5953    i.IIC_Start         i2c_io.o
    0x08010cf4   0x08010cf4   0x00000038   Code   RO         5954    i.IIC_Stop          i2c_io.o
    0x08010d2c   0x08010d2c   0x00000054   Code   RO         5955    i.IIC_Wait_Ack      i2c_io.o
    0x08010d80   0x08010d80   0x00000032   Code   RO         4867    i.IINCHIP_READ      w5500_conf.o
    0x08010db2   0x08010db2   0x0000000c   Code   RO         4868    i.IINCHIP_SpiSendData  w5500_conf.o
    0x08010dbe   0x08010dbe   0x00000032   Code   RO         4869    i.IINCHIP_WRITE     w5500_conf.o
    0x08010df0   0x08010df0   0x00000070   Code   RO         5793    i.Init_MAX7219      max7219.o
    0x08010e60   0x08010e60   0x0000005c   Code   RO          285    i.IsDeviceValid     main.o
    0x08010ebc   0x08010ebc   0x0000005c   Code   RO         5796    i.Max7219_GPIOConfig  max7219.o
    0x08010f18   0x08010f18   0x00000010   Code   RO         5797    i.Max7219_pinCLK_HIGH  max7219.o
    0x08010f28   0x08010f28   0x00000010   Code   RO         5798    i.Max7219_pinCLK_LOW  max7219.o
    0x08010f38   0x08010f38   0x00000014   Code   RO         5799    i.Max7219_pinCS_HIGH  max7219.o
    0x08010f4c   0x08010f4c   0x00000014   Code   RO         5800    i.Max7219_pinCS_LOW  max7219.o
    0x08010f60   0x08010f60   0x00000010   Code   RO         5801    i.Max7219_pinDIN_HIGH  max7219.o
    0x08010f70   0x08010f70   0x00000010   Code   RO         5802    i.Max7219_pinDIN_LOW  max7219.o
    0x08010f80   0x08010f80   0x00000028   Code   RO         5803    i.Max7219_power_init  max7219.o
    0x08010fa8   0x08010fa8   0x00000004   Code   RO           12    i.MemManage_Handler  gd32f10x_it.o
    0x08010fac   0x08010fac   0x00000004   Code   RO           13    i.NMI_Handler       gd32f10x_it.o
    0x08010fb0   0x08010fb0   0x00000028   Code   RO          230    i.NVIC_SetPriority  systick.o
    0x08010fd8   0x08010fd8   0x0000001c   Code   RO          286    i.NetworkToFloat    main.o
    0x08010ff4   0x08010ff4   0x00000004   Code   RO           14    i.PendSV_Handler    gd32f10x_it.o
    0x08010ff8   0x08010ff8   0x00000044   Code   RO           15    i.RTC_IRQHandler    gd32f10x_it.o
    0x0801103c   0x0801103c   0x0000011c   Code   RO         6038    i.ReadSht20         sht2x.o
    0x08011158   0x08011158   0x0000001c   Code   RO         5956    i.SDA_IN            i2c_io.o
    0x08011174   0x08011174   0x00000014   Code   RO         5957    i.SDA_OUT           i2c_io.o
    0x08011188   0x08011188   0x00000050   Code   RO         5958    i.SHT21_Init        i2c_io.o
    0x080111d8   0x080111d8   0x0000000e   Code   RO         6039    i.SHT21_ReadHumidity  sht2x.o
    0x080111e6   0x080111e6   0x0000000e   Code   RO         6040    i.SHT21_ReadTemp    sht2x.o
    0x080111f4   0x080111f4   0x00000080   Code   RO         5245    i.SPI_Eth_Init      bsp_spi_eth.o
    0x08011274   0x08011274   0x00000058   Code   RO         5247    i.SPI_Eth_SendByte  bsp_spi_eth.o
    0x080112cc   0x080112cc   0x00000004   Code   RO           16    i.SVC_Handler       gd32f10x_it.o
    0x080112d0   0x080112d0   0x0000000c   Code   RO           17    i.SysTick_Handler   gd32f10x_it.o
    0x080112dc   0x080112dc   0x000000d4   Code   RO          604    i.SystemInit        system_gd32f10x.o
    0x080113b0   0x080113b0   0x00000064   Code   RO          287    i.TIM4_Configuration  main.o
    0x08011414   0x08011414   0x00000020   Code   RO           18    i.TIMER4_IRQHandler  gd32f10x_it.o
    0x08011434   0x08011434   0x000000dc   Code   RO          288    i.USART0_IRQHandler  main.o
    0x08011510   0x08011510   0x00000070   Code   RO          289    i.USART1_IRQHandler  main.o
    0x08011580   0x08011580   0x00000070   Code   RO         5659    i.USART2_IRQHandler  rs485.o
    0x080115f0   0x080115f0   0x00000004   Code   RO           19    i.UsageFault_Handler  gd32f10x_it.o
    0x080115f4   0x080115f4   0x00000028   Code   RO         5805    i.Write_Max7219     max7219.o
    0x0801161c   0x0801161c   0x0000003e   Code   RO         5806    i.Write_Max7219_byte  max7219.o
    0x0801165a   0x0801165a   0x00000002   PAD
    0x0801165c   0x0801165c   0x000000b8   Code   RO          290    i._Debug2           main.o
    0x08011714   0x08011714   0x00000114   Code   RO         4871    i._Get_UUID         w5500_conf.o
    0x08011828   0x08011828   0x00000020   Code   RO         6332    i.__0printf         mc_w.l(printfa.o)
    0x08011848   0x08011848   0x00000028   Code   RO         6334    i.__0sprintf        mc_w.l(printfa.o)
    0x08011870   0x08011870   0x00000024   Code   RO         6338    i.__0vsprintf       mc_w.l(printfa.o)
    0x08011894   0x08011894   0x0000000e   Code   RO         6418    i.__scatterload_copy  mc_w.l(handlers.o)
    0x080118a2   0x080118a2   0x00000002   Code   RO         6419    i.__scatterload_null  mc_w.l(handlers.o)
    0x080118a4   0x080118a4   0x0000000e   Code   RO         6420    i.__scatterload_zeroinit  mc_w.l(handlers.o)
    0x080118b2   0x080118b2   0x00000002   PAD
    0x080118b4   0x080118b4   0x00000184   Code   RO         6339    i._fp_digits        mc_w.l(printfa.o)
    0x08011a38   0x08011a38   0x000006b4   Code   RO         6340    i._printf_core      mc_w.l(printfa.o)
    0x080120ec   0x080120ec   0x00000024   Code   RO         6341    i._printf_post_padding  mc_w.l(printfa.o)
    0x08012110   0x08012110   0x0000002e   Code   RO         6342    i._printf_pre_padding  mc_w.l(printfa.o)
    0x0801213e   0x0801213e   0x0000000a   Code   RO         6344    i._sputc            mc_w.l(printfa.o)
    0x08012148   0x08012148   0x00000026   Code   RO          291    i.amkor_nc01_crc    main.o
    0x0801216e   0x0801216e   0x00000002   PAD
    0x08012170   0x08012170   0x00000134   Code   RO          292    i.before_amkor_nc01_filter  main.o
    0x080122a4   0x080122a4   0x00000140   Code   RO          293    i.before_amkor_nc01_rs232_filter  main.o
    0x080123e4   0x080123e4   0x00000688   Code   RO          295    i.before_secs_filter  main.o
    0x08012a6c   0x08012a6c   0x00000030   Code   RO          296    i.checkSecsLinkOk   main.o
    0x08012a9c   0x08012a9c   0x00000034   Code   RO         4569    i.close             socket.o
    0x08012ad0   0x08012ad0   0x00000020   Code   RO         4451    i.close_atsocket    attcp.o
    0x08012af0   0x08012af0   0x0000005c   Code   RO         5660    i.confit_rs485      rs485.o
    0x08012b4c   0x08012b4c   0x00000014   Code   RO          231    i.delay_1ms         systick.o
    0x08012b60   0x08012b60   0x00000018   Code   RO          232    i.delay_decrement   systick.o
    0x08012b78   0x08012b78   0x0000000c   Code   RO         4283    i.delay_ms          utility.o
    0x08012b84   0x08012b84   0x00000030   Code   RO         4285    i.delay_us          utility.o
    0x08012bb4   0x08012bb4   0x00000026   Code   RO         4571    i.disconnect        socket.o
    0x08012bda   0x08012bda   0x00000002   PAD
    0x08012bdc   0x08012bdc   0x00000144   Code   RO         4452    i.do_attcp_cmd      attcp.o
    0x08012d20   0x08012d20   0x000001e0   Code   RO         5082    i.do_fw_update      fw_update.o
    0x08012f00   0x08012f00   0x0000014c   Code   RO         5108    i.do_secstcp_cmd    secstcp.o
    0x0801304c   0x0801304c   0x000004dc   Code   RO         4645    i.do_udp_config     udp_config.o
    0x08013528   0x08013528   0x00000058   Code   RO         5145    i.eth_rx_enque      queue.o
    0x08013580   0x08013580   0x000000bc   Code   RO         1853    i.exti_init         gd32f10x_exti.o
    0x0801363c   0x0801363c   0x00000010   Code   RO         1855    i.exti_interrupt_enable  gd32f10x_exti.o
    0x0801364c   0x0801364c   0x0000000c   Code   RO         1856    i.exti_interrupt_flag_clear  gd32f10x_exti.o
    0x08013658   0x08013658   0x00000018   Code   RO         1857    i.exti_interrupt_flag_get  gd32f10x_exti.o
    0x08013670   0x08013670   0x00000022   Code   RO         1939    i.fmc_bank0_ready_wait  gd32f10x_fmc.o
    0x08013692   0x08013692   0x00000002   PAD
    0x08013694   0x08013694   0x00000030   Code   RO         1940    i.fmc_bank0_state_get  gd32f10x_fmc.o
    0x080136c4   0x080136c4   0x00000022   Code   RO         1944    i.fmc_bank1_ready_wait  gd32f10x_fmc.o
    0x080136e6   0x080136e6   0x00000002   PAD
    0x080136e8   0x080136e8   0x00000030   Code   RO         1945    i.fmc_bank1_state_get  gd32f10x_fmc.o
    0x08013718   0x08013718   0x00000020   Code   RO         1947    i.fmc_flag_clear    gd32f10x_fmc.o
    0x08013738   0x08013738   0x0000002c   Code   RO         1954    i.fmc_lock          gd32f10x_fmc.o
    0x08013764   0x08013764   0x000000f8   Code   RO         1956    i.fmc_page_erase    gd32f10x_fmc.o
    0x0801385c   0x0801385c   0x00000044   Code   RO         1957    i.fmc_unlock        gd32f10x_fmc.o
    0x080138a0   0x080138a0   0x000000c0   Code   RO         1958    i.fmc_word_program  gd32f10x_fmc.o
    0x08013960   0x08013960   0x00000024   Code   RO          298    i.fputc             main.o
    0x08013984   0x08013984   0x000000ec   Code   RO         5277    i.gd_eval_com_init  board.o
    0x08013a70   0x08013a70   0x00000034   Code   RO         5630    i.generate_crc16    crc16_xmodem.o
    0x08013aa4   0x08013aa4   0x00000010   Code   RO         4669    i.getGAR            w5500.o
    0x08013ab4   0x08013ab4   0x00000010   Code   RO         4671    i.getIINCHIP_TxMAX  w5500.o
    0x08013ac4   0x08013ac4   0x00000012   Code   RO         4675    i.getSIPR           w5500.o
    0x08013ad6   0x08013ad6   0x00000012   Code   RO         4676    i.getSUBR           w5500.o
    0x08013ae8   0x08013ae8   0x00000012   Code   RO         4677    i.getSn_IR          w5500.o
    0x08013afa   0x08013afa   0x00000054   Code   RO         4678    i.getSn_RX_RSR      w5500.o
    0x08013b4e   0x08013b4e   0x00000012   Code   RO         4679    i.getSn_SR          w5500.o
    0x08013b60   0x08013b60   0x00000054   Code   RO         4680    i.getSn_TX_FSR      w5500.o
    0x08013bb4   0x08013bb4   0x00000054   Code   RO         4874    i.get_config        w5500_conf.o
    0x08013c08   0x08013c08   0x0000002c   Code   RO         5711    i.gio_event_deque   gp_io.o
    0x08013c34   0x08013c34   0x000000ac   Code   RO         5714    i.gp_get_in         gp_io.o
    0x08013ce0   0x08013ce0   0x00000270   Code   RO         5716    i.gp_io_init        gp_io.o
    0x08013f50   0x08013f50   0x00000114   Code   RO         5717    i.gp_set_out        gp_io.o
    0x08014064   0x08014064   0x00000004   Code   RO         2221    i.gpio_bit_reset    gd32f10x_gpio.o
    0x08014068   0x08014068   0x00000004   Code   RO         2222    i.gpio_bit_set      gd32f10x_gpio.o
    0x0801406c   0x0801406c   0x0000000a   Code   RO         2223    i.gpio_bit_write    gd32f10x_gpio.o
    0x08014076   0x08014076   0x00000002   PAD
    0x08014078   0x08014078   0x00000098   Code   RO         2228    i.gpio_exti_source_select  gd32f10x_gpio.o
    0x08014110   0x08014110   0x00000044   Code   RO         4876    i.gpio_for_w5500_config  w5500_conf.o
    0x08014154   0x08014154   0x000000ac   Code   RO         2229    i.gpio_init         gd32f10x_gpio.o
    0x08014200   0x08014200   0x00000010   Code   RO         2230    i.gpio_input_bit_get  gd32f10x_gpio.o
    0x08014210   0x08014210   0x00000090   Code   RO         2235    i.gpio_pin_remap_config  gd32f10x_gpio.o
    0x080142a0   0x080142a0   0x0000000a   Code   RO         4877    i.iinchip_csoff     w5500_conf.o
    0x080142aa   0x080142aa   0x0000000a   Code   RO         4878    i.iinchip_cson      w5500_conf.o
    0x080142b4   0x080142b4   0x00000044   Code   RO         5661    i.init_rs485        rs485.o
    0x080142f8   0x080142f8   0x00000028   Code   RO         5899    i.keypad_init       keypad.o
    0x08014320   0x08014320   0x00000024   Code   RO         5523    i.led_init          led.o
    0x08014344   0x08014344   0x00000028   Code   RO         5524    i.led_off           led.o
    0x0801436c   0x0801436c   0x00000028   Code   RO         5525    i.led_on            led.o
    0x08014394   0x08014394   0x000000e8   Code   RO          299    i.led_spark         main.o
    0x0801447c   0x0801447c   0x00000038   Code   RO         5527    i.led_toggle        led.o
    0x080144b4   0x080144b4   0x0000003e   Code   RO         4572    i.listen            socket.o
    0x080144f2   0x080144f2   0x00000002   PAD
    0x080144f4   0x080144f4   0x0000018c   Code   RO         5901    i.load_nc01_parameters  keypad.o
    0x08014680   0x08014680   0x0000002c   Code   RO          301    i.magnetic_gate_beep_on  main.o
    0x080146ac   0x080146ac   0x00000518   Code   RO          303    i.main              main.o
    0x08014bc4   0x08014bc4   0x00000024   Code   RO          304    i.myputc            main.o
    0x08014be8   0x08014be8   0x0000001a   Code   RO          305    i.myputstr          main.o
    0x08014c02   0x08014c02   0x00000002   PAD
    0x08014c04   0x08014c04   0x00000010   Code   RO         5284    i.nvic_configuration  board.o
    0x08014c14   0x08014c14   0x000000ac   Code   RO         2543    i.nvic_irq_enable   gd32f10x_misc.o
    0x08014cc0   0x08014cc0   0x00000014   Code   RO         2544    i.nvic_priority_group_set  gd32f10x_misc.o
    0x08014cd4   0x08014cd4   0x00000018   Code   RO         2545    i.nvic_vector_table_set  gd32f10x_misc.o
    0x08014cec   0x08014cec   0x000000f0   Code   RO          306    i.process_com1_com2_test  main.o
    0x08014ddc   0x08014ddc   0x000000c4   Code   RO          307    i.process_gpi_filter  main.o
    0x08014ea0   0x08014ea0   0x00000068   Code   RO          308    i.process_rcv_amkor_nc01_cmd  main.o
    0x08014f08   0x08014f08   0x00000090   Code   RO          309    i.process_rcv_amkor_nc01_rs232_cmd  main.o
    0x08014f98   0x08014f98   0x00000046   Code   RO          311    i.process_rcv_secs_cmd  main.o
    0x08014fde   0x08014fde   0x0000002c   Code   RO          312    i.put_test_data_queue  main.o
    0x0801500a   0x0801500a   0x00000002   PAD
    0x0801500c   0x0801500c   0x00000014   Code   RO         2687    i.rcu_all_reset_flag_clear  gd32f10x_rcu.o
    0x08015020   0x08015020   0x00000124   Code   RO         2693    i.rcu_clock_freq_get  gd32f10x_rcu.o
    0x08015144   0x08015144   0x00000024   Code   RO         2696    i.rcu_flag_get      gd32f10x_rcu.o
    0x08015168   0x08015168   0x00000020   Code   RO         2710    i.rcu_periph_clock_enable  gd32f10x_rcu.o
    0x08015188   0x08015188   0x00000020   Code   RO         2713    i.rcu_periph_reset_disable  gd32f10x_rcu.o
    0x080151a8   0x080151a8   0x00000020   Code   RO         2714    i.rcu_periph_reset_enable  gd32f10x_rcu.o
    0x080151c8   0x080151c8   0x00000014   Code   RO         4881    i.reboot            w5500_conf.o
    0x080151dc   0x080151dc   0x00000042   Code   RO         4573    i.recv              socket.o
    0x0801521e   0x0801521e   0x00000002   PAD
    0x08015220   0x08015220   0x00000094   Code   RO         4682    i.recv_data_processing  w5500.o
    0x080152b4   0x080152b4   0x00000200   Code   RO         4574    i.recvfrom          socket.o
    0x080154b4   0x080154b4   0x00000104   Code   RO         5380    i.report_S2F18      secs.o
    0x080155b8   0x080155b8   0x000000dc   Code   RO         5381    i.report_S2F22      secs.o
    0x08015694   0x08015694   0x0000003c   Code   RO          313    i.reset_gpi_filter  main.o
    0x080156d0   0x080156d0   0x0000002c   Code   RO         4883    i.reset_w5500       w5500_conf.o
    0x080156fc   0x080156fc   0x00000014   Code   RO         2919    i.rtc_configuration_mode_enter  gd32f10x_rtc.o
    0x08015710   0x08015710   0x00000014   Code   RO         2920    i.rtc_configuration_mode_exit  gd32f10x_rtc.o
    0x08015724   0x08015724   0x00000014   Code   RO         2921    i.rtc_counter_get   gd32f10x_rtc.o
    0x08015738   0x08015738   0x00000020   Code   RO         2922    i.rtc_counter_set   gd32f10x_rtc.o
    0x08015758   0x08015758   0x00000010   Code   RO         2924    i.rtc_flag_clear    gd32f10x_rtc.o
    0x08015768   0x08015768   0x00000018   Code   RO         2925    i.rtc_flag_get      gd32f10x_rtc.o
    0x08015780   0x08015780   0x00000014   Code   RO         2930    i.rtc_lwoff_wait    gd32f10x_rtc.o
    0x08015794   0x08015794   0x00000038   Code   RO         5199    i.secs_post_received_data  sio.o
    0x080157cc   0x080157cc   0x000000ec   Code   RO         4575    i.send              socket.o
    0x080158b8   0x080158b8   0x00000094   Code   RO         4683    i.send_data_processing  w5500.o
    0x0801594c   0x0801594c   0x0000003c   Code   RO         5109    i.send_secs_socket  secstcp.o
    0x08015988   0x08015988   0x0000003c   Code   RO         4453    i.send_tcp_socket   attcp.o
    0x080159c4   0x080159c4   0x0000010c   Code   RO         4576    i.sendto            socket.o
    0x08015ad0   0x08015ad0   0x00000010   Code   RO         4684    i.setGAR            w5500.o
    0x08015ae0   0x08015ae0   0x00000010   Code   RO         4686    i.setRCR            w5500.o
    0x08015af0   0x08015af0   0x0000001a   Code   RO         4687    i.setRTR            w5500.o
    0x08015b0a   0x08015b0a   0x00000012   Code   RO         4688    i.setSHAR           w5500.o
    0x08015b1c   0x08015b1c   0x00000012   Code   RO         4689    i.setSIPR           w5500.o
    0x08015b2e   0x08015b2e   0x00000012   Code   RO         4690    i.setSUBR           w5500.o
    0x08015b40   0x08015b40   0x00000016   Code   RO         4691    i.setSn_IR          w5500.o
    0x08015b56   0x08015b56   0x00000002   PAD
    0x08015b58   0x08015b58   0x000000a8   Code   RO         4884    i.set_default       w5500_conf.o
    0x08015c00   0x08015c00   0x00000110   Code   RO         4885    i.set_network       w5500_conf.o
    0x08015d10   0x08015d10   0x00000010   Code   RO         5200    i.sio_byte_buf_enqueue  sio.o
    0x08015d20   0x08015d20   0x0000000e   Code   RO         5201    i.sio_byte_buf_flush  sio.o
    0x08015d2e   0x08015d2e   0x00000002   PAD
    0x08015d30   0x08015d30   0x00000038   Code   RO         5202    i.sio_post_received_data  sio.o
    0x08015d68   0x08015d68   0x000000c4   Code   RO         4577    i.socket            socket.o
    0x08015e2c   0x08015e2c   0x00000088   Code   RO         4694    i.socket_buf_init   w5500.o
    0x08015eb4   0x08015eb4   0x0000000c   Code   RO         3323    i.spi_crc_polynomial_set  gd32f10x_spi.o
    0x08015ec0   0x08015ec0   0x0000000a   Code   RO         3327    i.spi_enable        gd32f10x_spi.o
    0x08015eca   0x08015eca   0x00000008   Code   RO         3329    i.spi_i2s_data_receive  gd32f10x_spi.o
    0x08015ed2   0x08015ed2   0x00000004   Code   RO         3330    i.spi_i2s_data_transmit  gd32f10x_spi.o
    0x08015ed6   0x08015ed6   0x00000010   Code   RO         3332    i.spi_i2s_flag_get  gd32f10x_spi.o
    0x08015ee6   0x08015ee6   0x00000032   Code   RO         3336    i.spi_init          gd32f10x_spi.o
    0x08015f18   0x08015f18   0x00000010   Code   RO          316    i.start_TIM4        main.o
    0x08015f28   0x08015f28   0x00000010   Code   RO          317    i.stop_TIM4         main.o
    0x08015f38   0x08015f38   0x0000014c   Code   RO          318    i.switchLEDmode     main.o
    0x08016084   0x08016084   0x000000c4   Code   RO          605    i.system_clock_108m_hxtal  system_gd32f10x.o
    0x08016148   0x08016148   0x00000008   Code   RO          606    i.system_clock_config  system_gd32f10x.o
    0x08016150   0x08016150   0x00000050   Code   RO          233    i.systick_config    systick.o
    0x080161a0   0x080161a0   0x000000f4   Code   RO          319    i.timer4_isr        main.o
    0x08016294   0x08016294   0x000000dc   Code   RO         3540    i.timer_deinit      gd32f10x_timer.o
    0x08016370   0x08016370   0x0000000a   Code   RO         3541    i.timer_disable     gd32f10x_timer.o
    0x0801637a   0x0801637a   0x0000000a   Code   RO         3545    i.timer_enable      gd32f10x_timer.o
    0x08016384   0x08016384   0x000000e0   Code   RO         3555    i.timer_init        gd32f10x_timer.o
    0x08016464   0x08016464   0x00000008   Code   RO         3562    i.timer_interrupt_enable  gd32f10x_timer.o
    0x0801646c   0x0801646c   0x00000006   Code   RO         3563    i.timer_interrupt_flag_clear  gd32f10x_timer.o
    0x08016472   0x08016472   0x00000018   Code   RO         3564    i.timer_interrupt_flag_get  gd32f10x_timer.o
    0x0801648a   0x0801648a   0x00000002   PAD
    0x0801648c   0x0801648c   0x00000090   Code   RO         3941    i.usart_baudrate_set  gd32f10x_usart.o
    0x0801651c   0x0801651c   0x0000000a   Code   RO         3942    i.usart_data_receive  gd32f10x_usart.o
    0x08016526   0x08016526   0x00000008   Code   RO         3943    i.usart_data_transmit  gd32f10x_usart.o
    0x0801652e   0x0801652e   0x00000002   PAD
    0x08016530   0x08016530   0x00000090   Code   RO         3944    i.usart_deinit      gd32f10x_usart.o
    0x080165c0   0x080165c0   0x0000000a   Code   RO         3948    i.usart_enable      gd32f10x_usart.o
    0x080165ca   0x080165ca   0x0000001e   Code   RO         3950    i.usart_flag_get    gd32f10x_usart.o
    0x080165e8   0x080165e8   0x00000014   Code   RO         3954    i.usart_hardware_flow_cts_config  gd32f10x_usart.o
    0x080165fc   0x080165fc   0x00000014   Code   RO         3955    i.usart_hardware_flow_rts_config  gd32f10x_usart.o
    0x08016610   0x08016610   0x0000001a   Code   RO         3957    i.usart_interrupt_enable  gd32f10x_usart.o
    0x0801662a   0x0801662a   0x00000012   Code   RO         3958    i.usart_interrupt_flag_clear  gd32f10x_usart.o
    0x0801663c   0x0801663c   0x00000038   Code   RO         3959    i.usart_interrupt_flag_get  gd32f10x_usart.o
    0x08016674   0x08016674   0x00000010   Code   RO         3969    i.usart_parity_config  gd32f10x_usart.o
    0x08016684   0x08016684   0x00000010   Code   RO         3971    i.usart_receive_config  gd32f10x_usart.o
    0x08016694   0x08016694   0x00000010   Code   RO         3977    i.usart_stop_bit_set  gd32f10x_usart.o
    0x080166a4   0x080166a4   0x00000010   Code   RO         3981    i.usart_transmit_config  gd32f10x_usart.o
    0x080166b4   0x080166b4   0x00000010   Code   RO         3982    i.usart_word_length_set  gd32f10x_usart.o
    0x080166c4   0x080166c4   0x00000030   Code   RO         5146    i.usercmd_deque     queue.o
    0x080166f4   0x080166f4   0x00000068   Code   RO         5147    i.usercmd_enque     queue.o
    0x0801675c   0x0801675c   0x00000014   Code   RO         5479    i.wdt_hw_disable    wdt_hw.o
    0x08016770   0x08016770   0x00000014   Code   RO         5480    i.wdt_hw_enable     wdt_hw.o
    0x08016784   0x08016784   0x00000040   Code   RO         5481    i.wdt_hw_int        wdt_hw.o
    0x080167c4   0x080167c4   0x00000024   Code   RO         5482    i.wdt_hw_set_wdi    wdt_hw.o
    0x080167e8   0x080167e8   0x00000024   Code   RO         4890    i.wiz_cs            w5500_conf.o
    0x0801680c   0x0801680c   0x00000068   Code   RO         4891    i.wiz_read_buf      w5500_conf.o
    0x08016874   0x08016874   0x00000068   Code   RO         4892    i.wiz_write_buf     w5500_conf.o
    0x080168dc   0x080168dc   0x0000008c   Code   RO         4894    i.write_config_to_flash  w5500_conf.o
    0x08016968   0x08016968   0x00000084   Code   RO         4895    i.write_ver_to_flash  w5500_conf.o
    0x080169ec   0x080169ec   0x00000051   Data   RO          321    .constdata          main.o
    0x08016a3d   0x08016a3d   0x00000046   Data   RO         5383    .constdata          secs.o
    0x08016a83   0x08016a83   0x0000002f   Data   RO         5722    .constdata          gp_io.o
    0x08016ab2   0x08016ab2   0x00000002   PAD
    0x08016ab4   0x08016ab4   0x00000048   Data   RO          322    .conststring        main.o
    0x08016afc   0x08016afc   0x00000020   Data   RO         6416    Region$$Table       anon$$obj.o


    Execution Region RW_IRAM1 (Exec base: 0x20000000, Load base: 0x08016b1c, Size: 0x00001cf8, Max: 0x00010000, ABSOLUTE, COMPRESSED[0x0000046c])

    Exec Addr    Load Addr    Size         Type   Attr      Idx    E Section Name        Object

    0x20000000   COMPRESSED   0x00000004   Data   RW          234    .data               systick.o
    0x20000004   COMPRESSED   0x00000094   Data   RW          323    .data               main.o
    0x20000098   COMPRESSED   0x00000004   Data   RW          607    .data               system_gd32f10x.o
    0x2000009c   COMPRESSED   0x0000000c   Data   RW         4455    .data               attcp.o
    0x200000a8   COMPRESSED   0x00000152   Data   RW         4498    .data               auto_update.o
    0x200001fa   COMPRESSED   0x0000000e   Data   RW         4646    .data               udp_config.o
    0x20000208   COMPRESSED   0x00000010   Data   RW         4696    .data               w5500.o
    0x20000218   COMPRESSED   0x00000029   Data   RW         4897    .data               w5500_conf.o
    0x20000241   COMPRESSED   0x00000003   PAD
    0x20000244   COMPRESSED   0x00000017   Data   RW         5084    .data               fw_update.o
    0x2000025b   COMPRESSED   0x00000001   PAD
    0x2000025c   COMPRESSED   0x0000000c   Data   RW         5111    .data               secstcp.o
    0x20000268   COMPRESSED   0x0000007d   Data   RW         5290    .data               board.o
    0x200002e5   COMPRESSED   0x00000003   PAD
    0x200002e8   COMPRESSED   0x000000a4   Data   RW         5384    .data               secs.o
    0x2000038c   COMPRESSED   0x00000004   Data   RW         5578    .data               rtc.o
    0x20000390   COMPRESSED   0x00000200   Data   RW         5631    .data               crc16_xmodem.o
    0x20000590   COMPRESSED   0x00000004   Data   RW         5665    .data               rs485.o
    0x20000594   COMPRESSED   0x00000069   Data   RW         5903    .data               keypad.o
    0x200005fd   COMPRESSED   0x00000003   PAD
    0x20000600   COMPRESSED   0x00000004   Data   RW         6394    .data               mc_w.l(stdout.o)
    0x20000604        -       0x00000080   Zero   RW          320    .bss                main.o
    0x20000684        -       0x00000100   Zero   RW         4454    .bss                attcp.o
    0x20000784        -       0x00000020   Zero   RW         4695    .bss                w5500.o
    0x200007a4        -       0x000000c8   Zero   RW         4896    .bss                w5500_conf.o
    0x2000086c        -       0x00000400   Zero   RW         5083    .bss                fw_update.o
    0x20000c6c        -       0x00000100   Zero   RW         5110    .bss                secstcp.o
    0x20000d6c        -       0x00000840   Zero   RW         5148    .bss                queue.o
    0x200015ac        -       0x00000186   Zero   RW         5203    .bss                sio.o
    0x20001732   COMPRESSED   0x00000002   PAD
    0x20001734        -       0x000001c0   Zero   RW         5721    .bss                gp_io.o
    0x200018f4   COMPRESSED   0x00000004   PAD
    0x200018f8        -       0x00000400   Zero   RW         4269    STACK               startup_gd32f10x_hd.o


==============================================================================

Image component sizes


      Code (inc. data)   RO Data    RW Data    ZI Data      Debug   Object Name

       416         56          0         12        256       2699   attcp.o
         0          0          0        338          0       2247   auto_update.o
       252         32          0        125          0       2060   board.o
       216         20          0          0          0       1226   bsp_spi_eth.o
       104         12          0        512          0       2040   crc16_xmodem.o
       480         58          0         23       1024       1636   fw_update.o
       240         20          0          0          0       6858   gd32f10x_exti.o
       748         66          0          0          0      11407   gd32f10x_fmc.o
       502         12          0          0          0      14708   gd32f10x_gpio.o
       452         68          0          0          0      51367   gd32f10x_it.o
       216         28          0          0          0       2064   gd32f10x_misc.o
       444         52          0          0          0      17394   gd32f10x_rcu.o
       152         36          0          0          0       3958   gd32f10x_rtc.o
       100          0          0          0          0      10015   gd32f10x_spi.o
       502         64          0          0          0      20092   gd32f10x_timer.o
       566         16          0          0          0      16200   gd32f10x_usart.o
      1116         74         47          0        448       6183   gp_io.o
       644         42          0          0          0       5067   i2c_io.o
       436         20          0        105          0       5078   keypad.o
       172         22          0          0          0       2335   led.o
      6266       1414        153        148        128      27339   main.o
       450         40          0          0          0       5517   max7219.o
       240         16          0          0       2112       3254   queue.o
       272         34          0          4          0       1656   rs485.o
         0          0          0          4          0        498   rtc.o
       480        146         70        164          0       3485   secs.o
       392         52          0         12        256       2272   secstcp.o
       312         32          0          0          0       1910   sht2x.o
       142         12          0          0        390       3037   sio.o
      1430         50          0          0          0       6017   socket.o
        36          8        304          0       1024        868   startup_gd32f10x_hd.o
       416         30          0          4          0       2815   system_gd32f10x.o
       164         24          0          4          0      28718   systick.o
      1244         58          0         14          0       2097   udp_config.o
        60          8          0          0          0       2086   utility.o
       838         78          0         16         32      10432   w5500.o
      1756        370          0         41        200      16858   w5500_conf.o
       140         20          0          0          0       1883   wdt_hw.o

    ----------------------------------------------------------------------
     22426       3090        608       1536       5876     305376   Object Totals
         0          0         32          0          0          0   (incl. Generated)
        30          0          2         10          6          0   (incl. Padding)

    ----------------------------------------------------------------------

      Code (inc. data)   RO Data    RW Data    ZI Data      Debug   Library Member Name

        86          0          0          0          0          0   __dczerorl2.o
         0          0          0          0          0          0   entry.o
         0          0          0          0          0          0   entry10a.o
         0          0          0          0          0          0   entry11a.o
         4          0          0          0          0          0   entry12b.o
         8          4          0          0          0          0   entry2.o
         4          0          0          0          0          0   entry5.o
         0          0          0          0          0          0   entry7b.o
         0          0          0          0          0          0   entry8b.o
         8          4          0          0          0          0   entry9a.o
        30          0          0          0          0          0   handlers.o
        36          8          0          0          0         68   init.o
         0          0          0          0          0          0   iusefp.o
        30          0          0          0          0         68   llshl.o
        36          0          0          0          0         68   llsshr.o
        32          0          0          0          0         68   llushr.o
        36          0          0          0          0         68   memcpya.o
        36          0          0          0          0        108   memseta.o
      2304        102          0          0          0        696   printfa.o
         0          0          0          4          0          0   stdout.o
        14          0          0          0          0         68   strlen.o
        24          0          0          0          0         76   strncpy.o
        44          0          0          0          0         80   uidiv.o
        98          0          0          0          0         92   uldiv.o
        48          0          0          0          0         68   cdrcmple.o
        56          0          0          0          0         88   d2f.o
       334          0          0          0          0        148   dadd.o
       222          0          0          0          0        100   ddiv.o
       186          0          0          0          0        176   depilogue.o
        48          0          0          0          0         68   dfixul.o
       228          0          0          0          0         96   dmul.o
        38          0          0          0          0         68   f2d.o
       124          0          0          0          0         88   fdiv.o
       110          0          0          0          0        168   fepilogue.o
        50          0          0          0          0         68   ffixi.o
        10          0          0          0          0         68   ffltui.o
       100          0          0          0          0         76   fmul.o

    ----------------------------------------------------------------------
      4386        118          0          4          0       2740   Library Totals
         2          0          0          0          0          0   (incl. Padding)

    ----------------------------------------------------------------------

      Code (inc. data)   RO Data    RW Data    ZI Data      Debug   Library Name

      2830        118          0          4          0       1460   mc_w.l
      1554          0          0          0          0       1280   mf_w.l

    ----------------------------------------------------------------------
      4386        118          0          4          0       2740   Library Totals

    ----------------------------------------------------------------------

==============================================================================


      Code (inc. data)   RO Data    RW Data    ZI Data      Debug   

     26812       3208        608       1540       5876     295296   Grand Totals
     26812       3208        608       1132       5876     295296   ELF Image Totals (compressed)
     26812       3208        608       1132          0          0   ROM Totals

==============================================================================

    Total RO  Size (Code + RO Data)                27420 (  26.78kB)
    Total RW  Size (RW Data + ZI Data)              7416 (   7.24kB)
    Total ROM Size (Code + RO Data + RW Data)      28552 (  27.88kB)

==============================================================================

