<html>
<body>
<pre>
<h1>µVision Build Log</h1>
<h2>Tool Versions:</h2>
IDE-Version: ¶ÃVision V5.36.0.0
Copyright (C) 2021 ARM Ltd and ARM Germany GmbH. All rights reserved.
License Information: lin steven, yhiot, LIC=GMZI6-DS34X-MMZ9I-TBR7W-LQ26U-HZ04E
 
Tool Versions:
Toolchain:       MDK-ARM Plus  Version: 5.36.0.0
Toolchain Path:  C:\Keil_v5\ARM\ARMCC\Bin
C Compiler:      Armcc.exe V5.06 update 7 (build 960)
Assembler:       Armasm.exe V5.06 update 7 (build 960)
Linker/Locator:  ArmLink.exe V5.06 update 7 (build 960)
Library Manager: ArmAr.exe V5.06 update 7 (build 960)
Hex Converter:   FromElf.exe V5.06 update 7 (build 960)
CPU DLL:         SARMCM3.DLL V5.36.0.0
Dialog DLL:      DCM.DLL V1.17.3.0
Target DLL:      STLink\ST-LINKIII-KEIL_SWO.dll V3.0.9.0
Dialog DLL:      TCM.DLL V1.53.0.0
 
<h2>Project:</h2>
D:\Github\Amkor_Andy\NC01\GD32F10x_NC01_APP\Template\Keil5_project\Project.uvprojx
Project File Date:  05/28/2026

<h2>Output:</h2>
*** Using Compiler 'V5.06 update 7 (build 960)', folder: 'C:\Keil_v5\ARM\ARMCC\Bin'
Rebuild target 'GD32F10X_HD'
compiling gd32f10x_it.c...
..\gd32f10x_it.c(185): warning:  #223-D: function "printf" declared implicitly
  				printf("+");
..\gd32f10x_it.c(276): warning:  #175-D: subscript out of range
  				if(gpi_filter[4].debounce_flag==0)
..\gd32f10x_it.c(277): warning:  #175-D: subscript out of range
  					gpi_filter[4].debounce_flag=1;
..\gd32f10x_it.c(295): warning:  #175-D: subscript out of range
  			if(gpi_filter[5].debounce_flag==0)
..\gd32f10x_it.c(296): warning:  #175-D: subscript out of range
  				gpi_filter[5].debounce_flag=1;
..\gd32f10x_it.c(301): warning:  #175-D: subscript out of range
  			if(gpi_filter[6].debounce_flag==0)
..\gd32f10x_it.c(302): warning:  #175-D: subscript out of range
  				gpi_filter[6].debounce_flag=1;
..\gd32f10x_it.c(307): warning:  #175-D: subscript out of range
  			if(gpi_filter[7].debounce_flag==0)
..\gd32f10x_it.c(308): warning:  #175-D: subscript out of range
  				gpi_filter[7].debounce_flag=1;
..\gd32f10x_it.c(312): warning:  #223-D: function "printf" declared implicitly
  			printf("exti int\n");
..\gd32f10x_it.c: 10 warnings, 0 errors
compiling gd32f10x_enet.c...
compiling system_gd32f10x.c...
compiling gd32f10x_fmc.c...
compiling systick.c...
compiling gd32f10x_can.c...
compiling main.c...
..\main.c(1343): warning:  #550-D: variable "len"  was set but never used
  	int		len = 0;
..\main.c: 1 warning, 0 errors
compiling gd32f10x_bkp.c...
compiling gd32f10x_exmc.c...
compiling gd32f10x_crc.c...
compiling gd32f10x_dbg.c...
compiling gd32f10x_exti.c...
compiling gd32f10x_dac.c...
compiling gd32f10x_dma.c...
compiling gd32f10x_adc.c...
compiling gd32f10x_fwdgt.c...
assembling startup_gd32f10x_hd.s...
compiling gd32f10x_gpio.c...
compiling gd32f10x_i2c.c...
compiling gd32f10x_misc.c...
compiling gd32f10x_pmu.c...
compiling gd32f10x_rcu.c...
compiling gd32f10x_rtc.c...
compiling gd32f10x_spi.c...
compiling gd32f10x_sdio.c...
compiling gd32f10x_wwdgt.c...
compiling gd32f10x_usart.c...
compiling gd32f10x_timer.c...
compiling utility.c...
..\..\Utilities\utility.c(57): warning:  #223-D: function "delay_1ms" declared implicitly
  	delay_1ms(time_ms);
..\..\Utilities\utility.c(90): warning:  #174-D: expression has no effect
          __NOP;
..\..\Utilities\utility.c(25): warning:  #550-D: variable "fac_ms"  was set but never used
  static u16 fac_ms=0;																										/*ms—” ±±∂≥À ˝*/
..\..\Utilities\utility.c: 3 warnings, 0 errors
compiling attcp.c...
compiling config.c...
compiling auto_update.c...
compiling udp_config.c...
..\..\W5500\udp_config.c(53): warning:  #167-D: argument of type "uint8 *" is incompatible with parameter of type "const char *"
  					sendto(SOCK_CONFIG, msg, strlen(msg),bIP, rPort);
..\..\W5500\udp_config.c: 1 warning, 0 errors
compiling socket.c...
compiling w5500.c...
compiling sio.c...
compiling fw_update.c...
..\..\W5500\fw_update.c(57): warning:  #550-D: variable "fmc_state"  was set but never used
  				int fmc_state=-1;				
..\..\W5500\fw_update.c: 1 warning, 0 errors
compiling secstcp.c...
compiling w5500_conf.c...
compiling queue.c...
compiling Crc16_xmodem.c...
compiling bsp_spi_eth.c...
compiling Beep.c...
compiling secs.c...
..\..\SECS\secs.c(189): warning:  #186-D: pointless comparison of unsigned integer with zero
  	if(lflen<0)
..\..\SECS\secs.c: 1 warning, 0 errors
compiling Board.c...
compiling wdt_hw.c...
compiling Led.c...
compiling rtc.c...
compiling rs485.c...
..\..\rs485\rs485.c(91): warning:  #223-D: function "put_test_data_queue" declared implicitly
  			put_test_data_queue((uint8_t*)&inbyte,1,TYPE_COM2);
..\..\rs485\rs485.c: 1 warning, 0 errors
compiling gp_io.c...
..\..\gpio\gp_io.c(277): warning:  #111-D: statement is unreachable
  			break;
..\..\gpio\gp_io.c: 1 warning, 0 errors
compiling max7219.c...
..\..\max7219\max7219.c(104): warning:  #223-D: function "delay_us" declared implicitly
  		delay_us(2);		
..\..\max7219\max7219.c(118): warning:  #223-D: function "delay_us" declared implicitly
  	 delay_us(1);		
..\..\max7219\max7219.c(136): warning:  #223-D: function "delay_us" declared implicitly
  	delay_us(1);	
..\..\max7219\max7219.c(146): warning:  #223-D: function "delay_us" declared implicitly
  	delay_us(10);
..\..\max7219\max7219.c(158): warning:  #223-D: function "delay_ms" declared implicitly
  	delay_ms(800);
..\..\max7219\max7219.c: 5 warnings, 0 errors
compiling keypad.c...
..\..\Keypad\keypad.c(131): warning:  #188-D: enumerated type mixed with another type
  				keypad_op.cur_mode=(++keypad_op.cur_mode)%OP_MAX;
..\..\Keypad\keypad.c(134): warning:  #177-D: variable "num"  was declared but never referenced
  			static uint32_t num=0;
..\..\Keypad\keypad.c(161): warning:  #111-D: statement is unreachable
  		break;
..\..\Keypad\keypad.c(288): warning:  #223-D: function "delay_ms" declared implicitly
  					delay_ms(80);
..\..\Keypad\keypad.c(307): warning:  #68-D: integer conversion resulted in a change of sign
  			status=-1;
..\..\Keypad\keypad.c(396): warning:  #1-D: last line of file ends without a newline
  }
..\..\Keypad\keypad.c: 6 warnings, 0 errors
compiling SHT2x.c...
..\..\SHT_IO\SHT2x.c(21): warning:  #223-D: function "delay_us" declared implicitly
  				delay_us(8);
..\..\SHT_IO\SHT2x.c: 1 warning, 0 errors
compiling I2C_IO.c...
..\..\SHT_IO\I2C_IO.c(74): warning:  #223-D: function "delay_us" declared implicitly
    delay_us(20);
..\..\SHT_IO\I2C_IO.c(86): warning:  #223-D: function "delay_us" declared implicitly
    delay_us(20);
..\..\SHT_IO\I2C_IO.c(96): warning:  #223-D: function "delay_us" declared implicitly
    delay_us(10);
..\..\SHT_IO\I2C_IO.c(117): warning:  #223-D: function "delay_us" declared implicitly
    delay_us(20);
..\..\SHT_IO\I2C_IO.c(128): warning:  #223-D: function "delay_us" declared implicitly
    delay_us(20);
..\..\SHT_IO\I2C_IO.c(146): warning:  #223-D: function "delay_us" declared implicitly
      delay_us(20);
..\..\SHT_IO\I2C_IO.c(152): warning:  #223-D: function "delay_us" declared implicitly
    delay_us(20);
..\..\SHT_IO\I2C_IO.c(164): warning:  #223-D: function "delay_us" declared implicitly
      delay_us(20);
..\..\SHT_IO\I2C_IO.c: 8 warnings, 0 errors
linking...
Program Size: Code=26812 RO-data=608 RW-data=1540 ZI-data=5876  
FromELF: creating hex file...
After Build - User command #1: fromelf.exe D:\Github\Amkor_Andy\NC01\GD32F10x_NC01_APP\Template\Keil5_project\output\nc01-App.axf --vhx --8x1 --output *.hex;fromelf --bin -o "D:\Github\Amkor_Andy\NC01\GD32F10x_NC01_APP\Template\Keil5_project\output\nc01-App.bin" "D:\Github\Amkor_Andy\NC01\GD32F10x_NC01_APP\Template\Keil5_project\output\nc01-App.axf"
".\output\nc01-App.axf" - 0 Error(s), 39 Warning(s).

<h2>Software Packages used:</h2>

Package Vendor: GigaDevice
                https://gd32mcu.com/data/documents/pack/GigaDevice.GD32F10x_DFP.2.3.0.pack
                GigaDevice.GD32F10x_DFP.2.3.0
                GigaDevice GD32F10x Series Device Support and Examples

<h2>Collection of Component include folders:</h2>
  C:\Users\steve\AppData\Local\Arm\Packs\GigaDevice\GD32F10x_DFP\2.3.0\Device\Include

<h2>Collection of Component Files used:</h2>
Build Time Elapsed:  00:00:03
</pre>
</body>
</html>
